Archive member included to satisfy reference by file (symbol)

/home/geo/.cache/arduino/sketches/2B5526253F1E9B21471F995D54529AFE/core/core.a(HardwareSerial.cpp.o)
                              /home/geo/.cache/arduino/sketches/2B5526253F1E9B21471F995D54529AFE/sketch/example-minimal.ino.cpp.o (Serial2)
/home/geo/.cache/arduino/sketches/2B5526253F1E9B21471F995D54529AFE/core/core.a(Print.cpp.o)
                              /home/geo/.cache/arduino/sketches/2B5526253F1E9B21471F995D54529AFE/sketch/example-minimal.ino.cpp.o (Print::print(char const*))
/home/geo/.cache/arduino/sketches/2B5526253F1E9B21471F995D54529AFE/core/core.a(Stream.cpp.o)
                              /home/geo/.cache/arduino/sketches/2B5526253F1E9B21471F995D54529AFE/core/core.a(HardwareSerial.cpp.o) (Stream::readBytes(char*, unsigned int))
/home/geo/.cache/arduino/sketches/2B5526253F1E9B21471F995D54529AFE/core/core.a(WString.cpp.o)
                              /home/geo/.cache/arduino/sketches/2B5526253F1E9B21471F995D54529AFE/core/core.a(Stream.cpp.o) (String::String(char const*))
/home/geo/.cache/arduino/sketches/2B5526253F1E9B21471F995D54529AFE/core/core.a(dtostrf.c.o)
                              /home/geo/.cache/arduino/sketches/2B5526253F1E9B21471F995D54529AFE/core/core.a(WString.cpp.o) (dtostrf)
/home/geo/.cache/arduino/sketches/2B5526253F1E9B21471F995D54529AFE/core/core.a(itoa.c.o)
                              /home/geo/.cache/arduino/sketches/2B5526253F1E9B21471F995D54529AFE/core/core.a(WString.cpp.o) (ltoa)
/home/geo/.cache/arduino/sketches/2B5526253F1E9B21471F995D54529AFE/core/core.a(main.cpp.o)
                              /home/geo/.arduino15/packages/STMicroelectronics/tools/xpack-arm-none-eabi-gcc/12.2.1-1.2/bin/../lib/gcc/arm-none-eabi/12.2.1/../../../../arm-none-eabi/lib/thumb/v7e-m+fp/hard/crt0.o (main)
/home/geo/.cache/arduino/sketches/2B5526253F1E9B21471F995D54529AFE/core/core.a(stm32yyxx_hal.c.o)
                              /home/geo/.cache/arduino/sketches/2B5526253F1E9B21471F995D54529AFE/libraries/SPI/utility/spi_com.c.o (HAL_GetTick)
/home/geo/.cache/arduino/sketches/2B5526253F1E9B21471F995D54529AFE/core/core.a(stm32yyxx_hal_cortex.c.o)
                              /home/geo/.cache/arduino/sketches/2B5526253F1E9B21471F995D54529AFE/core/core.a(main.cpp.o) (HAL_NVIC_SetPriorityGrouping)
/home/geo/.cache/arduino/sketches/2B5526253F1E9B21471F995D54529AFE/core/core.a(stm32yyxx_hal_rcc.c.o)
                              /home/geo/.cache/arduino/sketches/2B5526253F1E9B21471F995D54529AFE/core/variant_NUCLEO_F411RE.cpp.o (HAL_RCC_OscConfig)
/home/geo/.cache/arduino/sketches/2B5526253F1E9B21471F995D54529AFE/core/core.a(stm32yyxx_hal_spi.c.o)
                              /home/geo/.cache/arduino/sketches/2B5526253F1E9B21471F995D54529AFE/libraries/SPI/utility/spi_com.c.o (HAL_SPI_Init)
/home/geo/.cache/arduino/sketches/2B5526253F1E9B21471F995D54529AFE/core/core.a(PortNames.c.o)
                              /home/geo/.cache/arduino/sketches/2B5526253F1E9B21471F995D54529AFE/libraries/SPI/utility/spi_com.c.o (GPIOPort)
/home/geo/.cache/arduino/sketches/2B5526253F1E9B21471F995D54529AFE/core/core.a(clock.c.o)
                              /home/geo/.cache/arduino/sketches/2B5526253F1E9B21471F995D54529AFE/sketch/ICM42688P_Simple.cpp.o (getCurrentMicros)
/home/geo/.cache/arduino/sketches/2B5526253F1E9B21471F995D54529AFE/core/core.a(pinmap.c.o)
                              /home/geo/.cache/arduino/sketches/2B5526253F1E9B21471F995D54529AFE/libraries/SPI/utility/spi_com.c.o (pin_map_ll)
/home/geo/.cache/arduino/sketches/2B5526253F1E9B21471F995D54529AFE/core/core.a(startup_stm32yyxx.S.o)
                              (Reset_Handler)
/home/geo/.cache/arduino/sketches/2B5526253F1E9B21471F995D54529AFE/core/core.a(system_stm32yyxx.c.o)
                              /home/geo/.cache/arduino/sketches/2B5526253F1E9B21471F995D54529AFE/core/core.a(startup_stm32yyxx.S.o) (SystemInit)
/home/geo/.cache/arduino/sketches/2B5526253F1E9B21471F995D54529AFE/core/core.a(uart.c.o)
                              /home/geo/.cache/arduino/sketches/2B5526253F1E9B21471F995D54529AFE/core/core.a(HardwareSerial.cpp.o) (uart_init)
/home/geo/.cache/arduino/sketches/2B5526253F1E9B21471F995D54529AFE/core/core.a(wiring_digital.c.o)
                              /home/geo/.cache/arduino/sketches/2B5526253F1E9B21471F995D54529AFE/sketch/ICM42688P_Simple.cpp.o (pinMode)
/home/geo/.cache/arduino/sketches/2B5526253F1E9B21471F995D54529AFE/core/core.a(wiring_time.c.o)
                              /home/geo/.cache/arduino/sketches/2B5526253F1E9B21471F995D54529AFE/sketch/example-minimal.ino.cpp.o (millis)
/home/geo/.cache/arduino/sketches/2B5526253F1E9B21471F995D54529AFE/core/core.a(WSerial.cpp.o)
                              /home/geo/.cache/arduino/sketches/2B5526253F1E9B21471F995D54529AFE/core/core.a(main.cpp.o) (serialEventRun())
/home/geo/.cache/arduino/sketches/2B5526253F1E9B21471F995D54529AFE/core/core.a(board.c.o)
[...]
Memory Configuration

Name             Origin             Length             Attributes
*default*        0x0000000000000000 0xffffffffffffffff
RAM              0x0000000020000000 0x0000000000020000 xrw
FLASH            0x0000000008000000 0x0000000000080000 xr

Linker script and memory map

START GROUP
LOAD /home/geo/.cache/arduino/sketches/2B5526253F1E9B21471F995D54529AFE/sketch/ICM42688P_Simple.cpp.o
LOAD /home/geo/.cache/arduino/sketches/2B5526253F1E9B21471F995D54529AFE/sketch/example-minimal.ino.cpp.o
LOAD /home/geo/.cache/arduino/sketches/2B5526253F1E9B21471F995D54529AFE/libraries/SPI/SPI.cpp.o
LOAD /home/geo/.cache/arduino/sketches/2B5526253F1E9B21471F995D54529AFE/libraries/SPI/utility/spi_com.c.o
LOAD /home/geo/.cache/arduino/sketches/2B5526253F1E9B21471F995D54529AFE/core/PeripheralPins.c.o
LOAD /home/geo/.cache/arduino/sketches/2B5526253F1E9B21471F995D54529AFE/core/generic_clock.c.o
LOAD /home/geo/.cache/arduino/sketches/2B5526253F1E9B21471F995D54529AFE/core/variant_NUCLEO_F411RE.cpp.o
LOAD /home/geo/.cache/arduino/sketches/2B5526253F1E9B21471F995D54529AFE/core/variant_generic.cpp.o
LOAD /home/geo/.cache/arduino/sketches/2B5526253F1E9B21471F995D54529AFE/core/core.a
LOAD /home/geo/.arduino15/packages/STMicroelectronics/tools/xpack-arm-none-eabi-gcc/12.2.1-1.2/bin/../lib/gcc/arm-none-eabi/12.2.1/../../../../arm-none-eabi/lib/thumb/v7e-m+fp/hard/libc_nano.a
END GROUP
LOAD /home/geo/.arduino15/packages/STMicroelectronics/tools/xpack-arm-none-eabi-gcc/12.2.1-1.2/bin/../lib/gcc/arm-none-eabi/12.2.1/../../../../arm-none-eabi/lib/thumb/v7e-m+fp/hard/libm.a
LOAD /home/geo/.arduino15/packages/STMicroelectronics/tools/xpack-arm-none-eabi-gcc/12.2.1-1.2/bin/../lib/gcc/arm-none-eabi/12.2.1/thumb/v7e-m+fp/hard/libgcc.a
LOAD /home/geo/.arduino15/packages/STMicroelectronics/tools/xpack-arm-none-eabi-gcc/12.2.1-1.2/bin/../lib/gcc/arm-none-eabi/12.2.1/../../../../arm-none-eabi/lib/thumb/v7e-m+fp/hard/libstdc++_nano.a
START GROUP
LOAD /home/geo/.arduino15/packages/STMicroelectronics/tools/xpack-arm-none-eabi-gcc/12.2.1-1.2/bin/../lib/gcc/arm-none-eabi/12.2.1/thumb/v7e-m+fp/hard/libgcc.a
LOAD /home/geo/.arduino15/packages/STMicroelectronics/tools/xpack-arm-none-eabi-gcc/12.2.1-1.2/bin/../lib/gcc/arm-none-eabi/12.2.1/../../../../arm-none-eabi/lib/thumb/v7e-m+fp/hard/libc_nano.a
END GROUP
START GROUP
LOAD /home/geo/.arduino15/packages/STMicroelectronics/tools/xpack-arm-none-eabi-gcc/12.2.1-1.2/bin/../lib/gcc/arm-none-eabi/12.2.1/thumb/v7e-m+fp/hard/libgcc.a
LOAD /home/geo/.arduino15/packages/STMicroelectronics/tools/xpack-arm-none-eabi-gcc/12.2.1-1.2/bin/../lib/gcc/arm-none-eabi/12.2.1/../../../../arm-none-eabi/lib/thumb/v7e-m+fp/hard/libc_nano.a
END GROUP
LOAD /home/geo/.arduino15/packages/STMicroelectronics/tools/xpack-arm-none-eabi-gcc/12.2.1-1.2/bin/../lib/gcc/arm-none-eabi/12.2.1/thumb/v7e-m+fp/hard/crtend.o
LOAD /home/geo/.arduino15/packages/STMicroelectronics/tools/xpack-arm-none-eabi-gcc/12.2.1-1.2/bin/../lib/gcc/arm-none-eabi/12.2.1/thumb/v7e-m+fp/hard/crtn.o
                0x0000000020020000                _estack = (ORIGIN (RAM) + LENGTH (RAM))
                0x0000000000000200                _Min_Heap_Size = 0x200
                0x0000000000000400                _Min_Stack_Size = 0x400

.isr_vector     0x0000000008000000      0x198
                0x0000000008000000                . = ALIGN (0x4)
 *(.isr_vector)
 .isr_vector    0x0000000008000000      0x198 /home/geo/.cache/arduino/sketches/2B5526253F1E9B21471F995D54529AFE/core/core.a(startup_stm32yyxx.S.o)
                0x0000000008000000                g_pfnVectors
                0x0000000008000198                . = ALIGN (0x4)

.text           0x00000000080001a0     0x3fb4
                0x00000000080001a0                . = ALIGN (0x4)
 *(.text)
 .text          0x00000000080001a0       0x10 /home/geo/.arduino15/packages/STMicroelectronics/tools/xpack-arm-none-eabi-gcc/12.2.1-1.2/bin/../lib/gcc/arm-none-eabi/12.2.1/../../../../arm-none-eabi/lib/thumb/v7e-m+fp/hard/libc_nano.a(libc_a-strlen.o)
                0x00000000080001a0                strlen
 .text          0x00000000080001b0       0xa0 /home/geo/.arduino15/packages/STMicroelectronics/tools/xpack-arm-none-eabi-gcc/12.2.1-1.2/bin/../lib/gcc/arm-none-eabi/12.2.1/../../../../arm-none-eabi/lib/thumb/v7e-m+fp/hard/libc_nano.a(libc_a-memchr.o)
                0x00000000080001b0                memchr
 .text          0x0000000008000250       0x30 /home/geo/.arduino15/packages/STMicroelectronics/tools/xpack-arm-none-eabi-gcc/12.2.1-1.2/bin/../lib/gcc/arm-none-eabi/12.2.1/thumb/v7e-m+fp/hard/libgcc.a(_aeabi_uldivmod.o)
                0x0000000008000250                __aeabi_uldivmod
 .text          0x0000000008000280        0x4 /home/geo/.arduino15/packages/STMicroelectronics/tools/xpack-arm-none-eabi-gcc/12.2.1-1.2/bin/../lib/gcc/arm-none-eabi/12.2.1/thumb/v7e-m+fp/hard/libgcc.a(_dvmd_tls.o)
                0x0000000008000280                __aeabi_ldiv0
                0x0000000008000280                __aeabi_idiv0
 *(.text*)
 .text.__do_global_dtors_aux
                0x0000000008000284       0x24 /home/geo/.arduino15/packages/STMicroelectronics/tools/xpack-arm-none-eabi-gcc/12.2.1-1.2/bin/../lib/gcc/arm-none-eabi/12.2.1/thumb/v7e-m+fp/hard/crtbegin.o
 .text.frame_dummy
                0x00000000080002a8       0x1c /home/geo/.arduino15/packages/STMicroelectronics/tools/xpack-arm-none-eabi-gcc/12.2.1-1.2/bin/../lib/gcc/arm-none-eabi/12.2.1/thumb/v7e-m+fp/hard/crtbegin.o
 .text._ZN16ICM42688P_SimpleC2Ev
                0x00000000080002c4       0x14 /home/geo/.cache/arduino/sketches/2B5526253F1E9B21471F995D54529AFE/sketch/ICM42688P_Simple.cpp.o
                0x00000000080002c4                ICM42688P_Simple::ICM42688P_Simple()
                0x00000000080002c4                ICM42688P_Simple::ICM42688P_Simple()
 .text._ZN16ICM42688P_Simple5beginER8SPIClasshm
                0x00000000080002d8       0x3e /home/geo/.cache/arduino/sketches/2B5526253F1E9B21471F995D54529AFE/sketch/ICM42688P_Simple.cpp.o
                0x00000000080002d8                ICM42688P_Simple::begin(SPIClass&, unsigned char, unsigned long)
 *fill*         0x0000000008000316        0x2 
 .text._ZN16ICM42688P_Simple12readRegisterEh
                0x0000000008000318       0x7c /home/geo/.cache/arduino/sketches/2B5526253F1E9B21471F995D54529AFE/sketch/ICM42688P_Simple.cpp.o
                0x0000000008000318                ICM42688P_Simple::readRegister(unsigned char)
 .text._ZN16ICM42688P_Simple10readWhoAmIEv
                0x0000000008000394        0xe /home/geo/.cache/arduino/sketches/2B5526253F1E9B21471F995D54529AFE/sketch/ICM42688P_Simple.cpp.o
                0x0000000008000394                ICM42688P_Simple::readWhoAmI()
 .text._ZN16ICM42688P_Simple11isConnectedEv
                0x00000000080003a2       0x16 /home/geo/.cache/arduino/sketches/2B5526253F1E9B21471F995D54529AFE/sketch/ICM42688P_Simple.cpp.o
                0x00000000080003a2                ICM42688P_Simple::isConnected()
 .text.setup    0x00000000080003b8      0x17c /home/geo/.cache/arduino/sketches/2B5526253F1E9B21471F995D54529AFE/sketch/example-minimal.ino.cpp.o
                0x00000000080003b8                setup
 .text.loop     0x0000000008000534       0x94 /home/geo/.cache/arduino/sketches/2B5526253F1E9B21471F995D54529AFE/sketch/example-minimal.ino.cpp.o
                0x0000000008000534                loop
 .text.startup._GLOBAL__sub_I_imu
                0x00000000080005c8       0x28 /home/geo/.cache/arduino/sketches/2B5526253F1E9B21471F995D54529AFE/sketch/example-minimal.ino.cpp.o
 .text._ZN8SPIClassC2Ev
                0x00000000080005f0       0x28 /home/geo/.cache/arduino/sketches/2B5526253F1E9B21471F995D54529AFE/libraries/SPI/SPI.cpp.o
                0x00000000080005f0                SPIClass::SPIClass()
                0x00000000080005f0                SPIClass::SPIClass()
 .text._ZN8SPIClassC2Emmmm
                0x0000000008000618      0x104 /home/geo/.cache/arduino/sketches/2B5526253F1E9B21471F995D54529AFE/libraries/SPI/SPI.cpp.o
                0x0000000008000618                SPIClass::SPIClass(unsigned long, unsigned long, unsigned long, unsigned long)
                0x0000000008000618                SPIClass::SPIClass(unsigned long, unsigned long, unsigned long, unsigned long)
 .text._ZN8SPIClass5beginE11SPISettings
                0x000000000800071c       0x2a /home/geo/.cache/arduino/sketches/2B5526253F1E9B21471F995D54529AFE/libraries/SPI/SPI.cpp.o
                0x000000000800071c                SPIClass::begin(SPISettings)
 .text._ZN8SPIClass8transferEhb
                0x0000000008000746       0x24 /home/geo/.cache/arduino/sketches/2B5526253F1E9B21471F995D54529AFE/libraries/SPI/SPI.cpp.o
                0x0000000008000746                SPIClass::transfer(unsigned char, bool)
 *fill*         0x000000000800076a        0x2 
 .text.startup._GLOBAL__sub_I_SPI
                0x000000000800076c        0xc /home/geo/.cache/arduino/sketches/2B5526253F1E9B21471F995D54529AFE/libraries/SPI/SPI.cpp.o
 .text.LL_GPIO_SetPinPull
                0x0000000008000778       0x2a /home/geo/.cache/arduino/sketches/2B5526253F1E9B21471F995D54529AFE/libraries/SPI/utility/spi_com.c.o
 *fill*         0x00000000080007a2        0x2 
 .text.spi_getClkFreqInst
                0x00000000080007a4       0x44 /home/geo/.cache/arduino/sketches/2B5526253F1E9B21471F995D54529AFE/libraries/SPI/utility/spi_com.c.o
                0x00000000080007a4                spi_getClkFreqInst
 .text.spi_init
                0x00000000080007e8      0x2a8 /home/geo/.cache/arduino/sketches/2B5526253F1E9B21471F995D54529AFE/libraries/SPI/utility/spi_com.c.o
                0x00000000080007e8                spi_init
 .text.spi_transfer
                0x0000000008000a90       0x5e /home/geo/.cache/arduino/sketches/2B5526253F1E9B21471F995D54529AFE/libraries/SPI/utility/spi_com.c.o
                0x0000000008000a90                spi_transfer
 *fill*         0x0000000008000aee        0x2 
 .text.SystemClock_Config
                0x0000000008000af0       0x98 /home/geo/.cache/arduino/sketches/2B5526253F1E9B21471F995D54529AFE/core/variant_NUCLEO_F411RE.cpp.o
                0x0000000008000af0                SystemClock_Config
 .text._ZN5Print5flushEv
                0x0000000008000b88        0x2 /home/geo/.cache/arduino/sketches/2B5526253F1E9B21471F995D54529AFE/core/core.a(HardwareSerial.cpp.o)
                0x0000000008000b88                Print::flush()
 .text._ZN14HardwareSerial9availableEv
                0x0000000008000b8a       0x10 /home/geo/.cache/arduino/sketches/2B5526253F1E9B21471F995D54529AFE/core/core.a(HardwareSerial.cpp.o)
                0x0000000008000b8a                HardwareSerial::available()
 .text._ZN14HardwareSerial4peekEv
                0x0000000008000b9a       0x1a /home/geo/.cache/arduino/sketches/2B5526253F1E9B21471F995D54529AFE/core/core.a(HardwareSerial.cpp.o)
                0x0000000008000b9a                HardwareSerial::peek()
 .text._ZN14HardwareSerial17availableForWriteEv
                0x0000000008000bb4       0x1c /home/geo/.cache/arduino/sketches/2B5526253F1E9B21471F995D54529AFE/core/core.a(HardwareSerial.cpp.o)
                0x0000000008000bb4                HardwareSerial::availableForWrite()
 .text._ZN14HardwareSerial5writeEh
                0x0000000008000bd0       0x18 /home/geo/.cache/arduino/sketches/2B5526253F1E9B21471F995D54529AFE/core/core.a(HardwareSerial.cpp.o)
                0x0000000008000bd0                HardwareSerial::write(unsigned char)
 .text._ZN14HardwareSerial16_rx_complete_irqEP8serial_s
                0x0000000008000be8       0x36 /home/geo/.cache/arduino/sketches/2B5526253F1E9B21471F995D54529AFE/core/core.a(HardwareSerial.cpp.o)
                0x0000000008000be8                HardwareSerial::_rx_complete_irq(serial_s*)
 *fill*         0x0000000008000c1e        0x2 
 .text._ZN14HardwareSerial16_tx_complete_irqEP8serial_s
                0x0000000008000c20       0x60 /home/geo/.cache/arduino/sketches/2B5526253F1E9B21471F995D54529AFE/core/core.a(HardwareSerial.cpp.o)
                0x0000000008000c20                HardwareSerial::_tx_complete_irq(serial_s*)
 .text._ZN14HardwareSerial5writeEPKhj
                0x0000000008000c80       0xe4 /home/geo/.cache/arduino/sketches/2B5526253F1E9B21471F995D54529AFE/core/core.a(HardwareSerial.cpp.o)
                0x0000000008000c80                HardwareSerial::write(unsigned char const*, unsigned int)
 .text._ZN14HardwareSerial5flushEm
                0x0000000008000d64       0x36 /home/geo/.cache/arduino/sketches/2B5526253F1E9B21471F995D54529AFE/core/core.a(HardwareSerial.cpp.o)
                0x0000000008000d64                HardwareSerial::flush(unsigned long)
 .text._ZN14HardwareSerial4initE7PinNameS0_S0_S0_
                0x0000000008000d9a       0x32 /home/geo/.cache/arduino/sketches/2B5526253F1E9B21471F995D54529AFE/core/core.a(HardwareSerial.cpp.o)
                0x0000000008000d9a                HardwareSerial::init(PinName, PinName, PinName, PinName)
 .text._ZN14HardwareSerial5setRxEm
                0x0000000008000dcc       0x48 /home/geo/.cache/arduino/sketches/2B5526253F1E9B21471F995D54529AFE/core/core.a(HardwareSerial.cpp.o)
                0x0000000008000dcc                HardwareSerial::setRx(unsigned long)
 .text._ZN14HardwareSerial5setTxEm
                0x0000000008000e14       0x48 /home/geo/.cache/arduino/sketches/2B5526253F1E9B21471F995D54529AFE/core/core.a(HardwareSerial.cpp.o)
                0x0000000008000e14                HardwareSerial::setTx(unsigned long)
 .text._ZN14HardwareSerialC2EPv16HalfDuplexMode_t
                0x0000000008000e5c       0x9c /home/geo/.cache/arduino/sketches/2B5526253F1E9B21471F995D54529AFE/core/core.a(HardwareSerial.cpp.o)
                0x0000000008000e5c                HardwareSerial::HardwareSerial(void*, HalfDuplexMode_t)
                0x0000000008000e5c                HardwareSerial::HardwareSerial(void*, HalfDuplexMode_t)
 .text._ZN14HardwareSerial18enableHalfDuplexRxEv
                0x0000000008000ef8       0x2e /home/geo/.cache/arduino/sketches/2B5526253F1E9B21471F995D54529AFE/core/core.a(HardwareSerial.cpp.o)
                0x0000000008000ef8                HardwareSerial::enableHalfDuplexRx()
 *fill*         0x0000000008000f26        0x2 
 .text._ZN14HardwareSerial5beginEmh
                0x0000000008000f28       0x84 /home/geo/.cache/arduino/sketches/2B5526253F1E9B21471F995D54529AFE/core/core.a(HardwareSerial.cpp.o)
                0x0000000008000f28                HardwareSerial::begin(unsigned long, unsigned char)
 .text._ZN14HardwareSerial4readEv
                0x0000000008000fac       0x2e /home/geo/.cache/arduino/sketches/2B5526253F1E9B21471F995D54529AFE/core/core.a(HardwareSerial.cpp.o)
                0x0000000008000fac                HardwareSerial::read()
 *fill*         0x0000000008000fda        0x2 
 .text.startup._GLOBAL__sub_I_Serial2
                0x0000000008000fdc       0x14 /home/geo/.cache/arduino/sketches/2B5526253F1E9B21471F995D54529AFE/core/core.a(HardwareSerial.cpp.o)
 .text._ZN5Print5writeEPKc
                0x0000000008000ff0       0x20 /home/geo/.cache/arduino/sketches/2B5526253F1E9B21471F995D54529AFE/core/core.a(Print.cpp.o)
                0x0000000008000ff0                Print::write(char const*)
 .text._ZN5Print5printEPKc
                0x0000000008001010        0x8 /home/geo/.cache/arduino/sketches/2B5526253F1E9B21471F995D54529AFE/core/core.a(Print.cpp.o)
                0x0000000008001010                Print::print(char const*)
 .text._write   0x0000000008001018       0x22 /home/geo/.cache/arduino/sketches/2B5526253F1E9B21471F995D54529AFE/core/core.a(Print.cpp.o)
                0x0000000008001018                _write
 .text._ZN5Print6printfEPKcz
                0x000000000800103a       0x1a /home/geo/.cache/arduino/sketches/2B5526253F1E9B21471F995D54529AFE/core/core.a(Print.cpp.o)
                0x000000000800103a                Print::printf(char const*, ...)
 .text._ZN6Stream9timedReadEv
                0x0000000008001054       0x2a /home/geo/.cache/arduino/sketches/2B5526253F1E9B21471F995D54529AFE/core/core.a(Stream.cpp.o)
                0x0000000008001054                Stream::timedRead()
 .text._ZN6Stream9readBytesEPcj
                0x000000000800107e       0x22 /home/geo/.cache/arduino/sketches/2B5526253F1E9B21471F995D54529AFE/core/core.a(Stream.cpp.o)
                0x000000000800107e                Stream::readBytes(char*, unsigned int)
 .text._ZN6Stream14readBytesUntilEcPcj
                0x00000000080010a0       0x30 /home/geo/.cache/arduino/sketches/2B5526253F1E9B21471F995D54529AFE/core/core.a(Stream.cpp.o)
                0x00000000080010a0                Stream::readBytesUntil(char, char*, unsigned int)
 .text.startup._Z7premainv
                0x00000000080010d0       0x10 /home/geo/.cache/arduino/sketches/2B5526253F1E9B21471F995D54529AFE/core/core.a(main.cpp.o)
                0x00000000080010d0                premain()
 .text.startup.main
                0x00000000080010e0       0x14 /home/geo/.cache/arduino/sketches/2B5526253F1E9B21471F995D54529AFE/core/core.a(main.cpp.o)
                0x00000000080010e0                main
 .text.HAL_MspInit
                0x00000000080010f4        0x2 /home/geo/.cache/arduino/sketches/2B5526253F1E9B21471F995D54529AFE/core/core.a(stm32yyxx_hal.c.o)
                0x00000000080010f4                HAL_MspInit
 *fill*         0x00000000080010f6        0x2 
 .text.HAL_InitTick
                0x00000000080010f8       0x48 /home/geo/.cache/arduino/sketches/2B5526253F1E9B21471F995D54529AFE/core/core.a(stm32yyxx_hal.c.o)
                0x00000000080010f8                HAL_InitTick
 .text.HAL_Init
                0x0000000008001140       0x34 /home/geo/.cache/arduino/sketches/2B5526253F1E9B21471F995D54529AFE/core/core.a(stm32yyxx_hal.c.o)
                0x0000000008001140                HAL_Init
 .text.HAL_IncTick
                0x0000000008001174       0x18 /home/geo/.cache/arduino/sketches/2B5526253F1E9B21471F995D54529AFE/core/core.a(stm32yyxx_hal.c.o)
                0x0000000008001174                HAL_IncTick
 .text.HAL_GetTick
                0x000000000800118c        0xc /home/geo/.cache/arduino/sketches/2B5526253F1E9B21471F995D54529AFE/core/core.a(stm32yyxx_hal.c.o)
                0x000000000800118c                HAL_GetTick
 .text.HAL_NVIC_SetPriorityGrouping
                0x0000000008001198       0x24 /home/geo/.cache/arduino/sketches/2B5526253F1E9B21471F995D54529AFE/core/core.a(stm32yyxx_hal_cortex.c.o)
                0x0000000008001198                HAL_NVIC_SetPriorityGrouping
 .text.HAL_NVIC_SetPriority
                0x00000000080011bc       0x64 /home/geo/.cache/arduino/sketches/2B5526253F1E9B21471F995D54529AFE/core/core.a(stm32yyxx_hal_cortex.c.o)
                0x00000000080011bc                HAL_NVIC_SetPriority
 .text.HAL_NVIC_EnableIRQ
                0x0000000008001220       0x1c /home/geo/.cache/arduino/sketches/2B5526253F1E9B21471F995D54529AFE/core/core.a(stm32yyxx_hal_cortex.c.o)
                0x0000000008001220                HAL_NVIC_EnableIRQ
 .text.HAL_NVIC_DisableIRQ
                0x000000000800123c       0x24 /home/geo/.cache/arduino/sketches/2B5526253F1E9B21471F995D54529AFE/core/core.a(stm32yyxx_hal_cortex.c.o)
                0x000000000800123c                HAL_NVIC_DisableIRQ
 .text.HAL_SYSTICK_Config
                0x0000000008001260       0x28 /home/geo/.cache/arduino/sketches/2B5526253F1E9B21471F995D54529AFE/core/core.a(stm32yyxx_hal_cortex.c.o)
                0x0000000008001260                HAL_SYSTICK_Config
 .text.HAL_NVIC_ClearPendingIRQ
                0x0000000008001288       0x1c /home/geo/.cache/arduino/sketches/2B5526253F1E9B21471F995D54529AFE/core/core.a(stm32yyxx_hal_cortex.c.o)
                0x0000000008001288                HAL_NVIC_ClearPendingIRQ
 .text.HAL_SYSTICK_Callback
                0x00000000080012a4        0x2 /home/geo/.cache/arduino/sketches/2B5526253F1E9B21471F995D54529AFE/core/core.a(stm32yyxx_hal_cortex.c.o)
                0x00000000080012a4                HAL_SYSTICK_Callback
 .text.HAL_SYSTICK_IRQHandler
                0x00000000080012a6        0x8 /home/geo/.cache/arduino/sketches/2B5526253F1E9B21471F995D54529AFE/core/core.a(stm32yyxx_hal_cortex.c.o)
                0x00000000080012a6                HAL_SYSTICK_IRQHandler
 *fill*         0x00000000080012ae        0x2 
 .text.HAL_RCC_OscConfig
                0x00000000080012b0      0x35c /home/geo/.cache/arduino/sketches/2B5526253F1E9B21471F995D54529AFE/core/core.a(stm32yyxx_hal_rcc.c.o)
                0x00000000080012b0                HAL_RCC_OscConfig
 .text.HAL_RCC_GetSysClockFreq
                0x000000000800160c       0x5c /home/geo/.cache/arduino/sketches/2B5526253F1E9B21471F995D54529AFE/core/core.a(stm32yyxx_hal_rcc.c.o)
                0x000000000800160c                HAL_RCC_GetSysClockFreq
 .text.HAL_RCC_ClockConfig
                0x0000000008001668      0x134 /home/geo/.cache/arduino/sketches/2B5526253F1E9B21471F995D54529AFE/core/core.a(stm32yyxx_hal_rcc.c.o)
                0x0000000008001668                HAL_RCC_ClockConfig
 .text.HAL_RCC_GetPCLK1Freq
                0x000000000800179c       0x20 /home/geo/.cache/arduino/sketches/2B5526253F1E9B21471F995D54529AFE/core/core.a(stm32yyxx_hal_rcc.c.o)
                0x000000000800179c                HAL_RCC_GetPCLK1Freq
 .text.HAL_RCC_GetPCLK2Freq
                0x00000000080017bc       0x20 /home/geo/.cache/arduino/sketches/2B5526253F1E9B21471F995D54529AFE/core/core.a(stm32yyxx_hal_rcc.c.o)
                0x00000000080017bc                HAL_RCC_GetPCLK2Freq
 .text.HAL_SPI_MspInit
                0x00000000080017dc        0x2 /home/geo/.cache/arduino/sketches/2B5526253F1E9B21471F995D54529AFE/core/core.a(stm32yyxx_hal_spi.c.o)
                0x00000000080017dc                HAL_SPI_MspInit
 .text.HAL_SPI_Init
                0x00000000080017de       0xb8 /home/geo/.cache/arduino/sketches/2B5526253F1E9B21471F995D54529AFE/core/core.a(stm32yyxx_hal_spi.c.o)
                0x00000000080017de                HAL_SPI_Init
 *fill*         0x0000000008001896        0x2 
 .text.set_GPIO_Port_Clock
                0x0000000008001898       0xd0 /home/geo/.cache/arduino/sketches/2B5526253F1E9B21471F995D54529AFE/core/core.a(PortNames.c.o)
                0x0000000008001898                set_GPIO_Port_Clock
 .text.getCurrentMillis
                0x0000000008001968        0x4 /home/geo/.cache/arduino/sketches/2B5526253F1E9B21471F995D54529AFE/core/core.a(clock.c.o)
                0x0000000008001968                getCurrentMillis
 .text.noOsSystickHandler
                0x000000000800196c        0x2 /home/geo/.cache/arduino/sketches/2B5526253F1E9B21471F995D54529AFE/core/core.a(clock.c.o)
                0x000000000800196c                noOsSystickHandler
                0x000000000800196c                osSystickHandler
 .text.SysTick_Handler
                0x000000000800196e       0x10 /home/geo/.cache/arduino/sketches/2B5526253F1E9B21471F995D54529AFE/core/core.a(clock.c.o)
                0x000000000800196e                SysTick_Handler
 .text.configHSECapacitorTuning
                0x000000000800197e        0x2 /home/geo/.cache/arduino/sketches/2B5526253F1E9B21471F995D54529AFE/core/core.a(clock.c.o)
                0x000000000800197e                configHSECapacitorTuning
 .text.configIPClock
                0x0000000008001980       0x4c /home/geo/.cache/arduino/sketches/2B5526253F1E9B21471F995D54529AFE/core/core.a(clock.c.o)
                0x0000000008001980                configIPClock
 .text.LL_GPIO_SetPinPull
                0x00000000080019cc       0x2a /home/geo/.cache/arduino/sketches/2B5526253F1E9B21471F995D54529AFE/core/core.a(pinmap.c.o)
 .text.pin_in_pinmap
                0x00000000080019f6       0x1e /home/geo/.cache/arduino/sketches/2B5526253F1E9B21471F995D54529AFE/core/core.a(pinmap.c.o)
                0x00000000080019f6                pin_in_pinmap
 .text.pin_function
                0x0000000008001a14      0x11c /home/geo/.cache/arduino/sketches/2B5526253F1E9B21471F995D54529AFE/core/core.a(pinmap.c.o)
                0x0000000008001a14                pin_function
 .text.pinmap_pinout
                0x0000000008001b30       0x1a /home/geo/.cache/arduino/sketches/2B5526253F1E9B21471F995D54529AFE/core/core.a(pinmap.c.o)
                0x0000000008001b30                pinmap_pinout
 .text.pinmap_find_peripheral
                0x0000000008001b4a       0x16 /home/geo/.cache/arduino/sketches/2B5526253F1E9B21471F995D54529AFE/core/core.a(pinmap.c.o)
                0x0000000008001b4a                pinmap_find_peripheral
 .text.pinmap_peripheral
                0x0000000008001b60        0xc /home/geo/.cache/arduino/sketches/2B5526253F1E9B21471F995D54529AFE/core/core.a(pinmap.c.o)
                0x0000000008001b60                pinmap_peripheral
 .text.pinmap_find_pin
                0x0000000008001b6c       0x16 /home/geo/.cache/arduino/sketches/2B5526253F1E9B21471F995D54529AFE/core/core.a(pinmap.c.o)
                0x0000000008001b6c                pinmap_find_pin
 .text.pinmap_pin
                0x0000000008001b82        0xc /home/geo/.cache/arduino/sketches/2B5526253F1E9B21471F995D54529AFE/core/core.a(pinmap.c.o)
                0x0000000008001b82                pinmap_pin
 .text.pinmap_merge_peripheral
                0x0000000008001b8e       0x14 /home/geo/.cache/arduino/sketches/2B5526253F1E9B21471F995D54529AFE/core/core.a(pinmap.c.o)
                0x0000000008001b8e                pinmap_merge_peripheral
 *fill*         0x0000000008001ba2        0x2 
 .text.Reset_Handler
                0x0000000008001ba4       0x50 /home/geo/.cache/arduino/sketches/2B5526253F1E9B21471F995D54529AFE/core/core.a(startup_stm32yyxx.S.o)
                0x0000000008001ba4                Reset_Handler
 .text.Default_Handler
                0x0000000008001bf4        0x2 /home/geo/.cache/arduino/sketches/2B5526253F1E9B21471F995D54529AFE/core/core.a(startup_stm32yyxx.S.o)
                0x0000000008001bf4                RTC_Alarm_IRQHandler
                0x0000000008001bf4                EXTI2_IRQHandler
                0x0000000008001bf4                DebugMon_Handler
                0x0000000008001bf4                SPI4_IRQHandler
                0x0000000008001bf4                DMA2_Stream5_IRQHandler
                0x0000000008001bf4                HardFault_Handler
                0x0000000008001bf4                DMA1_Stream5_IRQHandler
                0x0000000008001bf4                PVD_IRQHandler
                0x0000000008001bf4                SDIO_IRQHandler
                0x0000000008001bf4                TAMP_STAMP_IRQHandler
                0x0000000008001bf4                PendSV_Handler
                0x0000000008001bf4                NMI_Handler
                0x0000000008001bf4                EXTI3_IRQHandler
                0x0000000008001bf4                I2C3_ER_IRQHandler
                0x0000000008001bf4                EXTI0_IRQHandler
                0x0000000008001bf4                I2C2_EV_IRQHandler
                0x0000000008001bf4                DMA1_Stream2_IRQHandler
                0x0000000008001bf4                FPU_IRQHandler
                0x0000000008001bf4                UsageFault_Handler
                0x0000000008001bf4                DMA2_Stream2_IRQHandler
                0x0000000008001bf4                SPI1_IRQHandler
                0x0000000008001bf4                DMA2_Stream3_IRQHandler
                0x0000000008001bf4                DMA2_Stream0_IRQHandler
                0x0000000008001bf4                I2C1_EV_IRQHandler
                0x0000000008001bf4                DMA1_Stream6_IRQHandler
                0x0000000008001bf4                DMA1_Stream1_IRQHandler
                0x0000000008001bf4                RCC_IRQHandler
                0x0000000008001bf4                Default_Handler
                0x0000000008001bf4                EXTI15_10_IRQHandler
                0x0000000008001bf4                ADC_IRQHandler
                0x0000000008001bf4                DMA1_Stream7_IRQHandler
                0x0000000008001bf4                SPI5_IRQHandler
                0x0000000008001bf4                DMA2_Stream7_IRQHandler
                0x0000000008001bf4                I2C3_EV_IRQHandler
                0x0000000008001bf4                EXTI9_5_IRQHandler
                0x0000000008001bf4                RTC_WKUP_IRQHandler
                0x0000000008001bf4                SPI2_IRQHandler
                0x0000000008001bf4                MemManage_Handler
                0x0000000008001bf4                DMA1_Stream0_IRQHandler
                0x0000000008001bf4                SVC_Handler
                0x0000000008001bf4                EXTI4_IRQHandler
                0x0000000008001bf4                WWDG_IRQHandler
                0x0000000008001bf4                OTG_FS_WKUP_IRQHandler
                0x0000000008001bf4                EXTI1_IRQHandler
                0x0000000008001bf4                I2C2_ER_IRQHandler
                0x0000000008001bf4                DMA2_Stream1_IRQHandler
                0x0000000008001bf4                FLASH_IRQHandler
                0x0000000008001bf4                DMA2_Stream4_IRQHandler
                0x0000000008001bf4                BusFault_Handler
                0x0000000008001bf4                OTG_FS_IRQHandler
                0x0000000008001bf4                SPI3_IRQHandler
                0x0000000008001bf4                DMA1_Stream4_IRQHandler
                0x0000000008001bf4                I2C1_ER_IRQHandler
                0x0000000008001bf4                DMA2_Stream6_IRQHandler
                0x0000000008001bf4                DMA1_Stream3_IRQHandler
 *fill*         0x0000000008001bf6        0x2 
 .text.SystemInit
                0x0000000008001bf8       0x50 /home/geo/.cache/arduino/sketches/2B5526253F1E9B21471F995D54529AFE/core/core.a(system_stm32yyxx.c.o)
                0x0000000008001bf8                SystemInit
 .text.uart_init.part.0
                0x0000000008001c48      0x1c8 /home/geo/.cache/arduino/sketches/2B5526253F1E9B21471F995D54529AFE/core/core.a(uart.c.o)
 .text.uart_init
                0x0000000008001e10       0x16 /home/geo/.cache/arduino/sketches/2B5526253F1E9B21471F995D54529AFE/core/core.a(uart.c.o)
                0x0000000008001e10                uart_init
 *fill*         0x0000000008001e26        0x2 
 .text.uart_debug_init
                0x0000000008001e28       0x3c /home/geo/.cache/arduino/sketches/2B5526253F1E9B21471F995D54529AFE/core/core.a(uart.c.o)
                0x0000000008001e28                uart_debug_init
 .text.serial_rx_active
                0x0000000008001e64       0x24 /home/geo/.cache/arduino/sketches/2B5526253F1E9B21471F995D54529AFE/core/core.a(uart.c.o)
                0x0000000008001e64                serial_rx_active
 .text.serial_tx_active
                0x0000000008001e88       0x24 /home/geo/.cache/arduino/sketches/2B5526253F1E9B21471F995D54529AFE/core/core.a(uart.c.o)
                0x0000000008001e88                serial_tx_active
 .text.uart_debug_write
                0x0000000008001eac       0xcc /home/geo/.cache/arduino/sketches/2B5526253F1E9B21471F995D54529AFE/core/core.a(uart.c.o)
                0x0000000008001eac                uart_debug_write
 .text.uart_getc
                0x0000000008001f78       0x38 /home/geo/.cache/arduino/sketches/2B5526253F1E9B21471F995D54529AFE/core/core.a(uart.c.o)
                0x0000000008001f78                uart_getc
 .text.uart_attach_rx_callback
                0x0000000008001fb0       0x40 /home/geo/.cache/arduino/sketches/2B5526253F1E9B21471F995D54529AFE/core/core.a(uart.c.o)
                0x0000000008001fb0                uart_attach_rx_callback
 .text.uart_attach_tx_callback
                0x0000000008001ff0       0x40 /home/geo/.cache/arduino/sketches/2B5526253F1E9B21471F995D54529AFE/core/core.a(uart.c.o)
                0x0000000008001ff0                uart_attach_tx_callback
 .text.uart_enable_tx
                0x0000000008002030       0x1c /home/geo/.cache/arduino/sketches/2B5526253F1E9B21471F995D54529AFE/core/core.a(uart.c.o)
                0x0000000008002030                uart_enable_tx
 .text.uart_enable_rx
                0x000000000800204c       0x1c /home/geo/.cache/arduino/sketches/2B5526253F1E9B21471F995D54529AFE/core/core.a(uart.c.o)
                0x000000000800204c                uart_enable_rx
 .text.HAL_UART_RxCpltCallback
                0x0000000008002068        0x6 /home/geo/.cache/arduino/sketches/2B5526253F1E9B21471F995D54529AFE/core/core.a(uart.c.o)
                0x0000000008002068                HAL_UART_RxCpltCallback
 .text.HAL_UART_TxCpltCallback
                0x000000000800206e        0x6 /home/geo/.cache/arduino/sketches/2B5526253F1E9B21471F995D54529AFE/core/core.a(uart.c.o)
                0x000000000800206e                HAL_UART_TxCpltCallback
 .text.HAL_UART_ErrorCallback
                0x0000000008002074       0x7c /home/geo/.cache/arduino/sketches/2B5526253F1E9B21471F995D54529AFE/core/core.a(uart.c.o)
                0x0000000008002074                HAL_UART_ErrorCallback
 .text.USART1_IRQHandler
                0x00000000080020f0       0x18 /home/geo/.cache/arduino/sketches/2B5526253F1E9B21471F995D54529AFE/core/core.a(uart.c.o)
                0x00000000080020f0                USART1_IRQHandler
 .text.USART2_IRQHandler
                0x0000000008002108       0x1c /home/geo/.cache/arduino/sketches/2B5526253F1E9B21471F995D54529AFE/core/core.a(uart.c.o)
                0x0000000008002108                USART2_IRQHandler
 .text.USART6_IRQHandler
                0x0000000008002124       0x18 /home/geo/.cache/arduino/sketches/2B5526253F1E9B21471F995D54529AFE/core/core.a(uart.c.o)
                0x0000000008002124                USART6_IRQHandler
 .text.pinMode  0x000000000800213c       0xbc /home/geo/.cache/arduino/sketches/2B5526253F1E9B21471F995D54529AFE/core/core.a(wiring_digital.c.o)
                0x000000000800213c                pinMode
 .text.digitalWrite
                0x00000000080021f8       0x70 /home/geo/.cache/arduino/sketches/2B5526253F1E9B21471F995D54529AFE/core/core.a(wiring_digital.c.o)
                0x00000000080021f8                digitalWrite
 .text.millis   0x0000000008002268        0x4 /home/geo/.cache/arduino/sketches/2B5526253F1E9B21471F995D54529AFE/core/core.a(wiring_time.c.o)
                0x0000000008002268                millis
 .text.delay    0x000000000800226c       0x1c /home/geo/.cache/arduino/sketches/2B5526253F1E9B21471F995D54529AFE/core/core.a(wiring_time.c.o)
                0x000000000800226c                delay
 .text._Z14serialEventRunv
                0x0000000008002288       0x1c /home/geo/.cache/arduino/sketches/2B5526253F1E9B21471F995D54529AFE/core/core.a(WSerial.cpp.o)
                0x0000000008002288                serialEventRun()
 .text.init     0x00000000080022a4        0x4 /home/geo/.cache/arduino/sketches/2B5526253F1E9B21471F995D54529AFE/core/core.a(board.c.o)
                0x00000000080022a4                init
 .text.__empty  0x00000000080022a8        0x2 /home/geo/.cache/arduino/sketches/2B5526253F1E9B21471F995D54529AFE/core/core.a(hooks.c.o)
                0x00000000080022a8                yield
 .text.HAL_DMA_Abort
                0x00000000080022aa       0x7c /home/geo/.cache/arduino/sketches/2B5526253F1E9B21471F995D54529AFE/core/core.a(stm32yyxx_hal_dma.c.o)
                0x00000000080022aa                HAL_DMA_Abort
 .text.HAL_DMA_Abort_IT
                0x0000000008002326       0x24 /home/geo/.cache/arduino/sketches/2B5526253F1E9B21471F995D54529AFE/core/core.a(stm32yyxx_hal_dma.c.o)
                0x0000000008002326                HAL_DMA_Abort_IT
 .text.UART_EndRxTransfer
                0x000000000800234a       0x5c /home/geo/.cache/arduino/sketches/2B5526253F1E9B21471F995D54529AFE/core/core.a(stm32yyxx_hal_uart.c.o)
 *fill*         0x00000000080023a6        0x2 
 .text.UART_SetConfig
                0x00000000080023a8       0xbc /home/geo/.cache/arduino/sketches/2B5526253F1E9B21471F995D54529AFE/core/core.a(stm32yyxx_hal_uart.c.o)
 .text.UART_WaitOnFlagUntilTimeout.constprop.0
                0x0000000008002464       0x64 /home/geo/.cache/arduino/sketches/2B5526253F1E9B21471F995D54529AFE/core/core.a(stm32yyxx_hal_uart.c.o)
 .text.HAL_UART_MspInit
                0x00000000080024c8        0x2 /home/geo/.cache/arduino/sketches/2B5526253F1E9B21471F995D54529AFE/core/core.a(stm32yyxx_hal_uart.c.o)
                0x00000000080024c8                HAL_UART_MspInit
 .text.HAL_UART_Init
                0x00000000080024ca       0x5e /home/geo/.cache/arduino/sketches/2B5526253F1E9B21471F995D54529AFE/core/core.a(stm32yyxx_hal_uart.c.o)
                0x00000000080024ca                HAL_UART_Init
 .text.HAL_HalfDuplex_Init
                0x0000000008002528       0x66 /home/geo/.cache/arduino/sketches/2B5526253F1E9B21471F995D54529AFE/core/core.a(stm32yyxx_hal_uart.c.o)
                0x0000000008002528                HAL_HalfDuplex_Init
 .text.HAL_UART_Transmit
                0x000000000800258e       0x9c /home/geo/.cache/arduino/sketches/2B5526253F1E9B21471F995D54529AFE/core/core.a(stm32yyxx_hal_uart.c.o)
                0x000000000800258e                HAL_UART_Transmit
 .text.HAL_UART_Transmit_IT
                0x000000000800262a       0x32 /home/geo/.cache/arduino/sketches/2B5526253F1E9B21471F995D54529AFE/core/core.a(stm32yyxx_hal_uart.c.o)
                0x000000000800262a                HAL_UART_Transmit_IT
 .text.UART_DMAAbortOnError
                0x000000000800265c       0x10 /home/geo/.cache/arduino/sketches/2B5526253F1E9B21471F995D54529AFE/core/core.a(stm32yyxx_hal_uart.c.o)
 .text.HAL_UARTEx_RxEventCallback
                0x000000000800266c        0x2 /home/geo/.cache/arduino/sketches/2B5526253F1E9B21471F995D54529AFE/core/core.a(stm32yyxx_hal_uart.c.o)
                0x000000000800266c                HAL_UARTEx_RxEventCallback
 .text.UART_Receive_IT.isra.0
                0x000000000800266e       0xb6 /home/geo/.cache/arduino/sketches/2B5526253F1E9B21471F995D54529AFE/core/core.a(stm32yyxx_hal_uart.c.o)
 .text.HAL_UART_IRQHandler
                0x0000000008002724      0x2dc /home/geo/.cache/arduino/sketches/2B5526253F1E9B21471F995D54529AFE/core/core.a(stm32yyxx_hal_uart.c.o)
                0x0000000008002724                HAL_UART_IRQHandler
 .text.HAL_HalfDuplex_EnableTransmitter
                0x0000000008002a00       0x30 /home/geo/.cache/arduino/sketches/2B5526253F1E9B21471F995D54529AFE/core/core.a(stm32yyxx_hal_uart.c.o)
                0x0000000008002a00                HAL_HalfDuplex_EnableTransmitter
 .text.HAL_HalfDuplex_EnableReceiver
                0x0000000008002a30       0x30 /home/geo/.cache/arduino/sketches/2B5526253F1E9B21471F995D54529AFE/core/core.a(stm32yyxx_hal_uart.c.o)
                0x0000000008002a30                HAL_HalfDuplex_EnableReceiver
 .text.HAL_UART_GetState
                0x0000000008002a60        0xc /home/geo/.cache/arduino/sketches/2B5526253F1E9B21471F995D54529AFE/core/core.a(stm32yyxx_hal_uart.c.o)
                0x0000000008002a60                HAL_UART_GetState
 .text.UART_Start_Receive_IT
                0x0000000008002a6c       0x32 /home/geo/.cache/arduino/sketches/2B5526253F1E9B21471F995D54529AFE/core/core.a(stm32yyxx_hal_uart.c.o)
                0x0000000008002a6c                UART_Start_Receive_IT
 .text.HAL_UART_Receive_IT
                0x0000000008002a9e       0x22 /home/geo/.cache/arduino/sketches/2B5526253F1E9B21471F995D54529AFE/core/core.a(stm32yyxx_hal_uart.c.o)
                0x0000000008002a9e                HAL_UART_Receive_IT
 .text.pwm_stop
                0x0000000008002ac0       0x5c /home/geo/.cache/arduino/sketches/2B5526253F1E9B21471F995D54529AFE/core/core.a(analog.cpp.o)
                0x0000000008002ac0                pwm_stop
 .text.hw_config_init
                0x0000000008002b1c       0x24 /home/geo/.cache/arduino/sketches/2B5526253F1E9B21471F995D54529AFE/core/core.a(hw_config.c.o)
                0x0000000008002b1c                hw_config_init
 .text._ZNSt8functionIFvvEEaSEDn.isra.0
                0x0000000008002b40       0x16 /home/geo/.cache/arduino/sketches/2B5526253F1E9B21471F995D54529AFE/core/core.a(HardwareTimer.cpp.o)
 .text._ZNSt14_Function_baseD2Ev
                0x0000000008002b56       0x12 /home/geo/.cache/arduino/sketches/2B5526253F1E9B21471F995D54529AFE/core/core.a(HardwareTimer.cpp.o)
                0x0000000008002b56                std::_Function_base::~_Function_base()
                0x0000000008002b56                std::_Function_base::~_Function_base()
 .text._Z15get_timer_indexP11TIM_TypeDef
                0x0000000008002b68       0x68 /home/geo/.cache/arduino/sketches/2B5526253F1E9B21471F995D54529AFE/core/core.a(HardwareTimer.cpp.o)
                0x0000000008002b68                get_timer_index(TIM_TypeDef*)
 .text._ZN13HardwareTimerD2Ev
                0x0000000008002bd0       0x40 /home/geo/.cache/arduino/sketches/2B5526253F1E9B21471F995D54529AFE/core/core.a(HardwareTimer.cpp.o)
                0x0000000008002bd0                HardwareTimer::~HardwareTimer()
                0x0000000008002bd0                HardwareTimer::~HardwareTimer()
 .text._ZN13HardwareTimer5setupEP11TIM_TypeDef
                0x0000000008002c10       0x90 /home/geo/.cache/arduino/sketches/2B5526253F1E9B21471F995D54529AFE/core/core.a(HardwareTimer.cpp.o)
                0x0000000008002c10                HardwareTimer::setup(TIM_TypeDef*)
 .text.TIM1_UP_TIM10_IRQHandler
                0x0000000008002ca0       0x24 /home/geo/.cache/arduino/sketches/2B5526253F1E9B21471F995D54529AFE/core/core.a(HardwareTimer.cpp.o)
                0x0000000008002ca0                TIM1_UP_TIM10_IRQHandler
 .text.TIM1_CC_IRQHandler
                0x0000000008002cc4       0x14 /home/geo/.cache/arduino/sketches/2B5526253F1E9B21471F995D54529AFE/core/core.a(HardwareTimer.cpp.o)
                0x0000000008002cc4                TIM1_CC_IRQHandler
 .text.TIM2_IRQHandler
                0x0000000008002cd8       0x14 /home/geo/.cache/arduino/sketches/2B5526253F1E9B21471F995D54529AFE/core/core.a(HardwareTimer.cpp.o)
                0x0000000008002cd8                TIM2_IRQHandler
 .text.TIM3_IRQHandler
                0x0000000008002cec       0x14 /home/geo/.cache/arduino/sketches/2B5526253F1E9B21471F995D54529AFE/core/core.a(HardwareTimer.cpp.o)
                0x0000000008002cec                TIM3_IRQHandler
 .text.TIM4_IRQHandler
                0x0000000008002d00       0x14 /home/geo/.cache/arduino/sketches/2B5526253F1E9B21471F995D54529AFE/core/core.a(HardwareTimer.cpp.o)
                0x0000000008002d00                TIM4_IRQHandler
 .text.TIM5_IRQHandler
                0x0000000008002d14       0x14 /home/geo/.cache/arduino/sketches/2B5526253F1E9B21471F995D54529AFE/core/core.a(HardwareTimer.cpp.o)
                0x0000000008002d14                TIM5_IRQHandler
 .text.TIM1_BRK_TIM9_IRQHandler
                0x0000000008002d28       0x14 /home/geo/.cache/arduino/sketches/2B5526253F1E9B21471F995D54529AFE/core/core.a(HardwareTimer.cpp.o)
                0x0000000008002d28                TIM1_BRK_TIM9_IRQHandler
 .text.TIM1_TRG_COM_TIM11_IRQHandler
                0x0000000008002d3c       0x14 /home/geo/.cache/arduino/sketches/2B5526253F1E9B21471F995D54529AFE/core/core.a(HardwareTimer.cpp.o)
                0x0000000008002d3c                TIM1_TRG_COM_TIM11_IRQHandler
 .text._ZNSt8functionIFvvEEC2Ev
                0x0000000008002d50        0xc /home/geo/.cache/arduino/sketches/2B5526253F1E9B21471F995D54529AFE/core/core.a(HardwareTimer.cpp.o)
                0x0000000008002d50                std::function<void ()>::function()
                0x0000000008002d50                std::function<void ()>::function()
 .text._ZN13HardwareTimerC2EP11TIM_TypeDef
                0x0000000008002d5c       0x2a /home/geo/.cache/arduino/sketches/2B5526253F1E9B21471F995D54529AFE/core/core.a(HardwareTimer.cpp.o)
                0x0000000008002d5c                HardwareTimer::HardwareTimer(TIM_TypeDef*)
                0x0000000008002d5c                HardwareTimer::HardwareTimer(TIM_TypeDef*)
 .text._ZNKSt8functionIFvvEEclEv
                0x0000000008002d86       0x12 /home/geo/.cache/arduino/sketches/2B5526253F1E9B21471F995D54529AFE/core/core.a(HardwareTimer.cpp.o)
                0x0000000008002d86                std::function<void ()>::operator()() const
 .text._ZN13HardwareTimer14updateCallbackEP17TIM_HandleTypeDef
                0x0000000008002d98       0x18 /home/geo/.cache/arduino/sketches/2B5526253F1E9B21471F995D54529AFE/core/core.a(HardwareTimer.cpp.o)
                0x0000000008002d98                HardwareTimer::updateCallback(TIM_HandleTypeDef*)
 .text.HAL_TIM_PeriodElapsedCallback
                0x0000000008002db0        0x4 /home/geo/.cache/arduino/sketches/2B5526253F1E9B21471F995D54529AFE/core/core.a(HardwareTimer.cpp.o)
                0x0000000008002db0                HAL_TIM_PeriodElapsedCallback
 .text._ZN13HardwareTimer22captureCompareCallbackEP17TIM_HandleTypeDef
                0x0000000008002db4       0x3e /home/geo/.cache/arduino/sketches/2B5526253F1E9B21471F995D54529AFE/core/core.a(HardwareTimer.cpp.o)
                0x0000000008002db4                HardwareTimer::captureCompareCallback(TIM_HandleTypeDef*)
 .text.HAL_TIM_OC_DelayElapsedCallback
                0x0000000008002df2        0x4 /home/geo/.cache/arduino/sketches/2B5526253F1E9B21471F995D54529AFE/core/core.a(HardwareTimer.cpp.o)
                0x0000000008002df2                HAL_TIM_OC_DelayElapsedCallback
 .text.HAL_TIM_IC_CaptureCallback
                0x0000000008002df6        0x4 /home/geo/.cache/arduino/sketches/2B5526253F1E9B21471F995D54529AFE/core/core.a(HardwareTimer.cpp.o)
                0x0000000008002df6                HAL_TIM_IC_CaptureCallback
 .text._Znwj    0x0000000008002dfa        0x4 /home/geo/.cache/arduino/sketches/2B5526253F1E9B21471F995D54529AFE/core/core.a(new.cpp.o)
                0x0000000008002dfa                operator new(unsigned int)
 .text._ZdlPvj  0x0000000008002dfe        0x4 /home/geo/.cache/arduino/sketches/2B5526253F1E9B21471F995D54529AFE/core/core.a(new.cpp.o)
                0x0000000008002dfe                operator delete(void*, unsigned int)
 .text.HAL_CRC_MspInit
                0x0000000008002e02        0x2 /home/geo/.cache/arduino/sketches/2B5526253F1E9B21471F995D54529AFE/core/core.a(stm32yyxx_hal_crc.c.o)
                0x0000000008002e02                HAL_CRC_MspInit
 .text.HAL_CRC_Init
                0x0000000008002e04       0x20 /home/geo/.cache/arduino/sketches/2B5526253F1E9B21471F995D54529AFE/core/core.a(stm32yyxx_hal_crc.c.o)
                0x0000000008002e04                HAL_CRC_Init
 .text.HAL_TIM_PWM_PulseFinishedCallback
                0x0000000008002e24        0x2 /home/geo/.cache/arduino/sketches/2B5526253F1E9B21471F995D54529AFE/core/core.a(stm32yyxx_hal_tim.c.o)
                0x0000000008002e24                HAL_TIM_PWM_PulseFinishedCallback
 .text.HAL_TIM_TriggerCallback
                0x0000000008002e26        0x2 /home/geo/.cache/arduino/sketches/2B5526253F1E9B21471F995D54529AFE/core/core.a(stm32yyxx_hal_tim.c.o)
                0x0000000008002e26                HAL_TIM_TriggerCallback
 .text.HAL_TIM_IRQHandler
                0x0000000008002e28      0x128 /home/geo/.cache/arduino/sketches/2B5526253F1E9B21471F995D54529AFE/core/core.a(stm32yyxx_hal_tim.c.o)
                0x0000000008002e28                HAL_TIM_IRQHandler
 .text.TIM_Base_SetConfig
                0x0000000008002f50       0x88 /home/geo/.cache/arduino/sketches/2B5526253F1E9B21471F995D54529AFE/core/core.a(stm32yyxx_hal_tim.c.o)
                0x0000000008002f50                TIM_Base_SetConfig
 .text.HAL_TIM_Base_Init
                0x0000000008002fd8       0x58 /home/geo/.cache/arduino/sketches/2B5526253F1E9B21471F995D54529AFE/core/core.a(stm32yyxx_hal_tim.c.o)
                0x0000000008002fd8                HAL_TIM_Base_Init
 .text.HAL_TIMEx_CommutCallback
                0x0000000008003030        0x2 /home/geo/.cache/arduino/sketches/2B5526253F1E9B21471F995D54529AFE/core/core.a(stm32yyxx_hal_tim_ex.c.o)
                0x0000000008003030                HAL_TIMEx_CommutCallback
 .text.HAL_TIMEx_BreakCallback
                0x0000000008003032        0x2 /home/geo/.cache/arduino/sketches/2B5526253F1E9B21471F995D54529AFE/core/core.a(stm32yyxx_hal_tim_ex.c.o)
                0x0000000008003032                HAL_TIMEx_BreakCallback
 .text.dwt_init
                0x0000000008003034       0x3c /home/geo/.cache/arduino/sketches/2B5526253F1E9B21471F995D54529AFE/core/core.a(dwt.c.o)
                0x0000000008003034                dwt_init
 .text.get_timer_obj
                0x0000000008003070        0x4 /home/geo/.cache/arduino/sketches/2B5526253F1E9B21471F995D54529AFE/core/core.a(timer.c.o)
                0x0000000008003070                get_timer_obj
 .text.enableTimerClock
                0x0000000008003074      0x128 /home/geo/.cache/arduino/sketches/2B5526253F1E9B21471F995D54529AFE/core/core.a(timer.c.o)
                0x0000000008003074                enableTimerClock
 .text.disableTimerClock
                0x000000000800319c       0xb4 /home/geo/.cache/arduino/sketches/2B5526253F1E9B21471F995D54529AFE/core/core.a(timer.c.o)
                0x000000000800319c                disableTimerClock
 .text.getTimerUpIrq
                0x0000000008003250       0x74 /home/geo/.cache/arduino/sketches/2B5526253F1E9B21471F995D54529AFE/core/core.a(timer.c.o)
                0x0000000008003250                getTimerUpIrq
 .text.getTimerCCIrq
                0x00000000080032c4       0x78 /home/geo/.cache/arduino/sketches/2B5526253F1E9B21471F995D54529AFE/core/core.a(timer.c.o)
                0x00000000080032c4                getTimerCCIrq
 .text.HAL_TIM_Base_MspInit
                0x000000000800333c       0x4e /home/geo/.cache/arduino/sketches/2B5526253F1E9B21471F995D54529AFE/core/core.a(timer.c.o)
                0x000000000800333c                HAL_TIM_Base_MspInit
 *fill*         0x000000000800338a        0x2 
 .text.malloc   0x000000000800338c       0x10 /home/geo/.arduino15/packages/STMicroelectronics/tools/xpack-arm-none-eabi-gcc/12.2.1-1.2/bin/../lib/gcc/arm-none-eabi/12.2.1/../../../../arm-none-eabi/lib/thumb/v7e-m+fp/hard/libc_nano.a(libc_a-malloc.o)
                0x000000000800338c                malloc
 .text.free     0x000000000800339c       0x10 /home/geo/.arduino15/packages/STMicroelectronics/tools/xpack-arm-none-eabi-gcc/12.2.1-1.2/bin/../lib/gcc/arm-none-eabi/12.2.1/../../../../arm-none-eabi/lib/thumb/v7e-m+fp/hard/libc_nano.a(libc_a-malloc.o)
                0x000000000800339c                free
 .text.sbrk_aligned
                0x00000000080033ac       0x44 /home/geo/.arduino15/packages/STMicroelectronics/tools/xpack-arm-none-eabi-gcc/12.2.1-1.2/bin/../lib/gcc/arm-none-eabi/12.2.1/../../../../arm-none-eabi/lib/thumb/v7e-m+fp/hard/libc_nano.a(libc_a-mallocr.o)
 .text._malloc_r
                0x00000000080033f0       0xf0 /home/geo/.arduino15/packages/STMicroelectronics/tools/xpack-arm-none-eabi-gcc/12.2.1-1.2/bin/../lib/gcc/arm-none-eabi/12.2.1/../../../../arm-none-eabi/lib/thumb/v7e-m+fp/hard/libc_nano.a(libc_a-mallocr.o)
                0x00000000080033f0                _malloc_r
 .text.__malloc_lock
                0x00000000080034e0        0xc /home/geo/.arduino15/packages/STMicroelectronics/tools/xpack-arm-none-eabi-gcc/12.2.1-1.2/bin/../lib/gcc/arm-none-eabi/12.2.1/../../../../arm-none-eabi/lib/thumb/v7e-m+fp/hard/libc_nano.a(libc_a-mlock.o)
                0x00000000080034e0                __malloc_lock
 .text.__malloc_unlock
                0x00000000080034ec        0xc /home/geo/.arduino15/packages/STMicroelectronics/tools/xpack-arm-none-eabi-gcc/12.2.1-1.2/bin/../lib/gcc/arm-none-eabi/12.2.1/../../../../arm-none-eabi/lib/thumb/v7e-m+fp/hard/libc_nano.a(libc_a-mlock.o)
                0x00000000080034ec                __malloc_unlock
 .text._realloc_r
                0x00000000080034f8       0x5c /home/geo/.arduino15/packages/STMicroelectronics/tools/xpack-arm-none-eabi-gcc/12.2.1-1.2/bin/../lib/gcc/arm-none-eabi/12.2.1/../../../../arm-none-eabi/lib/thumb/v7e-m+fp/hard/libc_nano.a(libc_a-reallocr.o)
                0x00000000080034f8                _realloc_r
 .text._vdprintf_r
                0x0000000008003554       0x4a /home/geo/.arduino15/packages/STMicroelectronics/tools/xpack-arm-none-eabi-gcc/12.2.1-1.2/bin/../lib/gcc/arm-none-eabi/12.2.1/../../../../arm-none-eabi/lib/thumb/v7e-m+fp/hard/libc_nano.a(libc_a-vdprintf.o)
                0x0000000008003554                _vdprintf_r
                0x0000000008003554                _vdiprintf_r
 *fill*         0x000000000800359e        0x2 
 .text.vdprintf
                0x00000000080035a0       0x14 /home/geo/.arduino15/packages/STMicroelectronics/tools/xpack-arm-none-eabi-gcc/12.2.1-1.2/bin/../lib/gcc/arm-none-eabi/12.2.1/../../../../arm-none-eabi/lib/thumb/v7e-m+fp/hard/libc_nano.a(libc_a-vdprintf.o)
                0x00000000080035a0                vdiprintf
                0x00000000080035a0                vdprintf
 .text._vasnprintf_r
                0x00000000080035b4       0x5e /home/geo/.arduino15/packages/STMicroelectronics/tools/xpack-arm-none-eabi-gcc/12.2.1-1.2/bin/../lib/gcc/arm-none-eabi/12.2.1/../../../../arm-none-eabi/lib/thumb/v7e-m+fp/hard/libc_nano.a(libc_a-vasnprintf.o)
                0x00000000080035b4                _vasniprintf_r
                0x00000000080035b4                _vasnprintf_r
 .text.memmove  0x0000000008003612       0x34 /home/geo/.arduino15/packages/STMicroelectronics/tools/xpack-arm-none-eabi-gcc/12.2.1-1.2/bin/../lib/gcc/arm-none-eabi/12.2.1/../../../../arm-none-eabi/lib/thumb/v7e-m+fp/hard/libc_nano.a(libc_a-memmove.o)
                0x0000000008003612                memmove
 .text.memset   0x0000000008003646       0x10 /home/geo/.arduino15/packages/STMicroelectronics/tools/xpack-arm-none-eabi-gcc/12.2.1-1.2/bin/../lib/gcc/arm-none-eabi/12.2.1/../../../../arm-none-eabi/lib/thumb/v7e-m+fp/hard/libc_nano.a(libc_a-memset.o)
                0x0000000008003646                memset
 *fill*         0x0000000008003656        0x2 
 .text._sbrk_r  0x0000000008003658       0x20 /home/geo/.arduino15/packages/STMicroelectronics/tools/xpack-arm-none-eabi-gcc/12.2.1-1.2/bin/../lib/gcc/arm-none-eabi/12.2.1/../../../../arm-none-eabi/lib/thumb/v7e-m+fp/hard/libc_nano.a(libc_a-sbrkr.o)
                0x0000000008003658                _sbrk_r
 .text._write_r
                0x0000000008003678       0x24 /home/geo/.arduino15/packages/STMicroelectronics/tools/xpack-arm-none-eabi-gcc/12.2.1-1.2/bin/../lib/gcc/arm-none-eabi/12.2.1/../../../../arm-none-eabi/lib/thumb/v7e-m+fp/hard/libc_nano.a(libc_a-writer.o)
                0x0000000008003678                _write_r
 .text.__libc_init_array
                0x000000000800369c       0x48 /home/geo/.arduino15/packages/STMicroelectronics/tools/xpack-arm-none-eabi-gcc/12.2.1-1.2/bin/../lib/gcc/arm-none-eabi/12.2.1/../../../../arm-none-eabi/lib/thumb/v7e-m+fp/hard/libc_nano.a(libc_a-init.o)
                0x000000000800369c                __libc_init_array
 .text.__retarget_lock_acquire_recursive
                0x00000000080036e4        0x2 /home/geo/.arduino15/packages/STMicroelectronics/tools/xpack-arm-none-eabi-gcc/12.2.1-1.2/bin/../lib/gcc/arm-none-eabi/12.2.1/../../../../arm-none-eabi/lib/thumb/v7e-m+fp/hard/libc_nano.a(libc_a-lock.o)
                0x00000000080036e4                __retarget_lock_acquire_recursive
 .text.__retarget_lock_release_recursive
                0x00000000080036e6        0x2 /home/geo/.arduino15/packages/STMicroelectronics/tools/xpack-arm-none-eabi-gcc/12.2.1-1.2/bin/../lib/gcc/arm-none-eabi/12.2.1/../../../../arm-none-eabi/lib/thumb/v7e-m+fp/hard/libc_nano.a(libc_a-lock.o)
                0x00000000080036e6                __retarget_lock_release_recursive
 .text.memcpy   0x00000000080036e8       0x1c /home/geo/.arduino15/packages/STMicroelectronics/tools/xpack-arm-none-eabi-gcc/12.2.1-1.2/bin/../lib/gcc/arm-none-eabi/12.2.1/../../../../arm-none-eabi/lib/thumb/v7e-m+fp/hard/libc_nano.a(libc_a-memcpy-stub.o)
                0x00000000080036e8                memcpy
 .text._free_r  0x0000000008003704       0x94 /home/geo/.arduino15/packages/STMicroelectronics/tools/xpack-arm-none-eabi-gcc/12.2.1-1.2/bin/../lib/gcc/arm-none-eabi/12.2.1/../../../../arm-none-eabi/lib/thumb/v7e-m+fp/hard/libc_nano.a(libc_a-freer.o)
                0x0000000008003704                _free_r
 .text._malloc_usable_size_r
                0x0000000008003798       0x10 /home/geo/.arduino15/packages/STMicroelectronics/tools/xpack-arm-none-eabi-gcc/12.2.1-1.2/bin/../lib/gcc/arm-none-eabi/12.2.1/../../../../arm-none-eabi/lib/thumb/v7e-m+fp/hard/libc_nano.a(libc_a-msizer.o)
                0x0000000008003798                _malloc_usable_size_r
 .text.__ssputs_r
                0x00000000080037a8       0xb6 /home/geo/.arduino15/packages/STMicroelectronics/tools/xpack-arm-none-eabi-gcc/12.2.1-1.2/bin/../lib/gcc/arm-none-eabi/12.2.1/../../../../arm-none-eabi/lib/thumb/v7e-m+fp/hard/libc_nano.a(libc_a-nano-svfprintf.o)
                0x00000000080037a8                __ssputs_r
 *fill*         0x000000000800385e        0x2 
 .text._svfprintf_r
                0x0000000008003860      0x1f8 /home/geo/.arduino15/packages/STMicroelectronics/tools/xpack-arm-none-eabi-gcc/12.2.1-1.2/bin/../lib/gcc/arm-none-eabi/12.2.1/../../../../arm-none-eabi/lib/thumb/v7e-m+fp/hard/libc_nano.a(libc_a-nano-svfprintf.o)
                0x0000000008003860                _svfprintf_r
                0x0000000008003860                _svfiprintf_r
 .text._printf_common
                0x0000000008003a58       0xda /home/geo/.arduino15/packages/STMicroelectronics/tools/xpack-arm-none-eabi-gcc/12.2.1-1.2/bin/../lib/gcc/arm-none-eabi/12.2.1/../../../../arm-none-eabi/lib/thumb/v7e-m+fp/hard/libc_nano.a(libc_a-nano-vfprintf_i.o)
                0x0000000008003a58                _printf_common
 *fill*         0x0000000008003b32        0x2 
 .text._printf_i
                0x0000000008003b34      0x258 /home/geo/.arduino15/packages/STMicroelectronics/tools/xpack-arm-none-eabi-gcc/12.2.1-1.2/bin/../lib/gcc/arm-none-eabi/12.2.1/../../../../arm-none-eabi/lib/thumb/v7e-m+fp/hard/libc_nano.a(libc_a-nano-vfprintf_i.o)
                0x0000000008003b34                _printf_i
 .text.abort    0x0000000008003d8c        0xe /home/geo/.arduino15/packages/STMicroelectronics/tools/xpack-arm-none-eabi-gcc/12.2.1-1.2/bin/../lib/gcc/arm-none-eabi/12.2.1/../../../../arm-none-eabi/lib/thumb/v7e-m+fp/hard/libc_nano.a(libc_a-abort.o)
                0x0000000008003d8c                abort
 .text._raise_r
                0x0000000008003d9a       0x50 /home/geo/.arduino15/packages/STMicroelectronics/tools/xpack-arm-none-eabi-gcc/12.2.1-1.2/bin/../lib/gcc/arm-none-eabi/12.2.1/../../../../arm-none-eabi/lib/thumb/v7e-m+fp/hard/libc_nano.a(libc_a-signal.o)
                0x0000000008003d9a                _raise_r
 *fill*         0x0000000008003dea        0x2 
 .text.raise    0x0000000008003dec       0x10 /home/geo/.arduino15/packages/STMicroelectronics/tools/xpack-arm-none-eabi-gcc/12.2.1-1.2/bin/../lib/gcc/arm-none-eabi/12.2.1/../../../../arm-none-eabi/lib/thumb/v7e-m+fp/hard/libc_nano.a(libc_a-signal.o)
                0x0000000008003dec                raise
 .text._kill_r  0x0000000008003dfc       0x24 /home/geo/.arduino15/packages/STMicroelectronics/tools/xpack-arm-none-eabi-gcc/12.2.1-1.2/bin/../lib/gcc/arm-none-eabi/12.2.1/../../../../arm-none-eabi/lib/thumb/v7e-m+fp/hard/libc_nano.a(libc_a-signalr.o)
                0x0000000008003dfc                _kill_r
 .text._getpid_r
                0x0000000008003e20        0x4 /home/geo/.arduino15/packages/STMicroelectronics/tools/xpack-arm-none-eabi-gcc/12.2.1-1.2/bin/../lib/gcc/arm-none-eabi/12.2.1/../../../../arm-none-eabi/lib/thumb/v7e-m+fp/hard/libc_nano.a(libc_a-signalr.o)
                0x0000000008003e20                _getpid_r
 .text._sbrk    0x0000000008003e24       0x3c /home/geo/.cache/arduino/sketches/2B5526253F1E9B21471F995D54529AFE/core/core.a(syscalls.c.o)
                0x0000000008003e24                _sbrk
 .text._exit    0x0000000008003e60        0x2 /home/geo/.cache/arduino/sketches/2B5526253F1E9B21471F995D54529AFE/core/core.a(syscalls.c.o)
                0x0000000008003e60                _exit
 *fill*         0x0000000008003e62        0x2 
 .text._kill    0x0000000008003e64       0x10 /home/geo/.cache/arduino/sketches/2B5526253F1E9B21471F995D54529AFE/core/core.a(syscalls.c.o)
                0x0000000008003e64                _kill
 .text._getpid  0x0000000008003e74        0x4 /home/geo/.cache/arduino/sketches/2B5526253F1E9B21471F995D54529AFE/core/core.a(syscalls.c.o)
                0x0000000008003e74                _getpid
 .text.__udivmoddi4
                0x0000000008003e78      0x2bc /home/geo/.arduino15/packages/STMicroelectronics/tools/xpack-arm-none-eabi-gcc/12.2.1-1.2/bin/../lib/gcc/arm-none-eabi/12.2.1/thumb/v7e-m+fp/hard/libgcc.a(_udivmoddi4.o)
                0x0000000008003e78                __udivmoddi4
 .text.unlikely._ZSt25__throw_bad_function_callv
                0x0000000008004134        0x6 /home/geo/.arduino15/packages/STMicroelectronics/tools/xpack-arm-none-eabi-gcc/12.2.1-1.2/bin/../lib/gcc/arm-none-eabi/12.2.1/../../../../arm-none-eabi/lib/thumb/v7e-m+fp/hard/libstdc++_nano.a(functional.o)
                0x0000000008004134                std::__throw_bad_function_call()
 *(.glue_7)
 .glue_7        0x000000000800413a        0x0 linker stubs
 *(.glue_7t)
 .glue_7t       0x000000000800413a        0x0 linker stubs
 *(.eh_frame)
 *fill*         0x000000000800413a        0x2 
 .eh_frame      0x000000000800413c        0x0 /home/geo/.arduino15/packages/STMicroelectronics/tools/xpack-arm-none-eabi-gcc/12.2.1-1.2/bin/../lib/gcc/arm-none-eabi/12.2.1/thumb/v7e-m+fp/hard/crtbegin.o
 *(.init)
 .init          0x000000000800413c        0x4 /home/geo/.arduino15/packages/STMicroelectronics/tools/xpack-arm-none-eabi-gcc/12.2.1-1.2/bin/../lib/gcc/arm-none-eabi/12.2.1/thumb/v7e-m+fp/hard/crti.o
                0x000000000800413c                _init
 .init          0x0000000008004140        0x8 /home/geo/.arduino15/packages/STMicroelectronics/tools/xpack-arm-none-eabi-gcc/12.2.1-1.2/bin/../lib/gcc/arm-none-eabi/12.2.1/thumb/v7e-m+fp/hard/crtn.o
 *(.fini)
 .fini          0x0000000008004148        0x4 /home/geo/.arduino15/packages/STMicroelectronics/tools/xpack-arm-none-eabi-gcc/12.2.1-1.2/bin/../lib/gcc/arm-none-eabi/12.2.1/thumb/v7e-m+fp/hard/crti.o
                0x0000000008004148                _fini
 .fini          0x000000000800414c        0x8 /home/geo/.arduino15/packages/STMicroelectronics/tools/xpack-arm-none-eabi-gcc/12.2.1-1.2/bin/../lib/gcc/arm-none-eabi/12.2.1/thumb/v7e-m+fp/hard/crtn.o
                0x0000000008004154                . = ALIGN (0x4)
                0x0000000008004154                _etext = .

.vfp11_veneer   0x0000000008004154        0x0
 .vfp11_veneer  0x0000000008004154        0x0 linker stubs

.v4_bx          0x0000000008004154        0x0
 .v4_bx         0x0000000008004154        0x0 linker stubs

.iplt           0x0000000008004154        0x0
 .iplt          0x0000000008004154        0x0 /home/geo/.arduino15/packages/STMicroelectronics/tools/xpack-arm-none-eabi-gcc/12.2.1-1.2/bin/../lib/gcc/arm-none-eabi/12.2.1/thumb/v7e-m+fp/hard/crtbegin.o

.rodata         0x0000000008004154      0xa00
                0x0000000008004154                . = ALIGN (0x4)
 *(.rodata)
 *(.rodata*)
 .rodata.setup.str1.1
                0x0000000008004154      0x32c /home/geo/.cache/arduino/sketches/2B5526253F1E9B21471F995D54529AFE/sketch/example-minimal.ino.cpp.o
 .rodata.loop.str1.1
                0x0000000008004480       0x4f /home/geo/.cache/arduino/sketches/2B5526253F1E9B21471F995D54529AFE/sketch/example-minimal.ino.cpp.o
 *fill*         0x00000000080044cf        0x1 
 .rodata.PinMap_SPI_SSEL
                0x00000000080044d0       0x6c /home/geo/.cache/arduino/sketches/2B5526253F1E9B21471F995D54529AFE/core/PeripheralPins.c.o
                0x00000000080044d0                PinMap_SPI_SSEL
 .rodata.PinMap_SPI_SCLK
                0x000000000800453c       0x84 /home/geo/.cache/arduino/sketches/2B5526253F1E9B21471F995D54529AFE/core/PeripheralPins.c.o
                0x000000000800453c                PinMap_SPI_SCLK
 .rodata.PinMap_SPI_MISO
                0x00000000080045c0       0x6c /home/geo/.cache/arduino/sketches/2B5526253F1E9B21471F995D54529AFE/core/PeripheralPins.c.o
                0x00000000080045c0                PinMap_SPI_MISO
 .rodata.PinMap_SPI_MOSI
                0x000000000800462c       0x78 /home/geo/.cache/arduino/sketches/2B5526253F1E9B21471F995D54529AFE/core/PeripheralPins.c.o
                0x000000000800462c                PinMap_SPI_MOSI
 .rodata.PinMap_UART_CTS
                0x00000000080046a4       0x24 /home/geo/.cache/arduino/sketches/2B5526253F1E9B21471F995D54529AFE/core/PeripheralPins.c.o
                0x00000000080046a4                PinMap_UART_CTS
 .rodata.PinMap_UART_RTS
                0x00000000080046c8       0x24 /home/geo/.cache/arduino/sketches/2B5526253F1E9B21471F995D54529AFE/core/PeripheralPins.c.o
                0x00000000080046c8                PinMap_UART_RTS
 .rodata.PinMap_UART_RX
                0x00000000080046ec       0x54 /home/geo/.cache/arduino/sketches/2B5526253F1E9B21471F995D54529AFE/core/PeripheralPins.c.o
                0x00000000080046ec                PinMap_UART_RX
 .rodata.PinMap_UART_TX
                0x0000000008004740       0x54 /home/geo/.cache/arduino/sketches/2B5526253F1E9B21471F995D54529AFE/core/PeripheralPins.c.o
                0x0000000008004740                PinMap_UART_TX
 .rodata.PinMap_TIM
                0x0000000008004794      0x1ec /home/geo/.cache/arduino/sketches/2B5526253F1E9B21471F995D54529AFE/core/PeripheralPins.c.o
                0x0000000008004794                PinMap_TIM
 .rodata.analogInputPin
                0x0000000008004980       0x40 /home/geo/.cache/arduino/sketches/2B5526253F1E9B21471F995D54529AFE/core/variant_NUCLEO_F411RE.cpp.o
                0x0000000008004980                analogInputPin
 .rodata.digitalPin
                0x00000000080049c0       0xd0 /home/geo/.cache/arduino/sketches/2B5526253F1E9B21471F995D54529AFE/core/variant_NUCLEO_F411RE.cpp.o
                0x00000000080049c0                digitalPin
 .rodata.CSWTCH.73
                0x0000000008004a90        0x5 /home/geo/.cache/arduino/sketches/2B5526253F1E9B21471F995D54529AFE/core/core.a(HardwareSerial.cpp.o)
 *fill*         0x0000000008004a95        0x3 
 .rodata._ZTV14HardwareSerial
                0x0000000008004a98       0x30 /home/geo/.cache/arduino/sketches/2B5526253F1E9B21471F995D54529AFE/core/core.a(HardwareSerial.cpp.o)
                0x0000000008004a98                vtable for HardwareSerial
 .rodata.pin_map_ll
                0x0000000008004ac8       0x40 /home/geo/.cache/arduino/sketches/2B5526253F1E9B21471F995D54529AFE/core/core.a(pinmap.c.o)
                0x0000000008004ac8                pin_map_ll
 .rodata.APBPrescTable
                0x0000000008004b08        0x8 /home/geo/.cache/arduino/sketches/2B5526253F1E9B21471F995D54529AFE/core/core.a(system_stm32yyxx.c.o)
                0x0000000008004b08                APBPrescTable
 .rodata.AHBPrescTable
                0x0000000008004b10       0x10 /home/geo/.cache/arduino/sketches/2B5526253F1E9B21471F995D54529AFE/core/core.a(system_stm32yyxx.c.o)
                0x0000000008004b10                AHBPrescTable
 .rodata._svfprintf_r.str1.1
                0x0000000008004b20       0x11 /home/geo/.arduino15/packages/STMicroelectronics/tools/xpack-arm-none-eabi-gcc/12.2.1-1.2/bin/../lib/gcc/arm-none-eabi/12.2.1/../../../../arm-none-eabi/lib/thumb/v7e-m+fp/hard/libc_nano.a(libc_a-nano-svfprintf.o)
 .rodata._printf_i.str1.1
                0x0000000008004b31       0x22 /home/geo/.arduino15/packages/STMicroelectronics/tools/xpack-arm-none-eabi-gcc/12.2.1-1.2/bin/../lib/gcc/arm-none-eabi/12.2.1/../../../../arm-none-eabi/lib/thumb/v7e-m+fp/hard/libc_nano.a(libc_a-nano-vfprintf_i.o)
                0x0000000008004b54                . = ALIGN (0x4)
 *fill*         0x0000000008004b53        0x1 

.ARM.extab      0x0000000008004b54        0x0
                0x0000000008004b54                . = ALIGN (0x4)
 *(.ARM.extab* .gnu.linkonce.armextab.*)
                0x0000000008004b54                . = ALIGN (0x4)

.ARM            0x0000000008004b54        0x8
                0x0000000008004b54                . = ALIGN (0x4)
                0x0000000008004b54                __exidx_start = .
 *(.ARM.exidx*)
 .ARM.exidx.text.__udivmoddi4
                0x0000000008004b54        0x8 /home/geo/.arduino15/packages/STMicroelectronics/tools/xpack-arm-none-eabi-gcc/12.2.1-1.2/bin/../lib/gcc/arm-none-eabi/12.2.1/thumb/v7e-m+fp/hard/libgcc.a(_udivmoddi4.o)
                0x0000000008004b5c                __exidx_end = .
                0x0000000008004b5c                . = ALIGN (0x4)

.rel.dyn        0x0000000008004b5c        0x0
 .rel.iplt      0x0000000008004b5c        0x0 /home/geo/.arduino15/packages/STMicroelectronics/tools/xpack-arm-none-eabi-gcc/12.2.1-1.2/bin/../lib/gcc/arm-none-eabi/12.2.1/thumb/v7e-m+fp/hard/crtbegin.o

.preinit_array  0x0000000008004b5c        0x0
                0x0000000008004b5c                . = ALIGN (0x4)
                0x0000000008004b5c                PROVIDE (__preinit_array_start = .)
 *(.preinit_array*)
                0x0000000008004b5c                PROVIDE (__preinit_array_end = .)
                0x0000000008004b5c                . = ALIGN (0x4)

.init_array     0x0000000008004b5c       0x14
                0x0000000008004b5c                . = ALIGN (0x4)
                0x0000000008004b5c                PROVIDE (__init_array_start = .)
 *(SORT_BY_NAME(.init_array.*))
 .init_array.00101
                0x0000000008004b5c        0x4 /home/geo/.cache/arduino/sketches/2B5526253F1E9B21471F995D54529AFE/core/core.a(main.cpp.o)
 *(.init_array*)
 .init_array    0x0000000008004b60        0x4 /home/geo/.arduino15/packages/STMicroelectronics/tools/xpack-arm-none-eabi-gcc/12.2.1-1.2/bin/../lib/gcc/arm-none-eabi/12.2.1/thumb/v7e-m+fp/hard/crtbegin.o
 .init_array    0x0000000008004b64        0x4 /home/geo/.cache/arduino/sketches/2B5526253F1E9B21471F995D54529AFE/sketch/example-minimal.ino.cpp.o
 .init_array    0x0000000008004b68        0x4 /home/geo/.cache/arduino/sketches/2B5526253F1E9B21471F995D54529AFE/libraries/SPI/SPI.cpp.o
 .init_array    0x0000000008004b6c        0x4 /home/geo/.cache/arduino/sketches/2B5526253F1E9B21471F995D54529AFE/core/core.a(HardwareSerial.cpp.o)
                0x0000000008004b70                PROVIDE (__init_array_end = .)
                0x0000000008004b70                . = ALIGN (0x4)

.fini_array     0x0000000008004b70        0x4
                0x0000000008004b70                . = ALIGN (0x4)
                0x0000000008004b70                PROVIDE (__fini_array_start = .)
 *(SORT_BY_NAME(.fini_array.*))
 *(.fini_array*)
 .fini_array    0x0000000008004b70        0x4 /home/geo/.arduino15/packages/STMicroelectronics/tools/xpack-arm-none-eabi-gcc/12.2.1-1.2/bin/../lib/gcc/arm-none-eabi/12.2.1/thumb/v7e-m+fp/hard/crtbegin.o
                0x0000000008004b74                PROVIDE (__fini_array_end = .)
                0x0000000008004b74                . = ALIGN (0x4)
                0x0000000008004b74                _sidata = LOADADDR (.data)

.data           0x0000000020000000       0xfc load address 0x0000000008004b74
                0x0000000020000000                . = ALIGN (0x4)
                0x0000000020000000                _sdata = .
 *(.data)
 *(.data*)
 .data.uwTickFreq
                0x0000000020000000        0x1 /home/geo/.cache/arduino/sketches/2B5526253F1E9B21471F995D54529AFE/core/core.a(stm32yyxx_hal.c.o)
                0x0000000020000000                uwTickFreq
 *fill*         0x0000000020000001        0x3 
 .data.uwTickPrio
                0x0000000020000004        0x4 /home/geo/.cache/arduino/sketches/2B5526253F1E9B21471F995D54529AFE/core/core.a(stm32yyxx_hal.c.o)
                0x0000000020000004                uwTickPrio
 .data.GPIOPort
                0x0000000020000008       0x18 /home/geo/.cache/arduino/sketches/2B5526253F1E9B21471F995D54529AFE/core/core.a(PortNames.c.o)
                0x0000000020000008                GPIOPort
 .data.SystemCoreClock
                0x0000000020000020        0x4 /home/geo/.cache/arduino/sketches/2B5526253F1E9B21471F995D54529AFE/core/core.a(system_stm32yyxx.c.o)
                0x0000000020000020                SystemCoreClock
 .data.serial_debug
                0x0000000020000024       0x7c /home/geo/.cache/arduino/sketches/2B5526253F1E9B21471F995D54529AFE/core/core.a(uart.c.o)
 .data.hcrc     0x00000000200000a0        0x8 /home/geo/.cache/arduino/sketches/2B5526253F1E9B21471F995D54529AFE/core/core.a(hw_config.c.o)
                0x00000000200000a0                hcrc
 .data._impure_ptr
                0x00000000200000a8        0x4 /home/geo/.arduino15/packages/STMicroelectronics/tools/xpack-arm-none-eabi-gcc/12.2.1-1.2/bin/../lib/gcc/arm-none-eabi/12.2.1/../../../../arm-none-eabi/lib/thumb/v7e-m+fp/hard/libc_nano.a(libc_a-impure.o)
                0x00000000200000a8                _impure_ptr
 .data._impure_data
                0x00000000200000ac       0x4c /home/geo/.arduino15/packages/STMicroelectronics/tools/xpack-arm-none-eabi-gcc/12.2.1-1.2/bin/../lib/gcc/arm-none-eabi/12.2.1/../../../../arm-none-eabi/lib/thumb/v7e-m+fp/hard/libc_nano.a(libc_a-impure.o)
                0x00000000200000ac                _impure_data
 .data.heap_end.0
                0x00000000200000f8        0x4 /home/geo/.cache/arduino/sketches/2B5526253F1E9B21471F995D54529AFE/core/core.a(syscalls.c.o)
 *(.RamFunc)
 *(.RamFunc*)
                0x00000000200000fc                . = ALIGN (0x4)
                0x00000000200000fc                _edata = .

.igot.plt       0x00000000200000fc        0x0 load address 0x0000000008004c70
 .igot.plt      0x00000000200000fc        0x0 /home/geo/.arduino15/packages/STMicroelectronics/tools/xpack-arm-none-eabi-gcc/12.2.1-1.2/bin/../lib/gcc/arm-none-eabi/12.2.1/thumb/v7e-m+fp/hard/crtbegin.o
                0x00000000200000fc                . = ALIGN (0x4)

.bss            0x00000000200000fc      0x3c4 load address 0x0000000008004c70
                0x00000000200000fc                _sbss = .
                0x00000000200000fc                __bss_start__ = _sbss
 *(.bss)
 *(.bss*)
 .bss.completed.1
                0x00000000200000fc        0x1 /home/geo/.arduino15/packages/STMicroelectronics/tools/xpack-arm-none-eabi-gcc/12.2.1-1.2/bin/../lib/gcc/arm-none-eabi/12.2.1/thumb/v7e-m+fp/hard/crtbegin.o
 *fill*         0x00000000200000fd        0x3 
 .bss.object.0  0x0000000020000100       0x18 /home/geo/.arduino15/packages/STMicroelectronics/tools/xpack-arm-none-eabi-gcc/12.2.1-1.2/bin/../lib/gcc/arm-none-eabi/12.2.1/thumb/v7e-m+fp/hard/crtbegin.o
 .bss._ZZ4loopE11check_count
                0x0000000020000118        0x4 /home/geo/.cache/arduino/sketches/2B5526253F1E9B21471F995D54529AFE/sketch/example-minimal.ino.cpp.o
 .bss._ZZ4loopE10last_check
                0x000000002000011c        0x4 /home/geo/.cache/arduino/sketches/2B5526253F1E9B21471F995D54529AFE/sketch/example-minimal.ino.cpp.o
 .bss.spi       0x0000000020000120       0x74 /home/geo/.cache/arduino/sketches/2B5526253F1E9B21471F995D54529AFE/sketch/example-minimal.ino.cpp.o
                0x0000000020000120                spi
 .bss.imu       0x0000000020000194       0x10 /home/geo/.cache/arduino/sketches/2B5526253F1E9B21471F995D54529AFE/sketch/example-minimal.ino.cpp.o
                0x0000000020000194                imu
 .bss.SPI       0x00000000200001a4       0x74 /home/geo/.cache/arduino/sketches/2B5526253F1E9B21471F995D54529AFE/libraries/SPI/SPI.cpp.o
                0x00000000200001a4                SPI
 .bss.Serial2   0x0000000020000218      0x118 /home/geo/.cache/arduino/sketches/2B5526253F1E9B21471F995D54529AFE/core/core.a(HardwareSerial.cpp.o)
                0x0000000020000218                Serial2
 .bss.uwTick    0x0000000020000330        0x4 /home/geo/.cache/arduino/sketches/2B5526253F1E9B21471F995D54529AFE/core/core.a(stm32yyxx_hal.c.o)
                0x0000000020000330                uwTick
 .bss.uart_handlers
                0x0000000020000334        0xc /home/geo/.cache/arduino/sketches/2B5526253F1E9B21471F995D54529AFE/core/core.a(uart.c.o)
 .bss.g_anOutputPinConfigured
                0x0000000020000340       0x18 /home/geo/.cache/arduino/sketches/2B5526253F1E9B21471F995D54529AFE/core/core.a(wiring_analog.c.o)
                0x0000000020000340                g_anOutputPinConfigured
 .bss.HardwareTimer_Handle
                0x0000000020000358       0x20 /home/geo/.cache/arduino/sketches/2B5526253F1E9B21471F995D54529AFE/core/core.a(HardwareTimer.cpp.o)
                0x0000000020000358                HardwareTimer_Handle
 .bss.__malloc_sbrk_start
                0x0000000020000378        0x4 /home/geo/.arduino15/packages/STMicroelectronics/tools/xpack-arm-none-eabi-gcc/12.2.1-1.2/bin/../lib/gcc/arm-none-eabi/12.2.1/../../../../arm-none-eabi/lib/thumb/v7e-m+fp/hard/libc_nano.a(libc_a-mallocr.o)
                0x0000000020000378                __malloc_sbrk_start
 .bss.__malloc_free_list
                0x000000002000037c        0x4 /home/geo/.arduino15/packages/STMicroelectronics/tools/xpack-arm-none-eabi-gcc/12.2.1-1.2/bin/../lib/gcc/arm-none-eabi/12.2.1/../../../../arm-none-eabi/lib/thumb/v7e-m+fp/hard/libc_nano.a(libc_a-mallocr.o)
                0x000000002000037c                __malloc_free_list
 .bss.__sf      0x0000000020000380      0x138 /home/geo/.arduino15/packages/STMicroelectronics/tools/xpack-arm-none-eabi-gcc/12.2.1-1.2/bin/../lib/gcc/arm-none-eabi/12.2.1/../../../../arm-none-eabi/lib/thumb/v7e-m+fp/hard/libc_nano.a(libc_a-findfp.o)
                0x0000000020000380                __sf
 .bss.errno     0x00000000200004b8        0x4 /home/geo/.arduino15/packages/STMicroelectronics/tools/xpack-arm-none-eabi-gcc/12.2.1-1.2/bin/../lib/gcc/arm-none-eabi/12.2.1/../../../../arm-none-eabi/lib/thumb/v7e-m+fp/hard/libc_nano.a(libc_a-reent.o)
                0x00000000200004b8                errno
 .bss.__lock___malloc_recursive_mutex
                0x00000000200004bc        0x1 /home/geo/.arduino15/packages/STMicroelectronics/tools/xpack-arm-none-eabi-gcc/12.2.1-1.2/bin/../lib/gcc/arm-none-eabi/12.2.1/../../../../arm-none-eabi/lib/thumb/v7e-m+fp/hard/libc_nano.a(libc_a-lock.o)
                0x00000000200004bc                __lock___malloc_recursive_mutex
 *(COMMON)
                0x00000000200004c0                . = ALIGN (0x4)
 *fill*         0x00000000200004bd        0x3 
                0x00000000200004c0                _ebss = .
                0x00000000200004c0                __bss_end__ = _ebss
LOAD /home/geo/.arduino15/packages/STMicroelectronics/tools/xpack-arm-none-eabi-gcc/12.2.1-1.2/bin/../lib/gcc/arm-none-eabi/12.2.1/thumb/v7e-m+fp/hard/crti.o
LOAD /home/geo/.arduino15/packages/STMicroelectronics/tools/xpack-arm-none-eabi-gcc/12.2.1-1.2/bin/../lib/gcc/arm-none-eabi/12.2.1/thumb/v7e-m+fp/hard/crtbegin.o
LOAD /home/geo/.arduino15/packages/STMicroelectronics/tools/xpack-arm-none-eabi-gcc/12.2.1-1.2/bin/../lib/gcc/arm-none-eabi/12.2.1/../../../../arm-none-eabi/lib/thumb/v7e-m+fp/hard/crt0.o
                0x0000000000000000                LD_FLASH_OFFSET = 0x0
                0x0000000000080000                LD_MAX_SIZE = 0x80000
                0x0000000000020000                LD_MAX_DATA_SIZE = 0x20000

.noinit         0x00000000200004c0        0x0
                0x00000000200004c0                . = ALIGN (0x4)
                0x00000000200004c0                _snoinit = .
 *(.noinit)
 *(.noinit*)
                0x00000000200004c0                . = ALIGN (0x4)
                0x00000000200004c0                _enoinit = .

._user_heap_stack
                0x00000000200004c0      0x600
                0x00000000200004c0                . = ALIGN (0x8)
                [!provide]                        PROVIDE (end = .)
                0x00000000200004c0                PROVIDE (_end = .)
                0x00000000200006c0                . = (. + _Min_Heap_Size)
 *fill*         0x00000000200004c0      0x200 
                0x0000000020000ac0                . = (. + _Min_Stack_Size)
 *fill*         0x00000000200006c0      0x400 
                0x0000000020000ac0                . = ALIGN (0x8)

/DISCARD/
 libc.a(*)
 libm.a(*)
 libgcc.a(*)

.ARM.attributes
                0x0000000000000000       0x30
 *(.ARM.attributes)
 .ARM.attributes
                0x0000000000000000       0x22 /home/geo/.arduino15/packages/STMicroelectronics/tools/xpack-arm-none-eabi-gcc/12.2.1-1.2/bin/../lib/gcc/arm-none-eabi/12.2.1/thumb/v7e-m+fp/hard/crti.o
 .ARM.attributes
                0x0000000000000022       0x34 /home/geo/.arduino15/packages/STMicroelectronics/tools/xpack-arm-none-eabi-gcc/12.2.1-1.2/bin/../lib/gcc/arm-none-eabi/12.2.1/thumb/v7e-m+fp/hard/crtbegin.o
 .ARM.attributes
                0x0000000000000056       0x34 /home/geo/.cache/arduino/sketches/2B5526253F1E9B21471F995D54529AFE/sketch/ICM42688P_Simple.cpp.o
 .ARM.attributes
                0x000000000000008a       0x34 /home/geo/.cache/arduino/sketches/2B5526253F1E9B21471F995D54529AFE/sketch/example-minimal.ino.cpp.o
 .ARM.attributes
                0x00000000000000be       0x34 /home/geo/.cache/arduino/sketches/2B5526253F1E9B21471F995D54529AFE/libraries/SPI/SPI.cpp.o
 .ARM.attributes
                0x00000000000000f2       0x34 /home/geo/.cache/arduino/sketches/2B5526253F1E9B21471F995D54529AFE/libraries/SPI/utility/spi_com.c.o
 .ARM.attributes
                0x0000000000000126       0x34 /home/geo/.cache/arduino/sketches/2B5526253F1E9B21471F995D54529AFE/core/PeripheralPins.c.o
 .ARM.attributes
                0x000000000000015a       0x34 /home/geo/.cache/arduino/sketches/2B5526253F1E9B21471F995D54529AFE/core/variant_NUCLEO_F411RE.cpp.o
 .ARM.attributes
                0x000000000000018e       0x34 /home/geo/.cache/arduino/sketches/2B5526253F1E9B21471F995D54529AFE/core/core.a(HardwareSerial.cpp.o)
 .ARM.attributes
                0x00000000000001c2       0x34 /home/geo/.cache/arduino/sketches/2B5526253F1E9B21471F995D54529AFE/core/core.a(Print.cpp.o)
 .ARM.attributes
                0x00000000000001f6       0x34 /home/geo/.cache/arduino/sketches/2B5526253F1E9B21471F995D54529AFE/core/core.a(Stream.cpp.o)
 .ARM.attributes
                0x000000000000022a       0x34 /home/geo/.cache/arduino/sketches/2B5526253F1E9B21471F995D54529AFE/core/core.a(main.cpp.o)
 .ARM.attributes
                0x000000000000025e       0x34 /home/geo/.cache/arduino/sketches/2B5526253F1E9B21471F995D54529AFE/core/core.a(stm32yyxx_hal.c.o)
 .ARM.attributes
                0x0000000000000292       0x34 /home/geo/.cache/arduino/sketches/2B5526253F1E9B21471F995D54529AFE/core/core.a(stm32yyxx_hal_cortex.c.o)
 .ARM.attributes
                0x00000000000002c6       0x34 /home/geo/.cache/arduino/sketches/2B5526253F1E9B21471F995D54529AFE/core/core.a(stm32yyxx_hal_rcc.c.o)
 .ARM.attributes
                0x00000000000002fa       0x34 /home/geo/.cache/arduino/sketches/2B5526253F1E9B21471F995D54529AFE/core/core.a(stm32yyxx_hal_spi.c.o)
 .ARM.attributes
                0x000000000000032e       0x34 /home/geo/.cache/arduino/sketches/2B5526253F1E9B21471F995D54529AFE/core/core.a(PortNames.c.o)
 .ARM.attributes
                0x0000000000000362       0x34 /home/geo/.cache/arduino/sketches/2B5526253F1E9B21471F995D54529AFE/core/core.a(clock.c.o)
 .ARM.attributes
                0x0000000000000396       0x34 /home/geo/.cache/arduino/sketches/2B5526253F1E9B21471F995D54529AFE/core/core.a(pinmap.c.o)
 .ARM.attributes
                0x00000000000003ca       0x21 /home/geo/.cache/arduino/sketches/2B5526253F1E9B21471F995D54529AFE/core/core.a(startup_stm32yyxx.S.o)
 .ARM.attributes
                0x00000000000003eb       0x34 /home/geo/.cache/arduino/sketches/2B5526253F1E9B21471F995D54529AFE/core/core.a(system_stm32yyxx.c.o)
 .ARM.attributes
                0x000000000000041f       0x34 /home/geo/.cache/arduino/sketches/2B5526253F1E9B21471F995D54529AFE/core/core.a(uart.c.o)
 .ARM.attributes
                0x0000000000000453       0x34 /home/geo/.cache/arduino/sketches/2B5526253F1E9B21471F995D54529AFE/core/core.a(wiring_digital.c.o)
 .ARM.attributes
                0x0000000000000487       0x34 /home/geo/.cache/arduino/sketches/2B5526253F1E9B21471F995D54529AFE/core/core.a(wiring_time.c.o)
 .ARM.attributes
                0x00000000000004bb       0x34 /home/geo/.cache/arduino/sketches/2B5526253F1E9B21471F995D54529AFE/core/core.a(WSerial.cpp.o)
 .ARM.attributes
                0x00000000000004ef       0x34 /home/geo/.cache/arduino/sketches/2B5526253F1E9B21471F995D54529AFE/core/core.a(board.c.o)
 .ARM.attributes
                0x0000000000000523       0x34 /home/geo/.cache/arduino/sketches/2B5526253F1E9B21471F995D54529AFE/core/core.a(hooks.c.o)
 .ARM.attributes
                0x0000000000000557       0x34 /home/geo/.cache/arduino/sketches/2B5526253F1E9B21471F995D54529AFE/core/core.a(stm32yyxx_hal_dma.c.o)
 .ARM.attributes
                0x000000000000058b       0x34 /home/geo/.cache/arduino/sketches/2B5526253F1E9B21471F995D54529AFE/core/core.a(stm32yyxx_hal_uart.c.o)
 .ARM.attributes
                0x00000000000005bf       0x34 /home/geo/.cache/arduino/sketches/2B5526253F1E9B21471F995D54529AFE/core/core.a(analog.cpp.o)
 .ARM.attributes
                0x00000000000005f3       0x34 /home/geo/.cache/arduino/sketches/2B5526253F1E9B21471F995D54529AFE/core/core.a(hw_config.c.o)
 .ARM.attributes
                0x0000000000000627       0x34 /home/geo/.cache/arduino/sketches/2B5526253F1E9B21471F995D54529AFE/core/core.a(wiring_analog.c.o)
 .ARM.attributes
                0x000000000000065b       0x34 /home/geo/.cache/arduino/sketches/2B5526253F1E9B21471F995D54529AFE/core/core.a(HardwareTimer.cpp.o)
 .ARM.attributes
                0x000000000000068f       0x34 /home/geo/.cache/arduino/sketches/2B5526253F1E9B21471F995D54529AFE/core/core.a(new.cpp.o)
 .ARM.attributes
                0x00000000000006c3       0x34 /home/geo/.cache/arduino/sketches/2B5526253F1E9B21471F995D54529AFE/core/core.a(stm32yyxx_hal_crc.c.o)
 .ARM.attributes
                0x00000000000006f7       0x34 /home/geo/.cache/arduino/sketches/2B5526253F1E9B21471F995D54529AFE/core/core.a(stm32yyxx_hal_tim.c.o)
 .ARM.attributes
                0x000000000000072b       0x34 /home/geo/.cache/arduino/sketches/2B5526253F1E9B21471F995D54529AFE/core/core.a(stm32yyxx_hal_tim_ex.c.o)
 .ARM.attributes
                0x000000000000075f       0x34 /home/geo/.cache/arduino/sketches/2B5526253F1E9B21471F995D54529AFE/core/core.a(dwt.c.o)
 .ARM.attributes
                0x0000000000000793       0x34 /home/geo/.cache/arduino/sketches/2B5526253F1E9B21471F995D54529AFE/core/core.a(timer.c.o)
 .ARM.attributes
                0x00000000000007c7       0x34 /home/geo/.arduino15/packages/STMicroelectronics/tools/xpack-arm-none-eabi-gcc/12.2.1-1.2/bin/../lib/gcc/arm-none-eabi/12.2.1/../../../../arm-none-eabi/lib/thumb/v7e-m+fp/hard/libc_nano.a(libc_a-malloc.o)
 .ARM.attributes
                0x00000000000007fb       0x34 /home/geo/.arduino15/packages/STMicroelectronics/tools/xpack-arm-none-eabi-gcc/12.2.1-1.2/bin/../lib/gcc/arm-none-eabi/12.2.1/../../../../arm-none-eabi/lib/thumb/v7e-m+fp/hard/libc_nano.a(libc_a-mallocr.o)
 .ARM.attributes
                0x000000000000082f       0x34 /home/geo/.arduino15/packages/STMicroelectronics/tools/xpack-arm-none-eabi-gcc/12.2.1-1.2/bin/../lib/gcc/arm-none-eabi/12.2.1/../../../../arm-none-eabi/lib/thumb/v7e-m+fp/hard/libc_nano.a(libc_a-mlock.o)
 .ARM.attributes
                0x0000000000000863       0x34 /home/geo/.arduino15/packages/STMicroelectronics/tools/xpack-arm-none-eabi-gcc/12.2.1-1.2/bin/../lib/gcc/arm-none-eabi/12.2.1/../../../../arm-none-eabi/lib/thumb/v7e-m+fp/hard/libc_nano.a(libc_a-reallocr.o)
 .ARM.attributes
                0x0000000000000897       0x34 /home/geo/.arduino15/packages/STMicroelectronics/tools/xpack-arm-none-eabi-gcc/12.2.1-1.2/bin/../lib/gcc/arm-none-eabi/12.2.1/../../../../arm-none-eabi/lib/thumb/v7e-m+fp/hard/libc_nano.a(libc_a-findfp.o)
 .ARM.attributes
                0x00000000000008cb       0x34 /home/geo/.arduino15/packages/STMicroelectronics/tools/xpack-arm-none-eabi-gcc/12.2.1-1.2/bin/../lib/gcc/arm-none-eabi/12.2.1/../../../../arm-none-eabi/lib/thumb/v7e-m+fp/hard/libc_nano.a(libc_a-vdprintf.o)
 .ARM.attributes
                0x00000000000008ff       0x34 /home/geo/.arduino15/packages/STMicroelectronics/tools/xpack-arm-none-eabi-gcc/12.2.1-1.2/bin/../lib/gcc/arm-none-eabi/12.2.1/../../../../arm-none-eabi/lib/thumb/v7e-m+fp/hard/libc_nano.a(libc_a-vasnprintf.o)
 .ARM.attributes
                0x0000000000000933       0x34 /home/geo/.arduino15/packages/STMicroelectronics/tools/xpack-arm-none-eabi-gcc/12.2.1-1.2/bin/../lib/gcc/arm-none-eabi/12.2.1/../../../../arm-none-eabi/lib/thumb/v7e-m+fp/hard/libc_nano.a(libc_a-memmove.o)
 .ARM.attributes
                0x0000000000000967       0x34 /home/geo/.arduino15/packages/STMicroelectronics/tools/xpack-arm-none-eabi-gcc/12.2.1-1.2/bin/../lib/gcc/arm-none-eabi/12.2.1/../../../../arm-none-eabi/lib/thumb/v7e-m+fp/hard/libc_nano.a(libc_a-memset.o)
 .ARM.attributes
                0x000000000000099b       0x34 /home/geo/.arduino15/packages/STMicroelectronics/tools/xpack-arm-none-eabi-gcc/12.2.1-1.2/bin/../lib/gcc/arm-none-eabi/12.2.1/../../../../arm-none-eabi/lib/thumb/v7e-m+fp/hard/libc_nano.a(libc_a-reent.o)
 .ARM.attributes
                0x00000000000009cf       0x34 /home/geo/.arduino15/packages/STMicroelectronics/tools/xpack-arm-none-eabi-gcc/12.2.1-1.2/bin/../lib/gcc/arm-none-eabi/12.2.1/../../../../arm-none-eabi/lib/thumb/v7e-m+fp/hard/libc_nano.a(libc_a-impure.o)
 .ARM.attributes
                0x0000000000000a03       0x34 /home/geo/.arduino15/packages/STMicroelectronics/tools/xpack-arm-none-eabi-gcc/12.2.1-1.2/bin/../lib/gcc/arm-none-eabi/12.2.1/../../../../arm-none-eabi/lib/thumb/v7e-m+fp/hard/libc_nano.a(libc_a-sbrkr.o)
 .ARM.attributes
                0x0000000000000a37       0x34 /home/geo/.arduino15/packages/STMicroelectronics/tools/xpack-arm-none-eabi-gcc/12.2.1-1.2/bin/../lib/gcc/arm-none-eabi/12.2.1/../../../../arm-none-eabi/lib/thumb/v7e-m+fp/hard/libc_nano.a(libc_a-writer.o)
 .ARM.attributes
                0x0000000000000a6b       0x34 /home/geo/.arduino15/packages/STMicroelectronics/tools/xpack-arm-none-eabi-gcc/12.2.1-1.2/bin/../lib/gcc/arm-none-eabi/12.2.1/../../../../arm-none-eabi/lib/thumb/v7e-m+fp/hard/libc_nano.a(libc_a-init.o)
 .ARM.attributes
                0x0000000000000a9f       0x34 /home/geo/.arduino15/packages/STMicroelectronics/tools/xpack-arm-none-eabi-gcc/12.2.1-1.2/bin/../lib/gcc/arm-none-eabi/12.2.1/../../../../arm-none-eabi/lib/thumb/v7e-m+fp/hard/libc_nano.a(libc_a-lock.o)
 .ARM.attributes
                0x0000000000000ad3       0x34 /home/geo/.arduino15/packages/STMicroelectronics/tools/xpack-arm-none-eabi-gcc/12.2.1-1.2/bin/../lib/gcc/arm-none-eabi/12.2.1/../../../../arm-none-eabi/lib/thumb/v7e-m+fp/hard/libc_nano.a(libc_a-memcpy-stub.o)
 .ARM.attributes
                0x0000000000000b07       0x17 /home/geo/.arduino15/packages/STMicroelectronics/tools/xpack-arm-none-eabi-gcc/12.2.1-1.2/bin/../lib/gcc/arm-none-eabi/12.2.1/../../../../arm-none-eabi/lib/thumb/v7e-m+fp/hard/libc_nano.a(libc_a-strlen.o)
 .ARM.attributes
                0x0000000000000b1e       0x34 /home/geo/.arduino15/packages/STMicroelectronics/tools/xpack-arm-none-eabi-gcc/12.2.1-1.2/bin/../lib/gcc/arm-none-eabi/12.2.1/../../../../arm-none-eabi/lib/thumb/v7e-m+fp/hard/libc_nano.a(libc_a-freer.o)
 .ARM.attributes
                0x0000000000000b52       0x34 /home/geo/.arduino15/packages/STMicroelectronics/tools/xpack-arm-none-eabi-gcc/12.2.1-1.2/bin/../lib/gcc/arm-none-eabi/12.2.1/../../../../arm-none-eabi/lib/thumb/v7e-m+fp/hard/libc_nano.a(libc_a-msizer.o)
 .ARM.attributes
                0x0000000000000b86       0x34 /home/geo/.arduino15/packages/STMicroelectronics/tools/xpack-arm-none-eabi-gcc/12.2.1-1.2/bin/../lib/gcc/arm-none-eabi/12.2.1/../../../../arm-none-eabi/lib/thumb/v7e-m+fp/hard/libc_nano.a(libc_a-nano-svfprintf.o)
 .ARM.attributes
                0x0000000000000bba       0x34 /home/geo/.arduino15/packages/STMicroelectronics/tools/xpack-arm-none-eabi-gcc/12.2.1-1.2/bin/../lib/gcc/arm-none-eabi/12.2.1/../../../../arm-none-eabi/lib/thumb/v7e-m+fp/hard/libc_nano.a(libc_a-nano-vfprintf_i.o)
 .ARM.attributes
                0x0000000000000bee       0x1c /home/geo/.arduino15/packages/STMicroelectronics/tools/xpack-arm-none-eabi-gcc/12.2.1-1.2/bin/../lib/gcc/arm-none-eabi/12.2.1/../../../../arm-none-eabi/lib/thumb/v7e-m+fp/hard/libc_nano.a(libc_a-memchr.o)
 .ARM.attributes
                0x0000000000000c0a       0x34 /home/geo/.arduino15/packages/STMicroelectronics/tools/xpack-arm-none-eabi-gcc/12.2.1-1.2/bin/../lib/gcc/arm-none-eabi/12.2.1/../../../../arm-none-eabi/lib/thumb/v7e-m+fp/hard/libc_nano.a(libc_a-abort.o)
 .ARM.attributes
                0x0000000000000c3e       0x34 /home/geo/.arduino15/packages/STMicroelectronics/tools/xpack-arm-none-eabi-gcc/12.2.1-1.2/bin/../lib/gcc/arm-none-eabi/12.2.1/../../../../arm-none-eabi/lib/thumb/v7e-m+fp/hard/libc_nano.a(libc_a-signal.o)
 .ARM.attributes
                0x0000000000000c72       0x34 /home/geo/.arduino15/packages/STMicroelectronics/tools/xpack-arm-none-eabi-gcc/12.2.1-1.2/bin/../lib/gcc/arm-none-eabi/12.2.1/../../../../arm-none-eabi/lib/thumb/v7e-m+fp/hard/libc_nano.a(libc_a-signalr.o)
 .ARM.attributes
                0x0000000000000ca6       0x34 /home/geo/.cache/arduino/sketches/2B5526253F1E9B21471F995D54529AFE/core/core.a(syscalls.c.o)
 .ARM.attributes
                0x0000000000000cda       0x22 /home/geo/.arduino15/packages/STMicroelectronics/tools/xpack-arm-none-eabi-gcc/12.2.1-1.2/bin/../lib/gcc/arm-none-eabi/12.2.1/thumb/v7e-m+fp/hard/libgcc.a(_aeabi_uldivmod.o)
 .ARM.attributes
                0x0000000000000cfc       0x34 /home/geo/.arduino15/packages/STMicroelectronics/tools/xpack-arm-none-eabi-gcc/12.2.1-1.2/bin/../lib/gcc/arm-none-eabi/12.2.1/thumb/v7e-m+fp/hard/libgcc.a(_udivmoddi4.o)
 .ARM.attributes