Archive member included to satisfy reference by file (symbol)

/home/geo/.cache/arduino/cores/STMicroelectronics_stm32_Nucleo_64_pnum_NUCLEO_F411RE_da12696a5b566edfbd7f518fa9b2680f/core.a(main.cpp.o)
                              /home/geo/.arduino15/packages/STMicroelectronics/tools/xpack-arm-none-eabi-gcc/12.2.1-1.2/bin/../lib/gcc/arm-none-eabi/12.2.1/../../../../arm-none-eabi/lib/thumb/v7e-m+fp/hard/crt0.o (main)
/home/geo/.cache/arduino/cores/STMicroelectronics_stm32_Nucleo_64_pnum_NUCLEO_F411RE_da12696a5b566edfbd7f518fa9b2680f/core.a(stm32yyxx_hal_cortex.c.o)
                              /home/geo/.cache/arduino/cores/STMicroelectronics_stm32_Nucleo_64_pnum_NUCLEO_F411RE_da12696a5b566edfbd7f518fa9b2680f/core.a(main.cpp.o) (HAL_NVIC_SetPriorityGrouping)
/home/geo/.cache/arduino/cores/STMicroelectronics_stm32_Nucleo_64_pnum_NUCLEO_F411RE_da12696a5b566edfbd7f518fa9b2680f/core.a(stm32yyxx_hal_rcc.c.o)
                              /home/geo/.cache/arduino/sketches/AB9044C23AEDFD0BEE982E005764EA2A/core/variant_NUCLEO_F411RE.cpp.o (HAL_RCC_OscConfig)
/home/geo/.cache/arduino/cores/STMicroelectronics_stm32_Nucleo_64_pnum_NUCLEO_F411RE_da12696a5b566edfbd7f518fa9b2680f/core.a(clock.c.o)
                              /home/geo/.cache/arduino/sketches/AB9044C23AEDFD0BEE982E005764EA2A/sketch/MyFirstSketch.ino.cpp.o (getCurrentMicros)
/home/geo/.cache/arduino/cores/STMicroelectronics_stm32_Nucleo_64_pnum_NUCLEO_F411RE_da12696a5b566edfbd7f518fa9b2680f/core.a(startup_stm32yyxx.S.o)
                              (Reset_Handler)
/home/geo/.cache/arduino/cores/STMicroelectronics_stm32_Nucleo_64_pnum_NUCLEO_F411RE_da12696a5b566edfbd7f518fa9b2680f/core.a(system_stm32yyxx.c.o)
                              /home/geo/.cache/arduino/cores/STMicroelectronics_stm32_Nucleo_64_pnum_NUCLEO_F411RE_da12696a5b566edfbd7f518fa9b2680f/core.a(startup_stm32yyxx.S.o) (SystemInit)
/home/geo/.cache/arduino/cores/STMicroelectronics_stm32_Nucleo_64_pnum_NUCLEO_F411RE_da12696a5b566edfbd7f518fa9b2680f/core.a(wiring_digital.c.o)
                              /home/geo/.cache/arduino/sketches/AB9044C23AEDFD0BEE982E005764EA2A/sketch/MyFirstSketch.ino.cpp.o (pinMode)
/home/geo/.cache/arduino/cores/STMicroelectronics_stm32_Nucleo_64_pnum_NUCLEO_F411RE_da12696a5b566edfbd7f518fa9b2680f/core.a(wiring_time.c.o)
                              /home/geo/.cache/arduino/sketches/AB9044C23AEDFD0BEE982E005764EA2A/sketch/MyFirstSketch.ino.cpp.o (millis)
/home/geo/.cache/arduino/cores/STMicroelectronics_stm32_Nucleo_64_pnum_NUCLEO_F411RE_da12696a5b566edfbd7f518fa9b2680f/core.a(WSerial.cpp.o)
                              /home/geo/.cache/arduino/cores/STMicroelectronics_stm32_Nucleo_64_pnum_NUCLEO_F411RE_da12696a5b566edfbd7f518fa9b2680f/core.a(main.cpp.o) (serialEventRun())
/home/geo/.cache/arduino/cores/STMicroelectronics_stm32_Nucleo_64_pnum_NUCLEO_F411RE_da12696a5b566edfbd7f518fa9b2680f/core.a(board.c.o)
                              /home/geo/.cache/arduino/cores/STMicroelectronics_stm32_Nucleo_64_pnum_NUCLEO_F411RE_da12696a5b566edfbd7f518fa9b2680f/core.a(main.cpp.o) (init)
/home/geo/.cache/arduino/cores/STMicroelectronics_stm32_Nucleo_64_pnum_NUCLEO_F411RE_da12696a5b566edfbd7f518fa9b2680f/core.a(hooks.c.o)
                              /home/geo/.cache/arduino/cores/STMicroelectronics_stm32_Nucleo_64_pnum_NUCLEO_F411RE_da12696a5b566edfbd7f518fa9b2680f/core.a(wiring_time.c.o) (yield)
/home/geo/.cache/arduino/cores/STMicroelectronics_stm32_Nucleo_64_pnum_NUCLEO_F411RE_da12696a5b566edfbd7f518fa9b2680f/core.a(stm32yyxx_hal.c.o)
                              /home/geo/.cache/arduino/cores/STMicroelectronics_stm32_Nucleo_64_pnum_NUCLEO_F411RE_da12696a5b566edfbd7f518fa9b2680f/core.a(stm32yyxx_hal_rcc.c.o) (HAL_InitTick)
/home/geo/.cache/arduino/cores/STMicroelectronics_stm32_Nucleo_64_pnum_NUCLEO_F411RE_da12696a5b566edfbd7f518fa9b2680f/core.a(stm32yyxx_hal_gpio.c.o)
                              /home/geo/.cache/arduino/cores/STMicroelectronics_stm32_Nucleo_64_pnum_NUCLEO_F411RE_da12696a5b566edfbd7f518fa9b2680f/core.a(stm32yyxx_hal_rcc.c.o) (HAL_GPIO_Init)
/home/geo/.cache/arduino/cores/STMicroelectronics_stm32_Nucleo_64_pnum_NUCLEO_F411RE_da12696a5b566edfbd7f518fa9b2680f/core.a(stm32yyxx_hal_pwr.c.o)
                              /home/geo/.cache/arduino/cores/STMicroelectronics_stm32_Nucleo_64_pnum_NUCLEO_F411RE_da12696a5b566edfbd7f518fa9b2680f/core.a(clock.c.o) (HAL_PWR_EnableBkUpAccess)
/home/geo/.cache/arduino/cores/STMicroelectronics_stm32_Nucleo_64_pnum_NUCLEO_F411RE_da12696a5b566edfbd7f518fa9b2680f/core.a(PortNames.c.o)
                              /home/geo/.cache/arduino/cores/STMicroelectronics_stm32_Nucleo_64_pnum_NUCLEO_F411RE_da12696a5b566edfbd7f518fa9b2680f/core.a(wiring_digital.c.o) (GPIOPort)
/home/geo/.cache/arduino/cores/STMicroelectronics_stm32_Nucleo_64_pnum_NUCLEO_F411RE_da12696a5b566edfbd7f518fa9b2680f/core.a(analog.cpp.o)
[...]
Memory Configuration

Name             Origin             Length             Attributes
*default*        0x0000000000000000 0xffffffffffffffff
RAM              0x0000000020000000 0x0000000000020000 xrw
FLASH            0x0000000008000000 0x0000000000080000 xr

Linker script and memory map

START GROUP
LOAD /home/geo/.cache/arduino/sketches/AB9044C23AEDFD0BEE982E005764EA2A/sketch/MyFirstSketch.ino.cpp.o
LOAD /home/geo/.cache/arduino/sketches/AB9044C23AEDFD0BEE982E005764EA2A/libraries/SEGGER_RTT/SEGGER_RTT.c.o
LOAD /home/geo/.cache/arduino/sketches/AB9044C23AEDFD0BEE982E005764EA2A/libraries/SEGGER_RTT/SEGGER_RTT_ASM_ARMv7M.S.o
LOAD /home/geo/.cache/arduino/sketches/AB9044C23AEDFD0BEE982E005764EA2A/libraries/SEGGER_RTT/SEGGER_RTT_Syscalls_GCC.c.o
LOAD /home/geo/.cache/arduino/sketches/AB9044C23AEDFD0BEE982E005764EA2A/libraries/SEGGER_RTT/SEGGER_RTT_printf.c.o
LOAD /home/geo/.cache/arduino/sketches/AB9044C23AEDFD0BEE982E005764EA2A/core/PeripheralPins.c.o
LOAD /home/geo/.cache/arduino/sketches/AB9044C23AEDFD0BEE982E005764EA2A/core/generic_clock.c.o
LOAD /home/geo/.cache/arduino/sketches/AB9044C23AEDFD0BEE982E005764EA2A/core/variant_NUCLEO_F411RE.cpp.o
LOAD /home/geo/.cache/arduino/sketches/AB9044C23AEDFD0BEE982E005764EA2A/core/variant_generic.cpp.o
LOAD /home/geo/.cache/arduino/cores/STMicroelectronics_stm32_Nucleo_64_pnum_NUCLEO_F411RE_da12696a5b566edfbd7f518fa9b2680f/core.a
LOAD /home/geo/.arduino15/packages/STMicroelectronics/tools/xpack-arm-none-eabi-gcc/12.2.1-1.2/bin/../lib/gcc/arm-none-eabi/12.2.1/../../../../arm-none-eabi/lib/thumb/v7e-m+fp/hard/libc_nano.a
END GROUP
LOAD /home/geo/.arduino15/packages/STMicroelectronics/tools/xpack-arm-none-eabi-gcc/12.2.1-1.2/bin/../lib/gcc/arm-none-eabi/12.2.1/../../../../arm-none-eabi/lib/thumb/v7e-m+fp/hard/libm.a
LOAD /home/geo/.arduino15/packages/STMicroelectronics/tools/xpack-arm-none-eabi-gcc/12.2.1-1.2/bin/../lib/gcc/arm-none-eabi/12.2.1/thumb/v7e-m+fp/hard/libgcc.a
LOAD /home/geo/.arduino15/packages/STMicroelectronics/tools/xpack-arm-none-eabi-gcc/12.2.1-1.2/bin/../lib/gcc/arm-none-eabi/12.2.1/../../../../arm-none-eabi/lib/thumb/v7e-m+fp/hard/libstdc++_nano.a
START GROUP
LOAD /home/geo/.arduino15/packages/STMicroelectronics/tools/xpack-arm-none-eabi-gcc/12.2.1-1.2/bin/../lib/gcc/arm-none-eabi/12.2.1/thumb/v7e-m+fp/hard/libgcc.a
LOAD /home/geo/.arduino15/packages/STMicroelectronics/tools/xpack-arm-none-eabi-gcc/12.2.1-1.2/bin/../lib/gcc/arm-none-eabi/12.2.1/../../../../arm-none-eabi/lib/thumb/v7e-m+fp/hard/libc_nano.a
END GROUP
START GROUP
LOAD /home/geo/.arduino15/packages/STMicroelectronics/tools/xpack-arm-none-eabi-gcc/12.2.1-1.2/bin/../lib/gcc/arm-none-eabi/12.2.1/thumb/v7e-m+fp/hard/libgcc.a
LOAD /home/geo/.arduino15/packages/STMicroelectronics/tools/xpack-arm-none-eabi-gcc/12.2.1-1.2/bin/../lib/gcc/arm-none-eabi/12.2.1/../../../../arm-none-eabi/lib/thumb/v7e-m+fp/hard/libc_nano.a
END GROUP
LOAD /home/geo/.arduino15/packages/STMicroelectronics/tools/xpack-arm-none-eabi-gcc/12.2.1-1.2/bin/../lib/gcc/arm-none-eabi/12.2.1/thumb/v7e-m+fp/hard/crtend.o
LOAD /home/geo/.arduino15/packages/STMicroelectronics/tools/xpack-arm-none-eabi-gcc/12.2.1-1.2/bin/../lib/gcc/arm-none-eabi/12.2.1/thumb/v7e-m+fp/hard/crtn.o
                0x0000000020020000                _estack = (ORIGIN (RAM) + LENGTH (RAM))
                0x0000000000000200                _Min_Heap_Size = 0x200
                0x0000000000000400                _Min_Stack_Size = 0x400

.isr_vector     0x0000000008000000      0x198
                0x0000000008000000                . = ALIGN (0x4)
 *(.isr_vector)
 .isr_vector    0x0000000008000000      0x198 /home/geo/.cache/arduino/cores/STMicroelectronics_stm32_Nucleo_64_pnum_NUCLEO_F411RE_da12696a5b566edfbd7f518fa9b2680f/core.a(startup_stm32yyxx.S.o)
                0x0000000008000000                g_pfnVectors
                0x0000000008000198                . = ALIGN (0x4)

.text           0x0000000008000198     0x2e4c
                0x0000000008000198                . = ALIGN (0x4)
 *(.text)
 .text          0x0000000008000198       0x10 /home/geo/.arduino15/packages/STMicroelectronics/tools/xpack-arm-none-eabi-gcc/12.2.1-1.2/bin/../lib/gcc/arm-none-eabi/12.2.1/../../../../arm-none-eabi/lib/thumb/v7e-m+fp/hard/libc_nano.a(libc_a-strlen.o)
                0x0000000008000198                strlen
 .text          0x00000000080001a8       0x30 /home/geo/.arduino15/packages/STMicroelectronics/tools/xpack-arm-none-eabi-gcc/12.2.1-1.2/bin/../lib/gcc/arm-none-eabi/12.2.1/thumb/v7e-m+fp/hard/libgcc.a(_aeabi_uldivmod.o)
                0x00000000080001a8                __aeabi_uldivmod
 .text          0x00000000080001d8        0x4 /home/geo/.arduino15/packages/STMicroelectronics/tools/xpack-arm-none-eabi-gcc/12.2.1-1.2/bin/../lib/gcc/arm-none-eabi/12.2.1/thumb/v7e-m+fp/hard/libgcc.a(_dvmd_tls.o)
                0x00000000080001d8                __aeabi_ldiv0
                0x00000000080001d8                __aeabi_idiv0
 *(.text*)
 .text.__do_global_dtors_aux
                0x00000000080001dc       0x24 /home/geo/.arduino15/packages/STMicroelectronics/tools/xpack-arm-none-eabi-gcc/12.2.1-1.2/bin/../lib/gcc/arm-none-eabi/12.2.1/thumb/v7e-m+fp/hard/crtbegin.o
 .text.frame_dummy
                0x0000000008000200       0x1c /home/geo/.arduino15/packages/STMicroelectronics/tools/xpack-arm-none-eabi-gcc/12.2.1-1.2/bin/../lib/gcc/arm-none-eabi/12.2.1/thumb/v7e-m+fp/hard/crtbegin.o
 .text.setup    0x000000000800021c       0x8c /home/geo/.cache/arduino/sketches/AB9044C23AEDFD0BEE982E005764EA2A/sketch/MyFirstSketch.ino.cpp.o
                0x000000000800021c                setup
 .text.loop     0x00000000080002a8       0x6c /home/geo/.cache/arduino/sketches/AB9044C23AEDFD0BEE982E005764EA2A/sketch/MyFirstSketch.ino.cpp.o
                0x00000000080002a8                loop
 .text._GetAvailWriteSpace
                0x0000000008000314       0x12 /home/geo/.cache/arduino/sketches/AB9044C23AEDFD0BEE982E005764EA2A/libraries/SEGGER_RTT/SEGGER_RTT.c.o
 .text._WriteNoCheck
                0x0000000008000326       0x3a /home/geo/.cache/arduino/sketches/AB9044C23AEDFD0BEE982E005764EA2A/libraries/SEGGER_RTT/SEGGER_RTT.c.o
 .text._WriteBlocking
                0x0000000008000360       0x5a /home/geo/.cache/arduino/sketches/AB9044C23AEDFD0BEE982E005764EA2A/libraries/SEGGER_RTT/SEGGER_RTT.c.o
 *fill*         0x00000000080003ba        0x2 
 .text._DoInit  0x00000000080003bc       0x68 /home/geo/.cache/arduino/sketches/AB9044C23AEDFD0BEE982E005764EA2A/libraries/SEGGER_RTT/SEGGER_RTT.c.o
 .text.SEGGER_RTT_WriteNoLock
                0x0000000008000424       0x58 /home/geo/.cache/arduino/sketches/AB9044C23AEDFD0BEE982E005764EA2A/libraries/SEGGER_RTT/SEGGER_RTT.c.o
                0x0000000008000424                SEGGER_RTT_WriteNoLock
 .text.SEGGER_RTT_Write
                0x000000000800047c       0x34 /home/geo/.cache/arduino/sketches/AB9044C23AEDFD0BEE982E005764EA2A/libraries/SEGGER_RTT/SEGGER_RTT.c.o
                0x000000000800047c                SEGGER_RTT_Write
 .text.SEGGER_RTT_WriteString
                0x00000000080004b0       0x1a /home/geo/.cache/arduino/sketches/AB9044C23AEDFD0BEE982E005764EA2A/libraries/SEGGER_RTT/SEGGER_RTT.c.o
                0x00000000080004b0                SEGGER_RTT_WriteString
 *fill*         0x00000000080004ca        0x2 
 .text.SEGGER_RTT_ConfigUpBuffer
                0x00000000080004cc       0x64 /home/geo/.cache/arduino/sketches/AB9044C23AEDFD0BEE982E005764EA2A/libraries/SEGGER_RTT/SEGGER_RTT.c.o
                0x00000000080004cc                SEGGER_RTT_ConfigUpBuffer
 .text._StoreChar
                0x0000000008000530       0x3c /home/geo/.cache/arduino/sketches/AB9044C23AEDFD0BEE982E005764EA2A/libraries/SEGGER_RTT/SEGGER_RTT_printf.c.o
 .text._PrintUnsigned
                0x000000000800056c       0xd0 /home/geo/.cache/arduino/sketches/AB9044C23AEDFD0BEE982E005764EA2A/libraries/SEGGER_RTT/SEGGER_RTT_printf.c.o
 .text.SEGGER_RTT_vprintf
                0x000000000800063c      0x2c4 /home/geo/.cache/arduino/sketches/AB9044C23AEDFD0BEE982E005764EA2A/libraries/SEGGER_RTT/SEGGER_RTT_printf.c.o
                0x000000000800063c                SEGGER_RTT_vprintf
 .text.SEGGER_RTT_printf
                0x0000000008000900       0x1c /home/geo/.cache/arduino/sketches/AB9044C23AEDFD0BEE982E005764EA2A/libraries/SEGGER_RTT/SEGGER_RTT_printf.c.o
                0x0000000008000900                SEGGER_RTT_printf
 .text.SystemClock_Config
                0x000000000800091c       0x98 /home/geo/.cache/arduino/sketches/AB9044C23AEDFD0BEE982E005764EA2A/core/variant_NUCLEO_F411RE.cpp.o
                0x000000000800091c                SystemClock_Config
 .text.startup._Z7premainv
                0x00000000080009b4       0x10 /home/geo/.cache/arduino/cores/STMicroelectronics_stm32_Nucleo_64_pnum_NUCLEO_F411RE_da12696a5b566edfbd7f518fa9b2680f/core.a(main.cpp.o)
                0x00000000080009b4                premain()
 .text.startup.main
                0x00000000080009c4       0x14 /home/geo/.cache/arduino/cores/STMicroelectronics_stm32_Nucleo_64_pnum_NUCLEO_F411RE_da12696a5b566edfbd7f518fa9b2680f/core.a(main.cpp.o)
                0x00000000080009c4                main
 .text.HAL_NVIC_SetPriorityGrouping
                0x00000000080009d8       0x24 /home/geo/.cache/arduino/cores/STMicroelectronics_stm32_Nucleo_64_pnum_NUCLEO_F411RE_da12696a5b566edfbd7f518fa9b2680f/core.a(stm32yyxx_hal_cortex.c.o)
                0x00000000080009d8                HAL_NVIC_SetPriorityGrouping
 .text.HAL_NVIC_SetPriority
                0x00000000080009fc       0x64 /home/geo/.cache/arduino/cores/STMicroelectronics_stm32_Nucleo_64_pnum_NUCLEO_F411RE_da12696a5b566edfbd7f518fa9b2680f/core.a(stm32yyxx_hal_cortex.c.o)
                0x00000000080009fc                HAL_NVIC_SetPriority
 .text.HAL_NVIC_EnableIRQ
                0x0000000008000a60       0x1c /home/geo/.cache/arduino/cores/STMicroelectronics_stm32_Nucleo_64_pnum_NUCLEO_F411RE_da12696a5b566edfbd7f518fa9b2680f/core.a(stm32yyxx_hal_cortex.c.o)
                0x0000000008000a60                HAL_NVIC_EnableIRQ
 .text.HAL_NVIC_DisableIRQ
                0x0000000008000a7c       0x24 /home/geo/.cache/arduino/cores/STMicroelectronics_stm32_Nucleo_64_pnum_NUCLEO_F411RE_da12696a5b566edfbd7f518fa9b2680f/core.a(stm32yyxx_hal_cortex.c.o)
                0x0000000008000a7c                HAL_NVIC_DisableIRQ
 .text.HAL_SYSTICK_Config
                0x0000000008000aa0       0x28 /home/geo/.cache/arduino/cores/STMicroelectronics_stm32_Nucleo_64_pnum_NUCLEO_F411RE_da12696a5b566edfbd7f518fa9b2680f/core.a(stm32yyxx_hal_cortex.c.o)
                0x0000000008000aa0                HAL_SYSTICK_Config
 .text.HAL_NVIC_ClearPendingIRQ
                0x0000000008000ac8       0x1c /home/geo/.cache/arduino/cores/STMicroelectronics_stm32_Nucleo_64_pnum_NUCLEO_F411RE_da12696a5b566edfbd7f518fa9b2680f/core.a(stm32yyxx_hal_cortex.c.o)
                0x0000000008000ac8                HAL_NVIC_ClearPendingIRQ
 .text.HAL_SYSTICK_Callback
                0x0000000008000ae4        0x2 /home/geo/.cache/arduino/cores/STMicroelectronics_stm32_Nucleo_64_pnum_NUCLEO_F411RE_da12696a5b566edfbd7f518fa9b2680f/core.a(stm32yyxx_hal_cortex.c.o)
                0x0000000008000ae4                HAL_SYSTICK_Callback
 .text.HAL_SYSTICK_IRQHandler
                0x0000000008000ae6        0x8 /home/geo/.cache/arduino/cores/STMicroelectronics_stm32_Nucleo_64_pnum_NUCLEO_F411RE_da12696a5b566edfbd7f518fa9b2680f/core.a(stm32yyxx_hal_cortex.c.o)
                0x0000000008000ae6                HAL_SYSTICK_IRQHandler
 *fill*         0x0000000008000aee        0x2 
 .text.HAL_RCC_OscConfig
                0x0000000008000af0      0x35c /home/geo/.cache/arduino/cores/STMicroelectronics_stm32_Nucleo_64_pnum_NUCLEO_F411RE_da12696a5b566edfbd7f518fa9b2680f/core.a(stm32yyxx_hal_rcc.c.o)
                0x0000000008000af0                HAL_RCC_OscConfig
 .text.HAL_RCC_GetSysClockFreq
                0x0000000008000e4c       0x5c /home/geo/.cache/arduino/cores/STMicroelectronics_stm32_Nucleo_64_pnum_NUCLEO_F411RE_da12696a5b566edfbd7f518fa9b2680f/core.a(stm32yyxx_hal_rcc.c.o)
                0x0000000008000e4c                HAL_RCC_GetSysClockFreq
 .text.HAL_RCC_ClockConfig
                0x0000000008000ea8      0x134 /home/geo/.cache/arduino/cores/STMicroelectronics_stm32_Nucleo_64_pnum_NUCLEO_F411RE_da12696a5b566edfbd7f518fa9b2680f/core.a(stm32yyxx_hal_rcc.c.o)
                0x0000000008000ea8                HAL_RCC_ClockConfig
 .text.getCurrentMillis
                0x0000000008000fdc        0x4 /home/geo/.cache/arduino/cores/STMicroelectronics_stm32_Nucleo_64_pnum_NUCLEO_F411RE_da12696a5b566edfbd7f518fa9b2680f/core.a(clock.c.o)
                0x0000000008000fdc                getCurrentMillis
 .text.noOsSystickHandler
                0x0000000008000fe0        0x2 /home/geo/.cache/arduino/cores/STMicroelectronics_stm32_Nucleo_64_pnum_NUCLEO_F411RE_da12696a5b566edfbd7f518fa9b2680f/core.a(clock.c.o)
                0x0000000008000fe0                noOsSystickHandler
                0x0000000008000fe0                osSystickHandler
 .text.SysTick_Handler
                0x0000000008000fe2       0x10 /home/geo/.cache/arduino/cores/STMicroelectronics_stm32_Nucleo_64_pnum_NUCLEO_F411RE_da12696a5b566edfbd7f518fa9b2680f/core.a(clock.c.o)
                0x0000000008000fe2                SysTick_Handler
 .text.configHSECapacitorTuning
                0x0000000008000ff2        0x2 /home/geo/.cache/arduino/cores/STMicroelectronics_stm32_Nucleo_64_pnum_NUCLEO_F411RE_da12696a5b566edfbd7f518fa9b2680f/core.a(clock.c.o)
                0x0000000008000ff2                configHSECapacitorTuning
 .text.configIPClock
                0x0000000008000ff4       0x4c /home/geo/.cache/arduino/cores/STMicroelectronics_stm32_Nucleo_64_pnum_NUCLEO_F411RE_da12696a5b566edfbd7f518fa9b2680f/core.a(clock.c.o)
                0x0000000008000ff4                configIPClock
 .text.Reset_Handler
                0x0000000008001040       0x50 /home/geo/.cache/arduino/cores/STMicroelectronics_stm32_Nucleo_64_pnum_NUCLEO_F411RE_da12696a5b566edfbd7f518fa9b2680f/core.a(startup_stm32yyxx.S.o)
                0x0000000008001040                Reset_Handler
 .text.Default_Handler
                0x0000000008001090        0x2 /home/geo/.cache/arduino/cores/STMicroelectronics_stm32_Nucleo_64_pnum_NUCLEO_F411RE_da12696a5b566edfbd7f518fa9b2680f/core.a(startup_stm32yyxx.S.o)
                0x0000000008001090                RTC_Alarm_IRQHandler
                0x0000000008001090                EXTI2_IRQHandler
                0x0000000008001090                DebugMon_Handler
                0x0000000008001090                SPI4_IRQHandler
                0x0000000008001090                DMA2_Stream5_IRQHandler
                0x0000000008001090                HardFault_Handler
                0x0000000008001090                DMA1_Stream5_IRQHandler
                0x0000000008001090                PVD_IRQHandler
                0x0000000008001090                SDIO_IRQHandler
                0x0000000008001090                TAMP_STAMP_IRQHandler
                0x0000000008001090                PendSV_Handler
                0x0000000008001090                NMI_Handler
                0x0000000008001090                EXTI3_IRQHandler
                0x0000000008001090                I2C3_ER_IRQHandler
                0x0000000008001090                EXTI0_IRQHandler
                0x0000000008001090                I2C2_EV_IRQHandler
                0x0000000008001090                DMA1_Stream2_IRQHandler
                0x0000000008001090                FPU_IRQHandler
                0x0000000008001090                UsageFault_Handler
                0x0000000008001090                DMA2_Stream2_IRQHandler
                0x0000000008001090                SPI1_IRQHandler
                0x0000000008001090                DMA2_Stream3_IRQHandler
                0x0000000008001090                DMA2_Stream0_IRQHandler
                0x0000000008001090                I2C1_EV_IRQHandler
                0x0000000008001090                DMA1_Stream6_IRQHandler
                0x0000000008001090                DMA1_Stream1_IRQHandler
                0x0000000008001090                RCC_IRQHandler
                0x0000000008001090                Default_Handler
                0x0000000008001090                EXTI15_10_IRQHandler
                0x0000000008001090                ADC_IRQHandler
                0x0000000008001090                DMA1_Stream7_IRQHandler
                0x0000000008001090                SPI5_IRQHandler
                0x0000000008001090                DMA2_Stream7_IRQHandler
                0x0000000008001090                I2C3_EV_IRQHandler
                0x0000000008001090                EXTI9_5_IRQHandler
                0x0000000008001090                RTC_WKUP_IRQHandler
                0x0000000008001090                SPI2_IRQHandler
                0x0000000008001090                MemManage_Handler
                0x0000000008001090                DMA1_Stream0_IRQHandler
                0x0000000008001090                SVC_Handler
                0x0000000008001090                EXTI4_IRQHandler
                0x0000000008001090                WWDG_IRQHandler
                0x0000000008001090                OTG_FS_WKUP_IRQHandler
                0x0000000008001090                EXTI1_IRQHandler
                0x0000000008001090                I2C2_ER_IRQHandler
                0x0000000008001090                DMA2_Stream1_IRQHandler
                0x0000000008001090                FLASH_IRQHandler
                0x0000000008001090                DMA2_Stream4_IRQHandler
                0x0000000008001090                BusFault_Handler
                0x0000000008001090                OTG_FS_IRQHandler
                0x0000000008001090                SPI3_IRQHandler
                0x0000000008001090                DMA1_Stream4_IRQHandler
                0x0000000008001090                I2C1_ER_IRQHandler
                0x0000000008001090                DMA2_Stream6_IRQHandler
                0x0000000008001090                DMA1_Stream3_IRQHandler
 *fill*         0x0000000008001092        0x2 
 .text.SystemInit
                0x0000000008001094       0x50 /home/geo/.cache/arduino/cores/STMicroelectronics_stm32_Nucleo_64_pnum_NUCLEO_F411RE_da12696a5b566edfbd7f518fa9b2680f/core.a(system_stm32yyxx.c.o)
                0x0000000008001094                SystemInit
 .text.pinMode  0x00000000080010e4       0xbc /home/geo/.cache/arduino/cores/STMicroelectronics_stm32_Nucleo_64_pnum_NUCLEO_F411RE_da12696a5b566edfbd7f518fa9b2680f/core.a(wiring_digital.c.o)
                0x00000000080010e4                pinMode
 .text.digitalWrite
                0x00000000080011a0       0x70 /home/geo/.cache/arduino/cores/STMicroelectronics_stm32_Nucleo_64_pnum_NUCLEO_F411RE_da12696a5b566edfbd7f518fa9b2680f/core.a(wiring_digital.c.o)
                0x00000000080011a0                digitalWrite
 .text.millis   0x0000000008001210        0x4 /home/geo/.cache/arduino/cores/STMicroelectronics_stm32_Nucleo_64_pnum_NUCLEO_F411RE_da12696a5b566edfbd7f518fa9b2680f/core.a(wiring_time.c.o)
                0x0000000008001210                millis
 .text.delay    0x0000000008001214       0x1c /home/geo/.cache/arduino/cores/STMicroelectronics_stm32_Nucleo_64_pnum_NUCLEO_F411RE_da12696a5b566edfbd7f518fa9b2680f/core.a(wiring_time.c.o)
                0x0000000008001214                delay
 .text._Z14serialEventRunv
                0x0000000008001230       0x1c /home/geo/.cache/arduino/cores/STMicroelectronics_stm32_Nucleo_64_pnum_NUCLEO_F411RE_da12696a5b566edfbd7f518fa9b2680f/core.a(WSerial.cpp.o)
                0x0000000008001230                serialEventRun()
 .text.init     0x000000000800124c        0x4 /home/geo/.cache/arduino/cores/STMicroelectronics_stm32_Nucleo_64_pnum_NUCLEO_F411RE_da12696a5b566edfbd7f518fa9b2680f/core.a(board.c.o)
                0x000000000800124c                init
 .text.__empty  0x0000000008001250        0x2 /home/geo/.cache/arduino/cores/STMicroelectronics_stm32_Nucleo_64_pnum_NUCLEO_F411RE_da12696a5b566edfbd7f518fa9b2680f/core.a(hooks.c.o)
                0x0000000008001250                yield
 .text.HAL_MspInit
                0x0000000008001252        0x2 /home/geo/.cache/arduino/cores/STMicroelectronics_stm32_Nucleo_64_pnum_NUCLEO_F411RE_da12696a5b566edfbd7f518fa9b2680f/core.a(stm32yyxx_hal.c.o)
                0x0000000008001252                HAL_MspInit
 .text.HAL_InitTick
                0x0000000008001254       0x48 /home/geo/.cache/arduino/cores/STMicroelectronics_stm32_Nucleo_64_pnum_NUCLEO_F411RE_da12696a5b566edfbd7f518fa9b2680f/core.a(stm32yyxx_hal.c.o)
                0x0000000008001254                HAL_InitTick
 .text.HAL_Init
                0x000000000800129c       0x34 /home/geo/.cache/arduino/cores/STMicroelectronics_stm32_Nucleo_64_pnum_NUCLEO_F411RE_da12696a5b566edfbd7f518fa9b2680f/core.a(stm32yyxx_hal.c.o)
                0x000000000800129c                HAL_Init
 .text.HAL_IncTick
                0x00000000080012d0       0x18 /home/geo/.cache/arduino/cores/STMicroelectronics_stm32_Nucleo_64_pnum_NUCLEO_F411RE_da12696a5b566edfbd7f518fa9b2680f/core.a(stm32yyxx_hal.c.o)
                0x00000000080012d0                HAL_IncTick
 .text.HAL_GetTick
                0x00000000080012e8        0xc /home/geo/.cache/arduino/cores/STMicroelectronics_stm32_Nucleo_64_pnum_NUCLEO_F411RE_da12696a5b566edfbd7f518fa9b2680f/core.a(stm32yyxx_hal.c.o)
                0x00000000080012e8                HAL_GetTick
 .text.set_GPIO_Port_Clock
                0x00000000080012f4       0xd0 /home/geo/.cache/arduino/cores/STMicroelectronics_stm32_Nucleo_64_pnum_NUCLEO_F411RE_da12696a5b566edfbd7f518fa9b2680f/core.a(PortNames.c.o)
                0x00000000080012f4                set_GPIO_Port_Clock
 .text.pwm_stop
                0x00000000080013c4       0x5c /home/geo/.cache/arduino/cores/STMicroelectronics_stm32_Nucleo_64_pnum_NUCLEO_F411RE_da12696a5b566edfbd7f518fa9b2680f/core.a(analog.cpp.o)
                0x00000000080013c4                pwm_stop
 .text.hw_config_init
                0x0000000008001420       0x24 /home/geo/.cache/arduino/cores/STMicroelectronics_stm32_Nucleo_64_pnum_NUCLEO_F411RE_da12696a5b566edfbd7f518fa9b2680f/core.a(hw_config.c.o)
                0x0000000008001420                hw_config_init
 .text.LL_GPIO_SetPinPull
                0x0000000008001444       0x2a /home/geo/.cache/arduino/cores/STMicroelectronics_stm32_Nucleo_64_pnum_NUCLEO_F411RE_da12696a5b566edfbd7f518fa9b2680f/core.a(pinmap.c.o)
 .text.pin_in_pinmap
                0x000000000800146e       0x1e /home/geo/.cache/arduino/cores/STMicroelectronics_stm32_Nucleo_64_pnum_NUCLEO_F411RE_da12696a5b566edfbd7f518fa9b2680f/core.a(pinmap.c.o)
                0x000000000800146e                pin_in_pinmap
 .text.pin_function
                0x000000000800148c      0x11c /home/geo/.cache/arduino/cores/STMicroelectronics_stm32_Nucleo_64_pnum_NUCLEO_F411RE_da12696a5b566edfbd7f518fa9b2680f/core.a(pinmap.c.o)
                0x000000000800148c                pin_function
 .text.pinmap_find_peripheral
                0x00000000080015a8       0x16 /home/geo/.cache/arduino/cores/STMicroelectronics_stm32_Nucleo_64_pnum_NUCLEO_F411RE_da12696a5b566edfbd7f518fa9b2680f/core.a(pinmap.c.o)
                0x00000000080015a8                pinmap_find_peripheral
 .text.pinmap_peripheral
                0x00000000080015be        0xc /home/geo/.cache/arduino/cores/STMicroelectronics_stm32_Nucleo_64_pnum_NUCLEO_F411RE_da12696a5b566edfbd7f518fa9b2680f/core.a(pinmap.c.o)
                0x00000000080015be                pinmap_peripheral
 .text.pinmap_find_pin
                0x00000000080015ca       0x16 /home/geo/.cache/arduino/cores/STMicroelectronics_stm32_Nucleo_64_pnum_NUCLEO_F411RE_da12696a5b566edfbd7f518fa9b2680f/core.a(pinmap.c.o)
                0x00000000080015ca                pinmap_find_pin
 .text.pinmap_pin
                0x00000000080015e0        0xc /home/geo/.cache/arduino/cores/STMicroelectronics_stm32_Nucleo_64_pnum_NUCLEO_F411RE_da12696a5b566edfbd7f518fa9b2680f/core.a(pinmap.c.o)
                0x00000000080015e0                pinmap_pin
 .text._ZN5Print5flushEv
                0x00000000080015ec        0x2 /home/geo/.cache/arduino/cores/STMicroelectronics_stm32_Nucleo_64_pnum_NUCLEO_F411RE_da12696a5b566edfbd7f518fa9b2680f/core.a(HardwareSerial.cpp.o)
                0x00000000080015ec                Print::flush()
 .text._ZN14HardwareSerial9availableEv
                0x00000000080015ee       0x10 /home/geo/.cache/arduino/cores/STMicroelectronics_stm32_Nucleo_64_pnum_NUCLEO_F411RE_da12696a5b566edfbd7f518fa9b2680f/core.a(HardwareSerial.cpp.o)
                0x00000000080015ee                HardwareSerial::available()
 .text._ZN14HardwareSerial4peekEv
                0x00000000080015fe       0x1a /home/geo/.cache/arduino/cores/STMicroelectronics_stm32_Nucleo_64_pnum_NUCLEO_F411RE_da12696a5b566edfbd7f518fa9b2680f/core.a(HardwareSerial.cpp.o)
                0x00000000080015fe                HardwareSerial::peek()
 .text._ZN14HardwareSerial17availableForWriteEv
                0x0000000008001618       0x1c /home/geo/.cache/arduino/cores/STMicroelectronics_stm32_Nucleo_64_pnum_NUCLEO_F411RE_da12696a5b566edfbd7f518fa9b2680f/core.a(HardwareSerial.cpp.o)
                0x0000000008001618                HardwareSerial::availableForWrite()
 .text._ZN14HardwareSerial5writeEh
                0x0000000008001634       0x18 /home/geo/.cache/arduino/cores/STMicroelectronics_stm32_Nucleo_64_pnum_NUCLEO_F411RE_da12696a5b566edfbd7f518fa9b2680f/core.a(HardwareSerial.cpp.o)
                0x0000000008001634                HardwareSerial::write(unsigned char)
 .text._ZN14HardwareSerial16_tx_complete_irqEP8serial_s
                0x000000000800164c       0x60 /home/geo/.cache/arduino/cores/STMicroelectronics_stm32_Nucleo_64_pnum_NUCLEO_F411RE_da12696a5b566edfbd7f518fa9b2680f/core.a(HardwareSerial.cpp.o)
                0x000000000800164c                HardwareSerial::_tx_complete_irq(serial_s*)
 .text._ZN14HardwareSerial5writeEPKhj
                0x00000000080016ac       0xe4 /home/geo/.cache/arduino/cores/STMicroelectronics_stm32_Nucleo_64_pnum_NUCLEO_F411RE_da12696a5b566edfbd7f518fa9b2680f/core.a(HardwareSerial.cpp.o)
                0x00000000080016ac                HardwareSerial::write(unsigned char const*, unsigned int)
 .text._ZN14HardwareSerial5flushEm
                0x0000000008001790       0x36 /home/geo/.cache/arduino/cores/STMicroelectronics_stm32_Nucleo_64_pnum_NUCLEO_F411RE_da12696a5b566edfbd7f518fa9b2680f/core.a(HardwareSerial.cpp.o)
                0x0000000008001790                HardwareSerial::flush(unsigned long)
 .text._ZN14HardwareSerial4initE7PinNameS0_S0_S0_
                0x00000000080017c6       0x32 /home/geo/.cache/arduino/cores/STMicroelectronics_stm32_Nucleo_64_pnum_NUCLEO_F411RE_da12696a5b566edfbd7f518fa9b2680f/core.a(HardwareSerial.cpp.o)
                0x00000000080017c6                HardwareSerial::init(PinName, PinName, PinName, PinName)
 .text._ZN14HardwareSerial5setRxEm
                0x00000000080017f8       0x48 /home/geo/.cache/arduino/cores/STMicroelectronics_stm32_Nucleo_64_pnum_NUCLEO_F411RE_da12696a5b566edfbd7f518fa9b2680f/core.a(HardwareSerial.cpp.o)
                0x00000000080017f8                HardwareSerial::setRx(unsigned long)
 .text._ZN14HardwareSerial5setTxEm
                0x0000000008001840       0x48 /home/geo/.cache/arduino/cores/STMicroelectronics_stm32_Nucleo_64_pnum_NUCLEO_F411RE_da12696a5b566edfbd7f518fa9b2680f/core.a(HardwareSerial.cpp.o)
                0x0000000008001840                HardwareSerial::setTx(unsigned long)
 .text._ZN14HardwareSerialC2EPv16HalfDuplexMode_t
                0x0000000008001888       0x9c /home/geo/.cache/arduino/cores/STMicroelectronics_stm32_Nucleo_64_pnum_NUCLEO_F411RE_da12696a5b566edfbd7f518fa9b2680f/core.a(HardwareSerial.cpp.o)
                0x0000000008001888                HardwareSerial::HardwareSerial(void*, HalfDuplexMode_t)
                0x0000000008001888                HardwareSerial::HardwareSerial(void*, HalfDuplexMode_t)
 .text._ZN14HardwareSerial18enableHalfDuplexRxEv
                0x0000000008001924       0x2e /home/geo/.cache/arduino/cores/STMicroelectronics_stm32_Nucleo_64_pnum_NUCLEO_F411RE_da12696a5b566edfbd7f518fa9b2680f/core.a(HardwareSerial.cpp.o)
                0x0000000008001924                HardwareSerial::enableHalfDuplexRx()
 .text._ZN14HardwareSerial4readEv
                0x0000000008001952       0x2e /home/geo/.cache/arduino/cores/STMicroelectronics_stm32_Nucleo_64_pnum_NUCLEO_F411RE_da12696a5b566edfbd7f518fa9b2680f/core.a(HardwareSerial.cpp.o)
                0x0000000008001952                HardwareSerial::read()
 .text.startup._GLOBAL__sub_I_Serial2
                0x0000000008001980       0x14 /home/geo/.cache/arduino/cores/STMicroelectronics_stm32_Nucleo_64_pnum_NUCLEO_F411RE_da12696a5b566edfbd7f518fa9b2680f/core.a(HardwareSerial.cpp.o)
 .text._ZNSt8functionIFvvEEaSEDn.isra.0
                0x0000000008001994       0x16 /home/geo/.cache/arduino/cores/STMicroelectronics_stm32_Nucleo_64_pnum_NUCLEO_F411RE_da12696a5b566edfbd7f518fa9b2680f/core.a(HardwareTimer.cpp.o)
 .text._ZNSt14_Function_baseD2Ev
                0x00000000080019aa       0x12 /home/geo/.cache/arduino/cores/STMicroelectronics_stm32_Nucleo_64_pnum_NUCLEO_F411RE_da12696a5b566edfbd7f518fa9b2680f/core.a(HardwareTimer.cpp.o)
                0x00000000080019aa                std::_Function_base::~_Function_base()
                0x00000000080019aa                std::_Function_base::~_Function_base()
 .text._Z15get_timer_indexP11TIM_TypeDef
                0x00000000080019bc       0x68 /home/geo/.cache/arduino/cores/STMicroelectronics_stm32_Nucleo_64_pnum_NUCLEO_F411RE_da12696a5b566edfbd7f518fa9b2680f/core.a(HardwareTimer.cpp.o)
                0x00000000080019bc                get_timer_index(TIM_TypeDef*)
 .text._ZN13HardwareTimerD2Ev
                0x0000000008001a24       0x40 /home/geo/.cache/arduino/cores/STMicroelectronics_stm32_Nucleo_64_pnum_NUCLEO_F411RE_da12696a5b566edfbd7f518fa9b2680f/core.a(HardwareTimer.cpp.o)
                0x0000000008001a24                HardwareTimer::~HardwareTimer()
                0x0000000008001a24                HardwareTimer::~HardwareTimer()
 .text._ZN13HardwareTimer5setupEP11TIM_TypeDef
                0x0000000008001a64       0x90 /home/geo/.cache/arduino/cores/STMicroelectronics_stm32_Nucleo_64_pnum_NUCLEO_F411RE_da12696a5b566edfbd7f518fa9b2680f/core.a(HardwareTimer.cpp.o)
                0x0000000008001a64                HardwareTimer::setup(TIM_TypeDef*)
 .text.TIM1_UP_TIM10_IRQHandler
                0x0000000008001af4       0x24 /home/geo/.cache/arduino/cores/STMicroelectronics_stm32_Nucleo_64_pnum_NUCLEO_F411RE_da12696a5b566edfbd7f518fa9b2680f/core.a(HardwareTimer.cpp.o)
                0x0000000008001af4                TIM1_UP_TIM10_IRQHandler
 .text.TIM1_CC_IRQHandler
                0x0000000008001b18       0x14 /home/geo/.cache/arduino/cores/STMicroelectronics_stm32_Nucleo_64_pnum_NUCLEO_F411RE_da12696a5b566edfbd7f518fa9b2680f/core.a(HardwareTimer.cpp.o)
                0x0000000008001b18                TIM1_CC_IRQHandler
 .text.TIM2_IRQHandler
                0x0000000008001b2c       0x14 /home/geo/.cache/arduino/cores/STMicroelectronics_stm32_Nucleo_64_pnum_NUCLEO_F411RE_da12696a5b566edfbd7f518fa9b2680f/core.a(HardwareTimer.cpp.o)
                0x0000000008001b2c                TIM2_IRQHandler
 .text.TIM3_IRQHandler
                0x0000000008001b40       0x14 /home/geo/.cache/arduino/cores/STMicroelectronics_stm32_Nucleo_64_pnum_NUCLEO_F411RE_da12696a5b566edfbd7f518fa9b2680f/core.a(HardwareTimer.cpp.o)
                0x0000000008001b40                TIM3_IRQHandler
 .text.TIM4_IRQHandler
                0x0000000008001b54       0x14 /home/geo/.cache/arduino/cores/STMicroelectronics_stm32_Nucleo_64_pnum_NUCLEO_F411RE_da12696a5b566edfbd7f518fa9b2680f/core.a(HardwareTimer.cpp.o)
                0x0000000008001b54                TIM4_IRQHandler
 .text.TIM5_IRQHandler
                0x0000000008001b68       0x14 /home/geo/.cache/arduino/cores/STMicroelectronics_stm32_Nucleo_64_pnum_NUCLEO_F411RE_da12696a5b566edfbd7f518fa9b2680f/core.a(HardwareTimer.cpp.o)
                0x0000000008001b68                TIM5_IRQHandler
 .text.TIM1_BRK_TIM9_IRQHandler
                0x0000000008001b7c       0x14 /home/geo/.cache/arduino/cores/STMicroelectronics_stm32_Nucleo_64_pnum_NUCLEO_F411RE_da12696a5b566edfbd7f518fa9b2680f/core.a(HardwareTimer.cpp.o)
                0x0000000008001b7c                TIM1_BRK_TIM9_IRQHandler
 .text.TIM1_TRG_COM_TIM11_IRQHandler
                0x0000000008001b90       0x14 /home/geo/.cache/arduino/cores/STMicroelectronics_stm32_Nucleo_64_pnum_NUCLEO_F411RE_da12696a5b566edfbd7f518fa9b2680f/core.a(HardwareTimer.cpp.o)
                0x0000000008001b90                TIM1_TRG_COM_TIM11_IRQHandler
 .text._ZNSt8functionIFvvEEC2Ev
                0x0000000008001ba4        0xc /home/geo/.cache/arduino/cores/STMicroelectronics_stm32_Nucleo_64_pnum_NUCLEO_F411RE_da12696a5b566edfbd7f518fa9b2680f/core.a(HardwareTimer.cpp.o)
                0x0000000008001ba4                std::function<void ()>::function()
                0x0000000008001ba4                std::function<void ()>::function()
 .text._ZN13HardwareTimerC2EP11TIM_TypeDef
                0x0000000008001bb0       0x2a /home/geo/.cache/arduino/cores/STMicroelectronics_stm32_Nucleo_64_pnum_NUCLEO_F411RE_da12696a5b566edfbd7f518fa9b2680f/core.a(HardwareTimer.cpp.o)
                0x0000000008001bb0                HardwareTimer::HardwareTimer(TIM_TypeDef*)
                0x0000000008001bb0                HardwareTimer::HardwareTimer(TIM_TypeDef*)
 .text._ZNKSt8functionIFvvEEclEv
                0x0000000008001bda       0x12 /home/geo/.cache/arduino/cores/STMicroelectronics_stm32_Nucleo_64_pnum_NUCLEO_F411RE_da12696a5b566edfbd7f518fa9b2680f/core.a(HardwareTimer.cpp.o)
                0x0000000008001bda                std::function<void ()>::operator()() const
 .text._ZN13HardwareTimer14updateCallbackEP17TIM_HandleTypeDef
                0x0000000008001bec       0x18 /home/geo/.cache/arduino/cores/STMicroelectronics_stm32_Nucleo_64_pnum_NUCLEO_F411RE_da12696a5b566edfbd7f518fa9b2680f/core.a(HardwareTimer.cpp.o)
                0x0000000008001bec                HardwareTimer::updateCallback(TIM_HandleTypeDef*)
 .text.HAL_TIM_PeriodElapsedCallback
                0x0000000008001c04        0x4 /home/geo/.cache/arduino/cores/STMicroelectronics_stm32_Nucleo_64_pnum_NUCLEO_F411RE_da12696a5b566edfbd7f518fa9b2680f/core.a(HardwareTimer.cpp.o)
                0x0000000008001c04                HAL_TIM_PeriodElapsedCallback
 .text._ZN13HardwareTimer22captureCompareCallbackEP17TIM_HandleTypeDef
                0x0000000008001c08       0x3e /home/geo/.cache/arduino/cores/STMicroelectronics_stm32_Nucleo_64_pnum_NUCLEO_F411RE_da12696a5b566edfbd7f518fa9b2680f/core.a(HardwareTimer.cpp.o)
                0x0000000008001c08                HardwareTimer::captureCompareCallback(TIM_HandleTypeDef*)
 .text.HAL_TIM_OC_DelayElapsedCallback
                0x0000000008001c46        0x4 /home/geo/.cache/arduino/cores/STMicroelectronics_stm32_Nucleo_64_pnum_NUCLEO_F411RE_da12696a5b566edfbd7f518fa9b2680f/core.a(HardwareTimer.cpp.o)
                0x0000000008001c46                HAL_TIM_OC_DelayElapsedCallback
 .text.HAL_TIM_IC_CaptureCallback
                0x0000000008001c4a        0x4 /home/geo/.cache/arduino/cores/STMicroelectronics_stm32_Nucleo_64_pnum_NUCLEO_F411RE_da12696a5b566edfbd7f518fa9b2680f/core.a(HardwareTimer.cpp.o)
                0x0000000008001c4a                HAL_TIM_IC_CaptureCallback
 .text._ZN6Stream9timedReadEv
                0x0000000008001c4e       0x2a /home/geo/.cache/arduino/cores/STMicroelectronics_stm32_Nucleo_64_pnum_NUCLEO_F411RE_da12696a5b566edfbd7f518fa9b2680f/core.a(Stream.cpp.o)
                0x0000000008001c4e                Stream::timedRead()
 .text._ZN6Stream9readBytesEPcj
                0x0000000008001c78       0x22 /home/geo/.cache/arduino/cores/STMicroelectronics_stm32_Nucleo_64_pnum_NUCLEO_F411RE_da12696a5b566edfbd7f518fa9b2680f/core.a(Stream.cpp.o)
                0x0000000008001c78                Stream::readBytes(char*, unsigned int)
 .text._ZN6Stream14readBytesUntilEcPcj
                0x0000000008001c9a       0x30 /home/geo/.cache/arduino/cores/STMicroelectronics_stm32_Nucleo_64_pnum_NUCLEO_F411RE_da12696a5b566edfbd7f518fa9b2680f/core.a(Stream.cpp.o)
                0x0000000008001c9a                Stream::readBytesUntil(char, char*, unsigned int)
 .text._Znwj    0x0000000008001cca        0x4 /home/geo/.cache/arduino/cores/STMicroelectronics_stm32_Nucleo_64_pnum_NUCLEO_F411RE_da12696a5b566edfbd7f518fa9b2680f/core.a(new.cpp.o)
                0x0000000008001cca                operator new(unsigned int)
 .text._ZdlPvj  0x0000000008001cce        0x4 /home/geo/.cache/arduino/cores/STMicroelectronics_stm32_Nucleo_64_pnum_NUCLEO_F411RE_da12696a5b566edfbd7f518fa9b2680f/core.a(new.cpp.o)
                0x0000000008001cce                operator delete(void*, unsigned int)
 .text.HAL_CRC_MspInit
                0x0000000008001cd2        0x2 /home/geo/.cache/arduino/cores/STMicroelectronics_stm32_Nucleo_64_pnum_NUCLEO_F411RE_da12696a5b566edfbd7f518fa9b2680f/core.a(stm32yyxx_hal_crc.c.o)
                0x0000000008001cd2                HAL_CRC_MspInit
 .text.HAL_CRC_Init
                0x0000000008001cd4       0x20 /home/geo/.cache/arduino/cores/STMicroelectronics_stm32_Nucleo_64_pnum_NUCLEO_F411RE_da12696a5b566edfbd7f518fa9b2680f/core.a(stm32yyxx_hal_crc.c.o)
                0x0000000008001cd4                HAL_CRC_Init
 .text.HAL_DMA_Abort
                0x0000000008001cf4       0x7c /home/geo/.cache/arduino/cores/STMicroelectronics_stm32_Nucleo_64_pnum_NUCLEO_F411RE_da12696a5b566edfbd7f518fa9b2680f/core.a(stm32yyxx_hal_dma.c.o)
                0x0000000008001cf4                HAL_DMA_Abort
 .text.HAL_DMA_Abort_IT
                0x0000000008001d70       0x24 /home/geo/.cache/arduino/cores/STMicroelectronics_stm32_Nucleo_64_pnum_NUCLEO_F411RE_da12696a5b566edfbd7f518fa9b2680f/core.a(stm32yyxx_hal_dma.c.o)
                0x0000000008001d70                HAL_DMA_Abort_IT
 .text.HAL_TIM_PWM_PulseFinishedCallback
                0x0000000008001d94        0x2 /home/geo/.cache/arduino/cores/STMicroelectronics_stm32_Nucleo_64_pnum_NUCLEO_F411RE_da12696a5b566edfbd7f518fa9b2680f/core.a(stm32yyxx_hal_tim.c.o)
                0x0000000008001d94                HAL_TIM_PWM_PulseFinishedCallback
 .text.HAL_TIM_TriggerCallback
                0x0000000008001d96        0x2 /home/geo/.cache/arduino/cores/STMicroelectronics_stm32_Nucleo_64_pnum_NUCLEO_F411RE_da12696a5b566edfbd7f518fa9b2680f/core.a(stm32yyxx_hal_tim.c.o)
                0x0000000008001d96                HAL_TIM_TriggerCallback
 .text.HAL_TIM_IRQHandler
                0x0000000008001d98      0x128 /home/geo/.cache/arduino/cores/STMicroelectronics_stm32_Nucleo_64_pnum_NUCLEO_F411RE_da12696a5b566edfbd7f518fa9b2680f/core.a(stm32yyxx_hal_tim.c.o)
                0x0000000008001d98                HAL_TIM_IRQHandler
 .text.TIM_Base_SetConfig
                0x0000000008001ec0       0x88 /home/geo/.cache/arduino/cores/STMicroelectronics_stm32_Nucleo_64_pnum_NUCLEO_F411RE_da12696a5b566edfbd7f518fa9b2680f/core.a(stm32yyxx_hal_tim.c.o)
                0x0000000008001ec0                TIM_Base_SetConfig
 .text.HAL_TIM_Base_Init
                0x0000000008001f48       0x58 /home/geo/.cache/arduino/cores/STMicroelectronics_stm32_Nucleo_64_pnum_NUCLEO_F411RE_da12696a5b566edfbd7f518fa9b2680f/core.a(stm32yyxx_hal_tim.c.o)
                0x0000000008001f48                HAL_TIM_Base_Init
 .text.HAL_TIMEx_CommutCallback
                0x0000000008001fa0        0x2 /home/geo/.cache/arduino/cores/STMicroelectronics_stm32_Nucleo_64_pnum_NUCLEO_F411RE_da12696a5b566edfbd7f518fa9b2680f/core.a(stm32yyxx_hal_tim_ex.c.o)
                0x0000000008001fa0                HAL_TIMEx_CommutCallback
 .text.HAL_TIMEx_BreakCallback
                0x0000000008001fa2        0x2 /home/geo/.cache/arduino/cores/STMicroelectronics_stm32_Nucleo_64_pnum_NUCLEO_F411RE_da12696a5b566edfbd7f518fa9b2680f/core.a(stm32yyxx_hal_tim_ex.c.o)
                0x0000000008001fa2                HAL_TIMEx_BreakCallback
 .text.dwt_init
                0x0000000008001fa4       0x3c /home/geo/.cache/arduino/cores/STMicroelectronics_stm32_Nucleo_64_pnum_NUCLEO_F411RE_da12696a5b566edfbd7f518fa9b2680f/core.a(dwt.c.o)
                0x0000000008001fa4                dwt_init
 .text.get_timer_obj
                0x0000000008001fe0        0x4 /home/geo/.cache/arduino/cores/STMicroelectronics_stm32_Nucleo_64_pnum_NUCLEO_F411RE_da12696a5b566edfbd7f518fa9b2680f/core.a(timer.c.o)
                0x0000000008001fe0                get_timer_obj
 .text.enableTimerClock
                0x0000000008001fe4      0x128 /home/geo/.cache/arduino/cores/STMicroelectronics_stm32_Nucleo_64_pnum_NUCLEO_F411RE_da12696a5b566edfbd7f518fa9b2680f/core.a(timer.c.o)
                0x0000000008001fe4                enableTimerClock
 .text.disableTimerClock
                0x000000000800210c       0xb4 /home/geo/.cache/arduino/cores/STMicroelectronics_stm32_Nucleo_64_pnum_NUCLEO_F411RE_da12696a5b566edfbd7f518fa9b2680f/core.a(timer.c.o)
                0x000000000800210c                disableTimerClock
 .text.getTimerUpIrq
                0x00000000080021c0       0x74 /home/geo/.cache/arduino/cores/STMicroelectronics_stm32_Nucleo_64_pnum_NUCLEO_F411RE_da12696a5b566edfbd7f518fa9b2680f/core.a(timer.c.o)
                0x00000000080021c0                getTimerUpIrq
 .text.getTimerCCIrq
                0x0000000008002234       0x78 /home/geo/.cache/arduino/cores/STMicroelectronics_stm32_Nucleo_64_pnum_NUCLEO_F411RE_da12696a5b566edfbd7f518fa9b2680f/core.a(timer.c.o)
                0x0000000008002234                getTimerCCIrq
 .text.HAL_TIM_Base_MspInit
                0x00000000080022ac       0x4e /home/geo/.cache/arduino/cores/STMicroelectronics_stm32_Nucleo_64_pnum_NUCLEO_F411RE_da12696a5b566edfbd7f518fa9b2680f/core.a(timer.c.o)
                0x00000000080022ac                HAL_TIM_Base_MspInit
 *fill*         0x00000000080022fa        0x2 
 .text.serial_rx_active
                0x00000000080022fc       0x24 /home/geo/.cache/arduino/cores/STMicroelectronics_stm32_Nucleo_64_pnum_NUCLEO_F411RE_da12696a5b566edfbd7f518fa9b2680f/core.a(uart.c.o)
                0x00000000080022fc                serial_rx_active
 .text.serial_tx_active
                0x0000000008002320       0x24 /home/geo/.cache/arduino/cores/STMicroelectronics_stm32_Nucleo_64_pnum_NUCLEO_F411RE_da12696a5b566edfbd7f518fa9b2680f/core.a(uart.c.o)
                0x0000000008002320                serial_tx_active
 .text.uart_attach_tx_callback
                0x0000000008002344       0x40 /home/geo/.cache/arduino/cores/STMicroelectronics_stm32_Nucleo_64_pnum_NUCLEO_F411RE_da12696a5b566edfbd7f518fa9b2680f/core.a(uart.c.o)
                0x0000000008002344                uart_attach_tx_callback
 .text.uart_enable_tx
                0x0000000008002384       0x1c /home/geo/.cache/arduino/cores/STMicroelectronics_stm32_Nucleo_64_pnum_NUCLEO_F411RE_da12696a5b566edfbd7f518fa9b2680f/core.a(uart.c.o)
                0x0000000008002384                uart_enable_tx
 .text.uart_enable_rx
                0x00000000080023a0       0x1c /home/geo/.cache/arduino/cores/STMicroelectronics_stm32_Nucleo_64_pnum_NUCLEO_F411RE_da12696a5b566edfbd7f518fa9b2680f/core.a(uart.c.o)
                0x00000000080023a0                uart_enable_rx
 .text.HAL_UART_RxCpltCallback
                0x00000000080023bc        0x6 /home/geo/.cache/arduino/cores/STMicroelectronics_stm32_Nucleo_64_pnum_NUCLEO_F411RE_da12696a5b566edfbd7f518fa9b2680f/core.a(uart.c.o)
                0x00000000080023bc                HAL_UART_RxCpltCallback
 .text.HAL_UART_TxCpltCallback
                0x00000000080023c2        0x6 /home/geo/.cache/arduino/cores/STMicroelectronics_stm32_Nucleo_64_pnum_NUCLEO_F411RE_da12696a5b566edfbd7f518fa9b2680f/core.a(uart.c.o)
                0x00000000080023c2                HAL_UART_TxCpltCallback
 .text.HAL_UART_ErrorCallback
                0x00000000080023c8       0x7c /home/geo/.cache/arduino/cores/STMicroelectronics_stm32_Nucleo_64_pnum_NUCLEO_F411RE_da12696a5b566edfbd7f518fa9b2680f/core.a(uart.c.o)
                0x00000000080023c8                HAL_UART_ErrorCallback
 .text.USART1_IRQHandler
                0x0000000008002444       0x18 /home/geo/.cache/arduino/cores/STMicroelectronics_stm32_Nucleo_64_pnum_NUCLEO_F411RE_da12696a5b566edfbd7f518fa9b2680f/core.a(uart.c.o)
                0x0000000008002444                USART1_IRQHandler
 .text.USART2_IRQHandler
                0x000000000800245c       0x1c /home/geo/.cache/arduino/cores/STMicroelectronics_stm32_Nucleo_64_pnum_NUCLEO_F411RE_da12696a5b566edfbd7f518fa9b2680f/core.a(uart.c.o)
                0x000000000800245c                USART2_IRQHandler
 .text.USART6_IRQHandler
                0x0000000008002478       0x18 /home/geo/.cache/arduino/cores/STMicroelectronics_stm32_Nucleo_64_pnum_NUCLEO_F411RE_da12696a5b566edfbd7f518fa9b2680f/core.a(uart.c.o)
                0x0000000008002478                USART6_IRQHandler
 .text.UART_EndRxTransfer
                0x0000000008002490       0x5c /home/geo/.cache/arduino/cores/STMicroelectronics_stm32_Nucleo_64_pnum_NUCLEO_F411RE_da12696a5b566edfbd7f518fa9b2680f/core.a(stm32yyxx_hal_uart.c.o)
 .text.HAL_UART_Transmit_IT
                0x00000000080024ec       0x32 /home/geo/.cache/arduino/cores/STMicroelectronics_stm32_Nucleo_64_pnum_NUCLEO_F411RE_da12696a5b566edfbd7f518fa9b2680f/core.a(stm32yyxx_hal_uart.c.o)
                0x00000000080024ec                HAL_UART_Transmit_IT
 .text.UART_DMAAbortOnError
                0x000000000800251e       0x10 /home/geo/.cache/arduino/cores/STMicroelectronics_stm32_Nucleo_64_pnum_NUCLEO_F411RE_da12696a5b566edfbd7f518fa9b2680f/core.a(stm32yyxx_hal_uart.c.o)
 .text.HAL_UARTEx_RxEventCallback
                0x000000000800252e        0x2 /home/geo/.cache/arduino/cores/STMicroelectronics_stm32_Nucleo_64_pnum_NUCLEO_F411RE_da12696a5b566edfbd7f518fa9b2680f/core.a(stm32yyxx_hal_uart.c.o)
                0x000000000800252e                HAL_UARTEx_RxEventCallback
 .text.UART_Receive_IT.isra.0
                0x0000000008002530       0xb6 /home/geo/.cache/arduino/cores/STMicroelectronics_stm32_Nucleo_64_pnum_NUCLEO_F411RE_da12696a5b566edfbd7f518fa9b2680f/core.a(stm32yyxx_hal_uart.c.o)
 *fill*         0x00000000080025e6        0x2 
 .text.HAL_UART_IRQHandler
                0x00000000080025e8      0x2dc /home/geo/.cache/arduino/cores/STMicroelectronics_stm32_Nucleo_64_pnum_NUCLEO_F411RE_da12696a5b566edfbd7f518fa9b2680f/core.a(stm32yyxx_hal_uart.c.o)
                0x00000000080025e8                HAL_UART_IRQHandler
 .text.HAL_HalfDuplex_EnableTransmitter
                0x00000000080028c4       0x30 /home/geo/.cache/arduino/cores/STMicroelectronics_stm32_Nucleo_64_pnum_NUCLEO_F411RE_da12696a5b566edfbd7f518fa9b2680f/core.a(stm32yyxx_hal_uart.c.o)
                0x00000000080028c4                HAL_HalfDuplex_EnableTransmitter
 .text.HAL_HalfDuplex_EnableReceiver
                0x00000000080028f4       0x30 /home/geo/.cache/arduino/cores/STMicroelectronics_stm32_Nucleo_64_pnum_NUCLEO_F411RE_da12696a5b566edfbd7f518fa9b2680f/core.a(stm32yyxx_hal_uart.c.o)
                0x00000000080028f4                HAL_HalfDuplex_EnableReceiver
 .text.HAL_UART_GetState
                0x0000000008002924        0xc /home/geo/.cache/arduino/cores/STMicroelectronics_stm32_Nucleo_64_pnum_NUCLEO_F411RE_da12696a5b566edfbd7f518fa9b2680f/core.a(stm32yyxx_hal_uart.c.o)
                0x0000000008002924                HAL_UART_GetState
 .text.UART_Start_Receive_IT
                0x0000000008002930       0x32 /home/geo/.cache/arduino/cores/STMicroelectronics_stm32_Nucleo_64_pnum_NUCLEO_F411RE_da12696a5b566edfbd7f518fa9b2680f/core.a(stm32yyxx_hal_uart.c.o)
                0x0000000008002930                UART_Start_Receive_IT
 .text.HAL_UART_Receive_IT
                0x0000000008002962       0x22 /home/geo/.cache/arduino/cores/STMicroelectronics_stm32_Nucleo_64_pnum_NUCLEO_F411RE_da12696a5b566edfbd7f518fa9b2680f/core.a(stm32yyxx_hal_uart.c.o)
                0x0000000008002962                HAL_UART_Receive_IT
 .text.malloc   0x0000000008002984       0x10 /home/geo/.arduino15/packages/STMicroelectronics/tools/xpack-arm-none-eabi-gcc/12.2.1-1.2/bin/../lib/gcc/arm-none-eabi/12.2.1/../../../../arm-none-eabi/lib/thumb/v7e-m+fp/hard/libc_nano.a(libc_a-malloc.o)
                0x0000000008002984                malloc
 .text.free     0x0000000008002994       0x10 /home/geo/.arduino15/packages/STMicroelectronics/tools/xpack-arm-none-eabi-gcc/12.2.1-1.2/bin/../lib/gcc/arm-none-eabi/12.2.1/../../../../arm-none-eabi/lib/thumb/v7e-m+fp/hard/libc_nano.a(libc_a-malloc.o)
                0x0000000008002994                free
 .text.sbrk_aligned
                0x00000000080029a4       0x44 /home/geo/.arduino15/packages/STMicroelectronics/tools/xpack-arm-none-eabi-gcc/12.2.1-1.2/bin/../lib/gcc/arm-none-eabi/12.2.1/../../../../arm-none-eabi/lib/thumb/v7e-m+fp/hard/libc_nano.a(libc_a-mallocr.o)
 .text._malloc_r
                0x00000000080029e8       0xf0 /home/geo/.arduino15/packages/STMicroelectronics/tools/xpack-arm-none-eabi-gcc/12.2.1-1.2/bin/../lib/gcc/arm-none-eabi/12.2.1/../../../../arm-none-eabi/lib/thumb/v7e-m+fp/hard/libc_nano.a(libc_a-mallocr.o)
                0x00000000080029e8                _malloc_r
 .text.__malloc_lock
                0x0000000008002ad8        0xc /home/geo/.arduino15/packages/STMicroelectronics/tools/xpack-arm-none-eabi-gcc/12.2.1-1.2/bin/../lib/gcc/arm-none-eabi/12.2.1/../../../../arm-none-eabi/lib/thumb/v7e-m+fp/hard/libc_nano.a(libc_a-mlock.o)
                0x0000000008002ad8                __malloc_lock
 .text.__malloc_unlock
                0x0000000008002ae4        0xc /home/geo/.arduino15/packages/STMicroelectronics/tools/xpack-arm-none-eabi-gcc/12.2.1-1.2/bin/../lib/gcc/arm-none-eabi/12.2.1/../../../../arm-none-eabi/lib/thumb/v7e-m+fp/hard/libc_nano.a(libc_a-mlock.o)
                0x0000000008002ae4                __malloc_unlock
 .text.memset   0x0000000008002af0       0x10 /home/geo/.arduino15/packages/STMicroelectronics/tools/xpack-arm-none-eabi-gcc/12.2.1-1.2/bin/../lib/gcc/arm-none-eabi/12.2.1/../../../../arm-none-eabi/lib/thumb/v7e-m+fp/hard/libc_nano.a(libc_a-memset.o)
                0x0000000008002af0                memset
 .text._sbrk_r  0x0000000008002b00       0x20 /home/geo/.arduino15/packages/STMicroelectronics/tools/xpack-arm-none-eabi-gcc/12.2.1-1.2/bin/../lib/gcc/arm-none-eabi/12.2.1/../../../../arm-none-eabi/lib/thumb/v7e-m+fp/hard/libc_nano.a(libc_a-sbrkr.o)
                0x0000000008002b00                _sbrk_r
 .text.__libc_init_array
                0x0000000008002b20       0x48 /home/geo/.arduino15/packages/STMicroelectronics/tools/xpack-arm-none-eabi-gcc/12.2.1-1.2/bin/../lib/gcc/arm-none-eabi/12.2.1/../../../../arm-none-eabi/lib/thumb/v7e-m+fp/hard/libc_nano.a(libc_a-init.o)
                0x0000000008002b20                __libc_init_array
 .text.__retarget_lock_acquire_recursive
                0x0000000008002b68        0x2 /home/geo/.arduino15/packages/STMicroelectronics/tools/xpack-arm-none-eabi-gcc/12.2.1-1.2/bin/../lib/gcc/arm-none-eabi/12.2.1/../../../../arm-none-eabi/lib/thumb/v7e-m+fp/hard/libc_nano.a(libc_a-lock.o)
                0x0000000008002b68                __retarget_lock_acquire_recursive
 .text.__retarget_lock_release_recursive
                0x0000000008002b6a        0x2 /home/geo/.arduino15/packages/STMicroelectronics/tools/xpack-arm-none-eabi-gcc/12.2.1-1.2/bin/../lib/gcc/arm-none-eabi/12.2.1/../../../../arm-none-eabi/lib/thumb/v7e-m+fp/hard/libc_nano.a(libc_a-lock.o)
                0x0000000008002b6a                __retarget_lock_release_recursive
 .text.memcpy   0x0000000008002b6c       0x1c /home/geo/.arduino15/packages/STMicroelectronics/tools/xpack-arm-none-eabi-gcc/12.2.1-1.2/bin/../lib/gcc/arm-none-eabi/12.2.1/../../../../arm-none-eabi/lib/thumb/v7e-m+fp/hard/libc_nano.a(libc_a-memcpy-stub.o)
                0x0000000008002b6c                memcpy
 .text._free_r  0x0000000008002b88       0x94 /home/geo/.arduino15/packages/STMicroelectronics/tools/xpack-arm-none-eabi-gcc/12.2.1-1.2/bin/../lib/gcc/arm-none-eabi/12.2.1/../../../../arm-none-eabi/lib/thumb/v7e-m+fp/hard/libc_nano.a(libc_a-freer.o)
                0x0000000008002b88                _free_r
 .text.abort    0x0000000008002c1c        0xe /home/geo/.arduino15/packages/STMicroelectronics/tools/xpack-arm-none-eabi-gcc/12.2.1-1.2/bin/../lib/gcc/arm-none-eabi/12.2.1/../../../../arm-none-eabi/lib/thumb/v7e-m+fp/hard/libc_nano.a(libc_a-abort.o)
                0x0000000008002c1c                abort
 .text._raise_r
                0x0000000008002c2a       0x50 /home/geo/.arduino15/packages/STMicroelectronics/tools/xpack-arm-none-eabi-gcc/12.2.1-1.2/bin/../lib/gcc/arm-none-eabi/12.2.1/../../../../arm-none-eabi/lib/thumb/v7e-m+fp/hard/libc_nano.a(libc_a-signal.o)
                0x0000000008002c2a                _raise_r
 *fill*         0x0000000008002c7a        0x2 
 .text.raise    0x0000000008002c7c       0x10 /home/geo/.arduino15/packages/STMicroelectronics/tools/xpack-arm-none-eabi-gcc/12.2.1-1.2/bin/../lib/gcc/arm-none-eabi/12.2.1/../../../../arm-none-eabi/lib/thumb/v7e-m+fp/hard/libc_nano.a(libc_a-signal.o)
                0x0000000008002c7c                raise
 .text._kill_r  0x0000000008002c8c       0x24 /home/geo/.arduino15/packages/STMicroelectronics/tools/xpack-arm-none-eabi-gcc/12.2.1-1.2/bin/../lib/gcc/arm-none-eabi/12.2.1/../../../../arm-none-eabi/lib/thumb/v7e-m+fp/hard/libc_nano.a(libc_a-signalr.o)
                0x0000000008002c8c                _kill_r
 .text._getpid_r
                0x0000000008002cb0        0x4 /home/geo/.arduino15/packages/STMicroelectronics/tools/xpack-arm-none-eabi-gcc/12.2.1-1.2/bin/../lib/gcc/arm-none-eabi/12.2.1/../../../../arm-none-eabi/lib/thumb/v7e-m+fp/hard/libc_nano.a(libc_a-signalr.o)
                0x0000000008002cb0                _getpid_r
 .text._sbrk    0x0000000008002cb4       0x3c /home/geo/.cache/arduino/cores/STMicroelectronics_stm32_Nucleo_64_pnum_NUCLEO_F411RE_da12696a5b566edfbd7f518fa9b2680f/core.a(syscalls.c.o)
                0x0000000008002cb4                _sbrk
 .text._exit    0x0000000008002cf0        0x2 /home/geo/.cache/arduino/cores/STMicroelectronics_stm32_Nucleo_64_pnum_NUCLEO_F411RE_da12696a5b566edfbd7f518fa9b2680f/core.a(syscalls.c.o)
                0x0000000008002cf0                _exit
 *fill*         0x0000000008002cf2        0x2 
 .text._kill    0x0000000008002cf4       0x10 /home/geo/.cache/arduino/cores/STMicroelectronics_stm32_Nucleo_64_pnum_NUCLEO_F411RE_da12696a5b566edfbd7f518fa9b2680f/core.a(syscalls.c.o)
                0x0000000008002cf4                _kill
 .text._getpid  0x0000000008002d04        0x4 /home/geo/.cache/arduino/cores/STMicroelectronics_stm32_Nucleo_64_pnum_NUCLEO_F411RE_da12696a5b566edfbd7f518fa9b2680f/core.a(syscalls.c.o)
                0x0000000008002d04                _getpid
 .text.__udivmoddi4
                0x0000000008002d08      0x2bc /home/geo/.arduino15/packages/STMicroelectronics/tools/xpack-arm-none-eabi-gcc/12.2.1-1.2/bin/../lib/gcc/arm-none-eabi/12.2.1/thumb/v7e-m+fp/hard/libgcc.a(_udivmoddi4.o)
                0x0000000008002d08                __udivmoddi4
 .text.unlikely._ZSt25__throw_bad_function_callv
                0x0000000008002fc4        0x6 /home/geo/.arduino15/packages/STMicroelectronics/tools/xpack-arm-none-eabi-gcc/12.2.1-1.2/bin/../lib/gcc/arm-none-eabi/12.2.1/../../../../arm-none-eabi/lib/thumb/v7e-m+fp/hard/libstdc++_nano.a(functional.o)
                0x0000000008002fc4                std::__throw_bad_function_call()
 *(.glue_7)
 .glue_7        0x0000000008002fca        0x0 linker stubs
 *(.glue_7t)
 .glue_7t       0x0000000008002fca        0x0 linker stubs
 *(.eh_frame)
 *fill*         0x0000000008002fca        0x2 
 .eh_frame      0x0000000008002fcc        0x0 /home/geo/.arduino15/packages/STMicroelectronics/tools/xpack-arm-none-eabi-gcc/12.2.1-1.2/bin/../lib/gcc/arm-none-eabi/12.2.1/thumb/v7e-m+fp/hard/crtbegin.o
 *(.init)
 .init          0x0000000008002fcc        0x4 /home/geo/.arduino15/packages/STMicroelectronics/tools/xpack-arm-none-eabi-gcc/12.2.1-1.2/bin/../lib/gcc/arm-none-eabi/12.2.1/thumb/v7e-m+fp/hard/crti.o
                0x0000000008002fcc                _init
 .init          0x0000000008002fd0        0x8 /home/geo/.arduino15/packages/STMicroelectronics/tools/xpack-arm-none-eabi-gcc/12.2.1-1.2/bin/../lib/gcc/arm-none-eabi/12.2.1/thumb/v7e-m+fp/hard/crtn.o
 *(.fini)
 .fini          0x0000000008002fd8        0x4 /home/geo/.arduino15/packages/STMicroelectronics/tools/xpack-arm-none-eabi-gcc/12.2.1-1.2/bin/../lib/gcc/arm-none-eabi/12.2.1/thumb/v7e-m+fp/hard/crti.o
                0x0000000008002fd8                _fini
 .fini          0x0000000008002fdc        0x8 /home/geo/.arduino15/packages/STMicroelectronics/tools/xpack-arm-none-eabi-gcc/12.2.1-1.2/bin/../lib/gcc/arm-none-eabi/12.2.1/thumb/v7e-m+fp/hard/crtn.o
                0x0000000008002fe4                . = ALIGN (0x4)
                0x0000000008002fe4                _etext = .

.vfp11_veneer   0x0000000008002fe4        0x0
 .vfp11_veneer  0x0000000008002fe4        0x0 linker stubs

.v4_bx          0x0000000008002fe4        0x0
 .v4_bx         0x0000000008002fe4        0x0 linker stubs

.iplt           0x0000000008002fe4        0x0
 .iplt          0x0000000008002fe4        0x0 /home/geo/.arduino15/packages/STMicroelectronics/tools/xpack-arm-none-eabi-gcc/12.2.1-1.2/bin/../lib/gcc/arm-none-eabi/12.2.1/thumb/v7e-m+fp/hard/crtbegin.o

.rodata         0x0000000008002fe4      0x588
                0x0000000008002fe4                . = ALIGN (0x4)
 *(.rodata)
 *(.rodata*)
 .rodata.setup.str1.1
                0x0000000008002fe4       0xd1 /home/geo/.cache/arduino/sketches/AB9044C23AEDFD0BEE982E005764EA2A/sketch/MyFirstSketch.ino.cpp.o
 .rodata.loop.str1.1
                0x00000000080030b5       0x5f /home/geo/.cache/arduino/sketches/AB9044C23AEDFD0BEE982E005764EA2A/sketch/MyFirstSketch.ino.cpp.o
 .rodata._DoInit.str1.1
                0x0000000008003114        0x9 /home/geo/.cache/arduino/sketches/AB9044C23AEDFD0BEE982E005764EA2A/libraries/SEGGER_RTT/SEGGER_RTT.c.o
 .rodata._aInitStr.0
                0x000000000800311d       0x11 /home/geo/.cache/arduino/sketches/AB9044C23AEDFD0BEE982E005764EA2A/libraries/SEGGER_RTT/SEGGER_RTT.c.o
 .rodata.SEGGER_RTT_vprintf.str1.1
                0x000000000800312e        0x7 /home/geo/.cache/arduino/sketches/AB9044C23AEDFD0BEE982E005764EA2A/libraries/SEGGER_RTT/SEGGER_RTT_printf.c.o
 .rodata._aV2C.0
                0x0000000008003135       0x10 /home/geo/.cache/arduino/sketches/AB9044C23AEDFD0BEE982E005764EA2A/libraries/SEGGER_RTT/SEGGER_RTT_printf.c.o
 *fill*         0x0000000008003145        0x3 
 .rodata.PinMap_UART_RX
                0x0000000008003148       0x54 /home/geo/.cache/arduino/sketches/AB9044C23AEDFD0BEE982E005764EA2A/core/PeripheralPins.c.o
                0x0000000008003148                PinMap_UART_RX
 .rodata.PinMap_UART_TX
                0x000000000800319c       0x54 /home/geo/.cache/arduino/sketches/AB9044C23AEDFD0BEE982E005764EA2A/core/PeripheralPins.c.o
                0x000000000800319c                PinMap_UART_TX
 .rodata.PinMap_TIM
                0x00000000080031f0      0x1ec /home/geo/.cache/arduino/sketches/AB9044C23AEDFD0BEE982E005764EA2A/core/PeripheralPins.c.o
                0x00000000080031f0                PinMap_TIM
 .rodata.analogInputPin
                0x00000000080033dc       0x40 /home/geo/.cache/arduino/sketches/AB9044C23AEDFD0BEE982E005764EA2A/core/variant_NUCLEO_F411RE.cpp.o
                0x00000000080033dc                analogInputPin
 .rodata.digitalPin
                0x000000000800341c       0xd0 /home/geo/.cache/arduino/sketches/AB9044C23AEDFD0BEE982E005764EA2A/core/variant_NUCLEO_F411RE.cpp.o
                0x000000000800341c                digitalPin
 .rodata.AHBPrescTable
                0x00000000080034ec       0x10 /home/geo/.cache/arduino/cores/STMicroelectronics_stm32_Nucleo_64_pnum_NUCLEO_F411RE_da12696a5b566edfbd7f518fa9b2680f/core.a(system_stm32yyxx.c.o)
                0x00000000080034ec                AHBPrescTable
 .rodata.pin_map_ll
                0x00000000080034fc       0x40 /home/geo/.cache/arduino/cores/STMicroelectronics_stm32_Nucleo_64_pnum_NUCLEO_F411RE_da12696a5b566edfbd7f518fa9b2680f/core.a(pinmap.c.o)
                0x00000000080034fc                pin_map_ll
 .rodata._ZTV14HardwareSerial
                0x000000000800353c       0x30 /home/geo/.cache/arduino/cores/STMicroelectronics_stm32_Nucleo_64_pnum_NUCLEO_F411RE_da12696a5b566edfbd7f518fa9b2680f/core.a(HardwareSerial.cpp.o)
                0x000000000800353c                vtable for HardwareSerial
                0x000000000800356c                . = ALIGN (0x4)

.ARM.extab      0x000000000800356c        0x0
                0x000000000800356c                . = ALIGN (0x4)
 *(.ARM.extab* .gnu.linkonce.armextab.*)
                0x000000000800356c                . = ALIGN (0x4)

.ARM            0x000000000800356c        0x8
                0x000000000800356c                . = ALIGN (0x4)
                0x000000000800356c                __exidx_start = .
 *(.ARM.exidx*)
 .ARM.exidx.text.__udivmoddi4
                0x000000000800356c        0x8 /home/geo/.arduino15/packages/STMicroelectronics/tools/xpack-arm-none-eabi-gcc/12.2.1-1.2/bin/../lib/gcc/arm-none-eabi/12.2.1/thumb/v7e-m+fp/hard/libgcc.a(_udivmoddi4.o)
                0x0000000008003574                __exidx_end = .
                0x0000000008003574                . = ALIGN (0x4)

.rel.dyn        0x0000000008003574        0x0
 .rel.iplt      0x0000000008003574        0x0 /home/geo/.arduino15/packages/STMicroelectronics/tools/xpack-arm-none-eabi-gcc/12.2.1-1.2/bin/../lib/gcc/arm-none-eabi/12.2.1/thumb/v7e-m+fp/hard/crtbegin.o

.preinit_array  0x0000000008003574        0x0
                0x0000000008003574                . = ALIGN (0x4)
                0x0000000008003574                PROVIDE (__preinit_array_start = .)
 *(.preinit_array*)
                0x0000000008003574                PROVIDE (__preinit_array_end = .)
                0x0000000008003574                . = ALIGN (0x4)

.init_array     0x0000000008003574        0xc
                0x0000000008003574                . = ALIGN (0x4)
                0x0000000008003574                PROVIDE (__init_array_start = .)
 *(SORT_BY_NAME(.init_array.*))
 .init_array.00101
                0x0000000008003574        0x4 /home/geo/.cache/arduino/cores/STMicroelectronics_stm32_Nucleo_64_pnum_NUCLEO_F411RE_da12696a5b566edfbd7f518fa9b2680f/core.a(main.cpp.o)
 *(.init_array*)
 .init_array    0x0000000008003578        0x4 /home/geo/.arduino15/packages/STMicroelectronics/tools/xpack-arm-none-eabi-gcc/12.2.1-1.2/bin/../lib/gcc/arm-none-eabi/12.2.1/thumb/v7e-m+fp/hard/crtbegin.o
 .init_array    0x000000000800357c        0x4 /home/geo/.cache/arduino/cores/STMicroelectronics_stm32_Nucleo_64_pnum_NUCLEO_F411RE_da12696a5b566edfbd7f518fa9b2680f/core.a(HardwareSerial.cpp.o)
                0x0000000008003580                PROVIDE (__init_array_end = .)
                0x0000000008003580                . = ALIGN (0x4)

.fini_array     0x0000000008003580        0x4
                0x0000000008003580                . = ALIGN (0x4)
                0x0000000008003580                PROVIDE (__fini_array_start = .)
 *(SORT_BY_NAME(.fini_array.*))
 *(.fini_array*)
 .fini_array    0x0000000008003580        0x4 /home/geo/.arduino15/packages/STMicroelectronics/tools/xpack-arm-none-eabi-gcc/12.2.1-1.2/bin/../lib/gcc/arm-none-eabi/12.2.1/thumb/v7e-m+fp/hard/crtbegin.o
                0x0000000008003584                PROVIDE (__fini_array_end = .)
                0x0000000008003584                . = ALIGN (0x4)
                0x0000000008003584                _sidata = LOADADDR (.data)

.data           0x0000000020000000       0x80 load address 0x0000000008003584
                0x0000000020000000                . = ALIGN (0x4)
                0x0000000020000000                _sdata = .
 *(.data)
 *(.data*)
 .data.SystemCoreClock
                0x0000000020000000        0x4 /home/geo/.cache/arduino/cores/STMicroelectronics_stm32_Nucleo_64_pnum_NUCLEO_F411RE_da12696a5b566edfbd7f518fa9b2680f/core.a(system_stm32yyxx.c.o)
                0x0000000020000000                SystemCoreClock
 .data.uwTickFreq
                0x0000000020000004        0x1 /home/geo/.cache/arduino/cores/STMicroelectronics_stm32_Nucleo_64_pnum_NUCLEO_F411RE_da12696a5b566edfbd7f518fa9b2680f/core.a(stm32yyxx_hal.c.o)
                0x0000000020000004                uwTickFreq
 *fill*         0x0000000020000005        0x3 
 .data.uwTickPrio
                0x0000000020000008        0x4 /home/geo/.cache/arduino/cores/STMicroelectronics_stm32_Nucleo_64_pnum_NUCLEO_F411RE_da12696a5b566edfbd7f518fa9b2680f/core.a(stm32yyxx_hal.c.o)
                0x0000000020000008                uwTickPrio
 .data.GPIOPort
                0x000000002000000c       0x18 /home/geo/.cache/arduino/cores/STMicroelectronics_stm32_Nucleo_64_pnum_NUCLEO_F411RE_da12696a5b566edfbd7f518fa9b2680f/core.a(PortNames.c.o)
                0x000000002000000c                GPIOPort
 .data.hcrc     0x0000000020000024        0x8 /home/geo/.cache/arduino/cores/STMicroelectronics_stm32_Nucleo_64_pnum_NUCLEO_F411RE_da12696a5b566edfbd7f518fa9b2680f/core.a(hw_config.c.o)
                0x0000000020000024                hcrc
 .data._impure_ptr
                0x000000002000002c        0x4 /home/geo/.arduino15/packages/STMicroelectronics/tools/xpack-arm-none-eabi-gcc/12.2.1-1.2/bin/../lib/gcc/arm-none-eabi/12.2.1/../../../../arm-none-eabi/lib/thumb/v7e-m+fp/hard/libc_nano.a(libc_a-impure.o)
                0x000000002000002c                _impure_ptr
 .data._impure_data
                0x0000000020000030       0x4c /home/geo/.arduino15/packages/STMicroelectronics/tools/xpack-arm-none-eabi-gcc/12.2.1-1.2/bin/../lib/gcc/arm-none-eabi/12.2.1/../../../../arm-none-eabi/lib/thumb/v7e-m+fp/hard/libc_nano.a(libc_a-impure.o)
                0x0000000020000030                _impure_data
 .data.heap_end.0
                0x000000002000007c        0x4 /home/geo/.cache/arduino/cores/STMicroelectronics_stm32_Nucleo_64_pnum_NUCLEO_F411RE_da12696a5b566edfbd7f518fa9b2680f/core.a(syscalls.c.o)
 *(.RamFunc)
 *(.RamFunc*)
                0x0000000020000080                . = ALIGN (0x4)
                0x0000000020000080                _edata = .

.igot.plt       0x0000000020000080        0x0 load address 0x0000000008003604
 .igot.plt      0x0000000020000080        0x0 /home/geo/.arduino15/packages/STMicroelectronics/tools/xpack-arm-none-eabi-gcc/12.2.1-1.2/bin/../lib/gcc/arm-none-eabi/12.2.1/thumb/v7e-m+fp/hard/crtbegin.o
                0x0000000020000080                . = ALIGN (0x4)

.bss            0x0000000020000080      0x780 load address 0x0000000008003604
                0x0000000020000080                _sbss = .
                0x0000000020000080                __bss_start__ = _sbss
 *(.bss)
 *(.bss*)
 .bss.completed.1
                0x0000000020000080        0x1 /home/geo/.arduino15/packages/STMicroelectronics/tools/xpack-arm-none-eabi-gcc/12.2.1-1.2/bin/../lib/gcc/arm-none-eabi/12.2.1/thumb/v7e-m+fp/hard/crtbegin.o
 *fill*         0x0000000020000081        0x3 
 .bss.object.0  0x0000000020000084       0x18 /home/geo/.arduino15/packages/STMicroelectronics/tools/xpack-arm-none-eabi-gcc/12.2.1-1.2/bin/../lib/gcc/arm-none-eabi/12.2.1/thumb/v7e-m+fp/hard/crtbegin.o
 .bss._Cnt      0x000000002000009c        0x4 /home/geo/.cache/arduino/sketches/AB9044C23AEDFD0BEE982E005764EA2A/sketch/MyFirstSketch.ino.cpp.o
                0x000000002000009c                _Cnt
 .bss._acDownBuffer
                0x00000000200000a0       0x10 /home/geo/.cache/arduino/sketches/AB9044C23AEDFD0BEE982E005764EA2A/libraries/SEGGER_RTT/SEGGER_RTT.c.o
 .bss._acUpBuffer
                0x00000000200000b0      0x400 /home/geo/.cache/arduino/sketches/AB9044C23AEDFD0BEE982E005764EA2A/libraries/SEGGER_RTT/SEGGER_RTT.c.o
 .bss._SEGGER_RTT
                0x00000000200004b0       0xa8 /home/geo/.cache/arduino/sketches/AB9044C23AEDFD0BEE982E005764EA2A/libraries/SEGGER_RTT/SEGGER_RTT.c.o
                0x00000000200004b0                _SEGGER_RTT
 .bss.uwTick    0x0000000020000558        0x4 /home/geo/.cache/arduino/cores/STMicroelectronics_stm32_Nucleo_64_pnum_NUCLEO_F411RE_da12696a5b566edfbd7f518fa9b2680f/core.a(stm32yyxx_hal.c.o)
                0x0000000020000558                uwTick
 .bss.g_anOutputPinConfigured
                0x000000002000055c       0x18 /home/geo/.cache/arduino/cores/STMicroelectronics_stm32_Nucleo_64_pnum_NUCLEO_F411RE_da12696a5b566edfbd7f518fa9b2680f/core.a(wiring_analog.c.o)
                0x000000002000055c                g_anOutputPinConfigured
 .bss.Serial2   0x0000000020000574      0x118 /home/geo/.cache/arduino/cores/STMicroelectronics_stm32_Nucleo_64_pnum_NUCLEO_F411RE_da12696a5b566edfbd7f518fa9b2680f/core.a(HardwareSerial.cpp.o)
                0x0000000020000574                Serial2
 .bss.HardwareTimer_Handle
                0x000000002000068c       0x20 /home/geo/.cache/arduino/cores/STMicroelectronics_stm32_Nucleo_64_pnum_NUCLEO_F411RE_da12696a5b566edfbd7f518fa9b2680f/core.a(HardwareTimer.cpp.o)
                0x000000002000068c                HardwareTimer_Handle
 .bss.uart_handlers
                0x00000000200006ac        0xc /home/geo/.cache/arduino/cores/STMicroelectronics_stm32_Nucleo_64_pnum_NUCLEO_F411RE_da12696a5b566edfbd7f518fa9b2680f/core.a(uart.c.o)
 .bss.__malloc_sbrk_start
                0x00000000200006b8        0x4 /home/geo/.arduino15/packages/STMicroelectronics/tools/xpack-arm-none-eabi-gcc/12.2.1-1.2/bin/../lib/gcc/arm-none-eabi/12.2.1/../../../../arm-none-eabi/lib/thumb/v7e-m+fp/hard/libc_nano.a(libc_a-mallocr.o)
                0x00000000200006b8                __malloc_sbrk_start
 .bss.__malloc_free_list
                0x00000000200006bc        0x4 /home/geo/.arduino15/packages/STMicroelectronics/tools/xpack-arm-none-eabi-gcc/12.2.1-1.2/bin/../lib/gcc/arm-none-eabi/12.2.1/../../../../arm-none-eabi/lib/thumb/v7e-m+fp/hard/libc_nano.a(libc_a-mallocr.o)
                0x00000000200006bc                __malloc_free_list
 .bss.__sf      0x00000000200006c0      0x138 /home/geo/.arduino15/packages/STMicroelectronics/tools/xpack-arm-none-eabi-gcc/12.2.1-1.2/bin/../lib/gcc/arm-none-eabi/12.2.1/../../../../arm-none-eabi/lib/thumb/v7e-m+fp/hard/libc_nano.a(libc_a-findfp.o)
                0x00000000200006c0                __sf
 .bss.errno     0x00000000200007f8        0x4 /home/geo/.arduino15/packages/STMicroelectronics/tools/xpack-arm-none-eabi-gcc/12.2.1-1.2/bin/../lib/gcc/arm-none-eabi/12.2.1/../../../../arm-none-eabi/lib/thumb/v7e-m+fp/hard/libc_nano.a(libc_a-reent.o)
                0x00000000200007f8                errno
 .bss.__lock___malloc_recursive_mutex
                0x00000000200007fc        0x1 /home/geo/.arduino15/packages/STMicroelectronics/tools/xpack-arm-none-eabi-gcc/12.2.1-1.2/bin/../lib/gcc/arm-none-eabi/12.2.1/../../../../arm-none-eabi/lib/thumb/v7e-m+fp/hard/libc_nano.a(libc_a-lock.o)
                0x00000000200007fc                __lock___malloc_recursive_mutex
 *(COMMON)
                0x0000000020000800                . = ALIGN (0x4)
 *fill*         0x00000000200007fd        0x3 
                0x0000000020000800                _ebss = .
                0x0000000020000800                __bss_end__ = _ebss
LOAD /home/geo/.arduino15/packages/STMicroelectronics/tools/xpack-arm-none-eabi-gcc/12.2.1-1.2/bin/../lib/gcc/arm-none-eabi/12.2.1/thumb/v7e-m+fp/hard/crti.o
LOAD /home/geo/.arduino15/packages/STMicroelectronics/tools/xpack-arm-none-eabi-gcc/12.2.1-1.2/bin/../lib/gcc/arm-none-eabi/12.2.1/thumb/v7e-m+fp/hard/crtbegin.o
LOAD /home/geo/.arduino15/packages/STMicroelectronics/tools/xpack-arm-none-eabi-gcc/12.2.1-1.2/bin/../lib/gcc/arm-none-eabi/12.2.1/../../../../arm-none-eabi/lib/thumb/v7e-m+fp/hard/crt0.o
                0x0000000000000000                LD_FLASH_OFFSET = 0x0
                0x0000000000080000                LD_MAX_SIZE = 0x80000
                0x0000000000020000                LD_MAX_DATA_SIZE = 0x20000

.noinit         0x0000000020000800        0x0
                0x0000000020000800                . = ALIGN (0x4)
                0x0000000020000800                _snoinit = .
 *(.noinit)
 *(.noinit*)
                0x0000000020000800                . = ALIGN (0x4)
                0x0000000020000800                _enoinit = .

._user_heap_stack
                0x0000000020000800      0x600
                0x0000000020000800                . = ALIGN (0x8)
                [!provide]                        PROVIDE (end = .)
                0x0000000020000800                PROVIDE (_end = .)
                0x0000000020000a00                . = (. + _Min_Heap_Size)
 *fill*         0x0000000020000800      0x200 
                0x0000000020000e00                . = (. + _Min_Stack_Size)
 *fill*         0x0000000020000a00      0x400 
                0x0000000020000e00                . = ALIGN (0x8)

/DISCARD/
 libc.a(*)
 libm.a(*)
 libgcc.a(*)

.ARM.attributes
                0x0000000000000000       0x30
 *(.ARM.attributes)
 .ARM.attributes
                0x0000000000000000       0x22 /home/geo/.arduino15/packages/STMicroelectronics/tools/xpack-arm-none-eabi-gcc/12.2.1-1.2/bin/../lib/gcc/arm-none-eabi/12.2.1/thumb/v7e-m+fp/hard/crti.o
 .ARM.attributes
                0x0000000000000022       0x34 /home/geo/.arduino15/packages/STMicroelectronics/tools/xpack-arm-none-eabi-gcc/12.2.1-1.2/bin/../lib/gcc/arm-none-eabi/12.2.1/thumb/v7e-m+fp/hard/crtbegin.o
 .ARM.attributes
                0x0000000000000056       0x34 /home/geo/.cache/arduino/sketches/AB9044C23AEDFD0BEE982E005764EA2A/sketch/MyFirstSketch.ino.cpp.o
 .ARM.attributes
                0x000000000000008a       0x34 /home/geo/.cache/arduino/sketches/AB9044C23AEDFD0BEE982E005764EA2A/libraries/SEGGER_RTT/SEGGER_RTT.c.o
 .ARM.attributes
                0x00000000000000be       0x34 /home/geo/.cache/arduino/sketches/AB9044C23AEDFD0BEE982E005764EA2A/libraries/SEGGER_RTT/SEGGER_RTT_printf.c.o
 .ARM.attributes
                0x00000000000000f2       0x34 /home/geo/.cache/arduino/sketches/AB9044C23AEDFD0BEE982E005764EA2A/core/PeripheralPins.c.o
 .ARM.attributes
                0x0000000000000126       0x34 /home/geo/.cache/arduino/sketches/AB9044C23AEDFD0BEE982E005764EA2A/core/variant_NUCLEO_F411RE.cpp.o
 .ARM.attributes
                0x000000000000015a       0x34 /home/geo/.cache/arduino/cores/STMicroelectronics_stm32_Nucleo_64_pnum_NUCLEO_F411RE_da12696a5b566edfbd7f518fa9b2680f/core.a(main.cpp.o)
 .ARM.attributes
                0x000000000000018e       0x34 /home/geo/.cache/arduino/cores/STMicroelectronics_stm32_Nucleo_64_pnum_NUCLEO_F411RE_da12696a5b566edfbd7f518fa9b2680f/core.a(stm32yyxx_hal_cortex.c.o)
 .ARM.attributes
                0x00000000000001c2       0x34 /home/geo/.cache/arduino/cores/STMicroelectronics_stm32_Nucleo_64_pnum_NUCLEO_F411RE_da12696a5b566edfbd7f518fa9b2680f/core.a(stm32yyxx_hal_rcc.c.o)
 .ARM.attributes
                0x00000000000001f6       0x34 /home/geo/.cache/arduino/cores/STMicroelectronics_stm32_Nucleo_64_pnum_NUCLEO_F411RE_da12696a5b566edfbd7f518fa9b2680f/core.a(clock.c.o)
 .ARM.attributes
                0x000000000000022a       0x21 /home/geo/.cache/arduino/cores/STMicroelectronics_stm32_Nucleo_64_pnum_NUCLEO_F411RE_da12696a5b566edfbd7f518fa9b2680f/core.a(startup_stm32yyxx.S.o)
 .ARM.attributes
                0x000000000000024b       0x34 /home/geo/.cache/arduino/cores/STMicroelectronics_stm32_Nucleo_64_pnum_NUCLEO_F411RE_da12696a5b566edfbd7f518fa9b2680f/core.a(system_stm32yyxx.c.o)
 .ARM.attributes
                0x000000000000027f       0x34 /home/geo/.cache/arduino/cores/STMicroelectronics_stm32_Nucleo_64_pnum_NUCLEO_F411RE_da12696a5b566edfbd7f518fa9b2680f/core.a(wiring_digital.c.o)
 .ARM.attributes
                0x00000000000002b3       0x34 /home/geo/.cache/arduino/cores/STMicroelectronics_stm32_Nucleo_64_pnum_NUCLEO_F411RE_da12696a5b566edfbd7f518fa9b2680f/core.a(wiring_time.c.o)
 .ARM.attributes
                0x00000000000002e7       0x34 /home/geo/.cache/arduino/cores/STMicroelectronics_stm32_Nucleo_64_pnum_NUCLEO_F411RE_da12696a5b566edfbd7f518fa9b2680f/core.a(WSerial.cpp.o)
 .ARM.attributes
                0x000000000000031b       0x34 /home/geo/.cache/arduino/cores/STMicroelectronics_stm32_Nucleo_64_pnum_NUCLEO_F411RE_da12696a5b566edfbd7f518fa9b2680f/core.a(board.c.o)
 .ARM.attributes
                0x000000000000034f       0x34 /home/geo/.cache/arduino/cores/STMicroelectronics_stm32_Nucleo_64_pnum_NUCLEO_F411RE_da12696a5b566edfbd7f518fa9b2680f/core.a(hooks.c.o)
 .ARM.attributes
                0x0000000000000383       0x34 /home/geo/.cache/arduino/cores/STMicroelectronics_stm32_Nucleo_64_pnum_NUCLEO_F411RE_da12696a5b566edfbd7f518fa9b2680f/core.a(stm32yyxx_hal.c.o)
 .ARM.attributes
                0x00000000000003b7       0x34 /home/geo/.cache/arduino/cores/STMicroelectronics_stm32_Nucleo_64_pnum_NUCLEO_F411RE_da12696a5b566edfbd7f518fa9b2680f/core.a(PortNames.c.o)
 .ARM.attributes
                0x00000000000003eb       0x34 /home/geo/.cache/arduino/cores/STMicroelectronics_stm32_Nucleo_64_pnum_NUCLEO_F411RE_da12696a5b566edfbd7f518fa9b2680f/core.a(analog.cpp.o)
 .ARM.attributes
                0x000000000000041f       0x34 /home/geo/.cache/arduino/cores/STMicroelectronics_stm32_Nucleo_64_pnum_NUCLEO_F411RE_da12696a5b566edfbd7f518fa9b2680f/core.a(hw_config.c.o)
 .ARM.attributes
                0x0000000000000453       0x34 /home/geo/.cache/arduino/cores/STMicroelectronics_stm32_Nucleo_64_pnum_NUCLEO_F411RE_da12696a5b566edfbd7f518fa9b2680f/core.a(pinmap.c.o)
 .ARM.attributes
                0x0000000000000487       0x34 /home/geo/.cache/arduino/cores/STMicroelectronics_stm32_Nucleo_64_pnum_NUCLEO_F411RE_da12696a5b566edfbd7f518fa9b2680f/core.a(wiring_analog.c.o)
 .ARM.attributes
                0x00000000000004bb       0x34 /home/geo/.cache/arduino/cores/STMicroelectronics_stm32_Nucleo_64_pnum_NUCLEO_F411RE_da12696a5b566edfbd7f518fa9b2680f/core.a(HardwareSerial.cpp.o)
 .ARM.attributes
                0x00000000000004ef       0x34 /home/geo/.cache/arduino/cores/STMicroelectronics_stm32_Nucleo_64_pnum_NUCLEO_F411RE_da12696a5b566edfbd7f518fa9b2680f/core.a(HardwareTimer.cpp.o)
 .ARM.attributes
                0x0000000000000523       0x34 /home/geo/.cache/arduino/cores/STMicroelectronics_stm32_Nucleo_64_pnum_NUCLEO_F411RE_da12696a5b566edfbd7f518fa9b2680f/core.a(Stream.cpp.o)
 .ARM.attributes
                0x0000000000000557       0x34 /home/geo/.cache/arduino/cores/STMicroelectronics_stm32_Nucleo_64_pnum_NUCLEO_F411RE_da12696a5b566edfbd7f518fa9b2680f/core.a(new.cpp.o)
 .ARM.attributes
                0x000000000000058b       0x34 /home/geo/.cache/arduino/cores/STMicroelectronics_stm32_Nucleo_64_pnum_NUCLEO_F411RE_da12696a5b566edfbd7f518fa9b2680f/core.a(stm32yyxx_hal_crc.c.o)
 .ARM.attributes
                0x00000000000005bf       0x34 /home/geo/.cache/arduino/cores/STMicroelectronics_stm32_Nucleo_64_pnum_NUCLEO_F411RE_da12696a5b566edfbd7f518fa9b2680f/core.a(stm32yyxx_hal_dma.c.o)
 .ARM.attributes
                0x00000000000005f3       0x34 /home/geo/.cache/arduino/cores/STMicroelectronics_stm32_Nucleo_64_pnum_NUCLEO_F411RE_da12696a5b566edfbd7f518fa9b2680f/core.a(stm32yyxx_hal_tim.c.o)
 .ARM.attributes
                0x0000000000000627       0x34 /home/geo/.cache/arduino/cores/STMicroelectronics_stm32_Nucleo_64_pnum_NUCLEO_F411RE_da12696a5b566edfbd7f518fa9b2680f/core.a(stm32yyxx_hal_tim_ex.c.o)
 .ARM.attributes
                0x000000000000065b       0x34 /home/geo/.cache/arduino/cores/STMicroelectronics_stm32_Nucleo_64_pnum_NUCLEO_F411RE_da12696a5b566edfbd7f518fa9b2680f/core.a(dwt.c.o)
 .ARM.attributes
                0x000000000000068f       0x34 /home/geo/.cache/arduino/cores/STMicroelectronics_stm32_Nucleo_64_pnum_NUCLEO_F411RE_da12696a5b566edfbd7f518fa9b2680f/core.a(timer.c.o)
 .ARM.attributes
                0x00000000000006c3       0x34 /home/geo/.cache/arduino/cores/STMicroelectronics_stm32_Nucleo_64_pnum_NUCLEO_F411RE_da12696a5b566edfbd7f518fa9b2680f/core.a(uart.c.o)
 .ARM.attributes
                0x00000000000006f7       0x34 /home/geo/.cache/arduino/cores/STMicroelectronics_stm32_Nucleo_64_pnum_NUCLEO_F411RE_da12696a5b566edfbd7f518fa9b2680f/core.a(stm32yyxx_hal_uart.c.o)
 .ARM.attributes
                0x000000000000072b       0x34 /home/geo/.arduino15/packages/STMicroelectronics/tools/xpack-arm-none-eabi-gcc/12.2.1-1.2/bin/../lib/gcc/arm-none-eabi/12.2.1/../../../../arm-none-eabi/lib/thumb/v7e-m+fp/hard/libc_nano.a(libc_a-malloc.o)
 .ARM.attributes
                0x000000000000075f       0x34 /home/geo/.arduino15/packages/STMicroelectronics/tools/xpack-arm-none-eabi-gcc/12.2.1-1.2/bin/../lib/gcc/arm-none-eabi/12.2.1/../../../../arm-none-eabi/lib/thumb/v7e-m+fp/hard/libc_nano.a(libc_a-mallocr.o)
 .ARM.attributes
                0x0000000000000793       0x34 /home/geo/.arduino15/packages/STMicroelectronics/tools/xpack-arm-none-eabi-gcc/12.2.1-1.2/bin/../lib/gcc/arm-none-eabi/12.2.1/../../../../arm-none-eabi/lib/thumb/v7e-m+fp/hard/libc_nano.a(libc_a-mlock.o)
 .ARM.attributes
                0x00000000000007c7       0x34 /home/geo/.arduino15/packages/STMicroelectronics/tools/xpack-arm-none-eabi-gcc/12.2.1-1.2/bin/../lib/gcc/arm-none-eabi/12.2.1/../../../../arm-none-eabi/lib/thumb/v7e-m+fp/hard/libc_nano.a(libc_a-findfp.o)
 .ARM.attributes
                0x00000000000007fb       0x34 /home/geo/.arduino15/packages/STMicroelectronics/tools/xpack-arm-none-eabi-gcc/12.2.1-1.2/bin/../lib/gcc/arm-none-eabi/12.2.1/../../../../arm-none-eabi/lib/thumb/v7e-m+fp/hard/libc_nano.a(libc_a-memset.o)
 .ARM.attributes
                0x000000000000082f       0x34 /home/geo/.arduino15/packages/STMicroelectronics/tools/xpack-arm-none-eabi-gcc/12.2.1-1.2/bin/../lib/gcc/arm-none-eabi/12.2.1/../../../../arm-none-eabi/lib/thumb/v7e-m+fp/hard/libc_nano.a(libc_a-reent.o)
 .ARM.attributes
                0x0000000000000863       0x34 /home/geo/.arduino15/packages/STMicroelectronics/tools/xpack-arm-none-eabi-gcc/12.2.1-1.2/bin/../lib/gcc/arm-none-eabi/12.2.1/../../../../arm-none-eabi/lib/thumb/v7e-m+fp/hard/libc_nano.a(libc_a-impure.o)
 .ARM.attributes
                0x0000000000000897       0x34 /home/geo/.arduino15/packages/STMicroelectronics/tools/xpack-arm-none-eabi-gcc/12.2.1-1.2/bin/../lib/gcc/arm-none-eabi/12.2.1/../../../../arm-none-eabi/lib/thumb/v7e-m+fp/hard/libc_nano.a(libc_a-sbrkr.o)
 .ARM.attributes
                0x00000000000008cb       0x34 /home/geo/.arduino15/packages/STMicroelectronics/tools/xpack-arm-none-eabi-gcc/12.2.1-1.2/bin/../lib/gcc/arm-none-eabi/12.2.1/../../../../arm-none-eabi/lib/thumb/v7e-m+fp/hard/libc_nano.a(libc_a-init.o)
 .ARM.attributes
                0x00000000000008ff       0x34 /home/geo/.arduino15/packages/STMicroelectronics/tools/xpack-arm-none-eabi-gcc/12.2.1-1.2/bin/../lib/gcc/arm-none-eabi/12.2.1/../../../../arm-none-eabi/lib/thumb/v7e-m+fp/hard/libc_nano.a(libc_a-lock.o)
 .ARM.attributes
                0x0000000000000933       0x34 /home/geo/.arduino15/packages/STMicroelectronics/tools/xpack-arm-none-eabi-gcc/12.2.1-1.2/bin/../lib/gcc/arm-none-eabi/12.2.1/../../../../arm-none-eabi/lib/thumb/v7e-m+fp/hard/libc_nano.a(libc_a-memcpy-stub.o)
 .ARM.attributes
                0x0000000000000967       0x17 /home/geo/.arduino15/packages/STMicroelectronics/tools/xpack-arm-none-eabi-gcc/12.2.1-1.2/bin/../lib/gcc/arm-none-eabi/12.2.1/../../../../arm-none-eabi/lib/thumb/v7e-m+fp/hard/libc_nano.a(libc_a-strlen.o)
 .ARM.attributes
                0x000000000000097e       0x34 /home/geo/.arduino15/packages/STMicroelectronics/tools/xpack-arm-none-eabi-gcc/12.2.1-1.2/bin/../lib/gcc/arm-none-eabi/12.2.1/../../../../arm-none-eabi/lib/thumb/v7e-m+fp/hard/libc_nano.a(libc_a-freer.o)
 .ARM.attributes
                0x00000000000009b2       0x34 /home/geo/.arduino15/packages/STMicroelectronics/tools/xpack-arm-none-eabi-gcc/12.2.1-1.2/bin/../lib/gcc/arm-none-eabi/12.2.1/../../../../arm-none-eabi/lib/thumb/v7e-m+fp/hard/libc_nano.a(libc_a-abort.o)
 .ARM.attributes
                0x00000000000009e6       0x34 /home/geo/.arduino15/packages/STMicroelectronics/tools/xpack-arm-none-eabi-gcc/12.2.1-1.2/bin/../lib/gcc/arm-none-eabi/12.2.1/../../../../arm-none-eabi/lib/thumb/v7e-m+fp/hard/libc_nano.a(libc_a-signal.o)
 .ARM.attributes
                0x0000000000000a1a       0x34 /home/geo/.arduino15/packages/STMicroelectronics/tools/xpack-arm-none-eabi-gcc/12.2.1-1.2/bin/../lib/gcc/arm-none-eabi/12.2.1/../../../../arm-none-eabi/lib/thumb/v7e-m+fp/hard/libc_nano.a(libc_a-signalr.o)
 .ARM.attributes
                0x0000000000000a4e       0x34 /home/geo/.cache/arduino/cores/STMicroelectronics_stm32_Nucleo_64_pnum_NUCLEO_F411RE_da12696a5b566edfbd7f518fa9b2680f/core.a(syscalls.c.o)
 .ARM.attributes
                0x0000000000000a82       0x22 /home/geo/.arduino15/packages/STMicroelectronics/tools/xpack-arm-none-eabi-gcc/12.2.1-1.2/bin/../lib/gcc/arm-none-eabi/12.2.1/thumb/v7e-m+fp/hard/libgcc.a(_aeabi_uldivmod.o)
 .ARM.attributes
                0x0000000000000aa4       0x34 /home/geo/.arduino15/packages/STMicroelectronics/tools/xpack-arm-none-eabi-gcc/12.2.1-1.2/bin/../lib/gcc/arm-none-eabi/12.2.1/thumb/v7e-m+fp/hard/libgcc.a(_udivmoddi4.o)
 .ARM.attributes
                0x0000000000000ad8       0x22 /home/geo/.arduino15/packages/STMicroelectronics/tools/xpack-arm-none-eabi-gcc/12.2.1-1.2/bin/../lib/gcc/arm-none-eabi/12.2.1/thumb/v7e-m+fp/hard/libgcc.a(_dvmd_tls.o)
 .ARM.attributes
                0x0000000000000afa       0x34 /home/geo/.arduino15/packages/STMicroelectronics/tools/xpack-arm-none-eabi-gcc/12.2.1-1.2/bin/../lib/gcc/arm-none-eabi/12.2.1/../../../../arm-none-eabi/lib/thumb/v7e-m+fp/hard/libstdc++_nano.a(functional.o)
 .ARM.attributes
                0x0000000000000b2e       0x22 /home/geo/.arduino15/packages/STMicroelectronics/tools/xpack-arm-none-eabi-gcc/12.2.1-1.2/bin/../lib/gcc/arm-none-eabi/12.2.1/thumb/v7e-m+fp/hard/crtn.o
OUTPUT(/home/geo/.cache/arduino/sketches/AB9044C23AEDFD0BEE982E005764EA2A/MyFirstSketch.ino.elf elf32-littlearm)
LOAD linker stubs
LOAD /home/geo/.arduino15/packages/STMicroelectronics/tools/xpack-arm-none-eabi-gcc/12.2.1-1.2/bin/../lib/gcc/arm-none-eabi/12.2.1/../../../../arm-none-eabi/lib/thumb/v7e-m+fp/hard/libc.a
LOAD /home/geo/.arduino15/packages/STMicroelectronics/tools/xpack-arm-none-eabi-gcc/12.2.1-1.2/bin/../lib/gcc/arm-none-eabi/12.2.1/../../../../arm-none-eabi/lib/thumb/v7e-m+fp/hard/libm.a
LOAD /home/geo/.arduino15/packages/STMicroelectronics/tools/xpack-arm-none-eabi-gcc/12.2.1-1.2/bin/../lib/gcc/arm-none-eabi/12.2.1/thumb/v7e-m+fp/hard/libgcc.a

.comment        0x0000000000000000       0x39
 .comment       0x0000000000000000       0x39 /home/geo/.arduino15/packages/STMicroelectronics/tools/xpack-arm-none-eabi-gcc/12.2.1-1.2/bin/../lib/gcc/arm-none-eabi/12.2.1/thumb/v7e-m+fp/hard/crtbegin.o
                                         0x3a (size before relaxing)
 .comment       0x0000000000000039       0x3a /home/geo/.cache/arduino/sketches/AB9044C23AEDFD0BEE982E005764EA2A/sketch/MyFirstSketch.ino.cpp.o
 .comment       0x0000000000000039       0x3a /home/geo/.cache/arduino/sketches/AB9044C23AEDFD0BEE982E005764EA2A/libraries/SEGGER_RTT/SEGGER_RTT.c.o
 .comment       0x0000000000000039       0x3a /home/geo/.cache/arduino/sketches/AB9044C23AEDFD0BEE982E005764EA2A/libraries/SEGGER_RTT/SEGGER_RTT_printf.c.o
 .comment       0x0000000000000039       0x3a /home/geo/.cache/arduino/sketches/AB9044C23AEDFD0BEE982E005764EA2A/core/PeripheralPins.c.o
 .comment       0x0000000000000039       0x3a /home/geo/.cache/arduino/sketches/AB9044C23AEDFD0BEE982E005764EA2A/core/variant_NUCLEO_F411RE.cpp.o
 .comment       0x0000000000000039       0x3a /home/geo/.cache/arduino/cores/STMicroelectronics_stm32_Nucleo_64_pnum_NUCLEO_F411RE_da12696a5b566edfbd7f518fa9b2680f/core.a(main.cpp.o)
 .comment       0x0000000000000039       0x3a /home/geo/.cache/arduino/cores/STMicroelectronics_stm32_Nucleo_64_pnum_NUCLEO_F411RE_da12696a5b566edfbd7f518fa9b2680f/core.a(stm32yyxx_hal_cortex.c.o)
 .comment       0x0000000000000039       0x3a /home/geo/.cache/arduino/cores/STMicroelectronics_stm32_Nucleo_64_pnum_NUCLEO_F411RE_da12696a5b566edfbd7f518fa9b2680f/core.a(stm32yyxx_hal_rcc.c.o)
 .comment       0x0000000000000039       0x3a /home/geo/.cache/arduino/cores/STMicroelectronics_stm32_Nucleo_64_pnum_NUCLEO_F411RE_da12696a5b566edfbd7f518fa9b2680f/core.a(clock.c.o)
 .comment       0x0000000000000039       0x3a /home/geo/.cache/arduino/cores/STMicroelectronics_stm32_Nucleo_64_pnum_NUCLEO_F411RE_da12696a5b566edfbd7f518fa9b2680f/core.a(system_stm32yyxx.c.o)
 .comment       0x0000000000000039       0x3a /home/geo/.cache/arduino/cores/STMicroelectronics_stm32_Nucleo_64_pnum_NUCLEO_F411RE_da12696a5b566edfbd7f518fa9b2680f/core.a(wiring_digital.c.o)
 .comment       0x0000000000000039       0x3a /home/geo/.cache/arduino/cores/STMicroelectronics_stm32_Nucleo_64_pnum_NUCLEO_F411RE_da12696a5b566edfbd7f518fa9b2680f/core.a(wiring_time.c.o)
 .comment       0x0000000000000039       0x3a /home/geo/.cache/arduino/cores/STMicroelectronics_stm32_Nucleo_64_pnum_NUCLEO_F411RE_da12696a5b566edfbd7f518fa9b2680f/core.a(WSerial.cpp.o)
 .comment       0x0000000000000039       0x3a /home/geo/.cache/arduino/cores/STMicroelectronics_stm32_Nucleo_64_pnum_NUCLEO_F411RE_da12696a5b566edfbd7f518fa9b2680f/core.a(board.c.o)
 .comment       0x0000000000000039       0x3a /home/geo/.cache/arduino/cores/STMicroelectronics_stm32_Nucleo_64_pnum_NUCLEO_F411RE_da12696a5b566edfbd7f518fa9b2680f/core.a(hooks.c.o)
 .comment       0x0000000000000039       0x3a /home/geo/.cache/arduino/cores/STMicroelectronics_stm32_Nucleo_64_pnum_NUCLEO_F411RE_da12696a5b566edfbd7f518fa9b2680f/core.a(stm32yyxx_hal.c.o)
 .comment       0x0000000000000039       0x3a /home/geo/.cache/arduino/cores/STMicroelectronics_stm32_Nucleo_64_pnum_NUCLEO_F411RE_da12696a5b566edfbd7f518fa9b2680f/core.a(PortNames.c.o)
 .comment       0x0000000000000039       0x3a /home/geo/.cache/arduino/cores/STMicroelectronics_stm32_Nucleo_64_pnum_NUCLEO_F411RE_da12696a5b566edfbd7f518fa9b2680f/core.a(analog.cpp.o)
 .comment       0x0000000000000039       0x3a /home/geo/.cache/arduino/cores/STMicroelectronics_stm32_Nucleo_64_pnum_NUCLEO_F411RE_da12696a5b566edfbd7f518fa9b2680f/core.a(hw_config.c.o)
 .comment       0x0000000000000039       0x3a /home/geo/.cache/arduino/cores/STMicroelectronics_stm32_Nucleo_64_pnum_NUCLEO_F411RE_da12696a5b566edfbd7f518fa9b2680f/core.a(pinmap.c.o)
 .comment       0x0000000000000039       0x3a /home/geo/.cache/arduino/cores/STMicroelectronics_stm32_Nucleo_64_pnum_NUCLEO_F411RE_da12696a5b566edfbd7f518fa9b2680f/core.a(wiring_analog.c.o)
 .comment       0x0000000000000039       0x3a /home/geo/.cache/arduino/cores/STMicroelectronics_stm32_Nucleo_64_pnum_NUCLEO_F411RE_da12696a5b566edfbd7f518fa9b2680f/core.a(HardwareSerial.cpp.o)
 .comment       0x0000000000000039       0x3a /home/geo/.cache/arduino/cores/STMicroelectronics_stm32_Nucleo_64_pnum_NUCLEO_F411RE_da12696a5b566edfbd7f518fa9b2680f/core.a(HardwareTimer.cpp.o)
 .comment       0x0000000000000039       0x3a /home/geo/.cache/arduino/cores/STMicroelectronics_stm32_Nucleo_64_pnum_NUCLEO_F411RE_da12696a5b566edfbd7f518fa9b2680f/core.a(Stream.cpp.o)
 .comment       0x0000000000000039       0x3a /home/geo/.cache/arduino/cores/STMicroelectronics_stm32_Nucleo_64_pnum_NUCLEO_F411RE_da12696a5b566edfbd7f518fa9b2680f/core.a(new.cpp.o)
 .comment       0x0000000000000039       0x3a /home/geo/.cache/arduino/cores/STMicroelectronics_stm32_Nucleo_64_pnum_NUCLEO_F411RE_da12696a5b566edfbd7f518fa9b2680f/core.a(stm32yyxx_hal_crc.c.o)
 .comment       0x0000000000000039       0x3a /home/geo/.cache/arduino/cores/STMicroelectronics_stm32_Nucleo_64_pnum_NUCLEO_F411RE_da12696a5b566edfbd7f518fa9b2680f/core.a(stm32yyxx_hal_dma.c.o)
 .comment       0x0000000000000039       0x3a /home/geo/.cache/arduino/cores/STMicroelectronics_stm32_Nucleo_64_pnum_NUCLEO_F411RE_da12696a5b566edfbd7f518fa9b2680f/core.a(stm32yyxx_hal_tim.c.o)
 .comment       0x0000000000000039       0x3a /home/geo/.cache/arduino/cores/STMicroelectronics_stm32_Nucleo_64_pnum_NUCLEO_F411RE_da12696a5b566edfbd7f518fa9b2680f/core.a(stm32yyxx_hal_tim_ex.c.o)
 .comment       0x0000000000000039       0x3a /home/geo/.cache/arduino/cores/STMicroelectronics_stm32_Nucleo_64_pnum_NUCLEO_F411RE_da12696a5b566edfbd7f518fa9b2680f/core.a(dwt.c.o)
 .comment       0x0000000000000039       0x3a /home/geo/.cache/arduino/cores/STMicroelectronics_stm32_Nucleo_64_pnum_NUCLEO_F411RE_da12696a5b566edfbd7f518fa9b2680f/core.a(timer.c.o)
 .comment       0x0000000000000039       0x3a /home/geo/.cache/arduino/cores/STMicroelectronics_stm32_Nucleo_64_pnum_NUCLEO_F411RE_da12696a5b566edfbd7f518fa9b2680f/core.a(uart.c.o)
 .comment       0x0000000000000039       0x3a /home/geo/.cache/arduino/cores/STMicroelectronics_stm32_Nucleo_64_pnum_NUCLEO_F411RE_da12696a5b566edfbd7f518fa9b2680f/core.a(stm32yyxx_hal_uart.c.o)
 .comment       0x0000000000000039       0x3a /home/geo/.arduino15/packages/STMicroelectronics/tools/xpack-arm-none-eabi-gcc/12.2.1-1.2/bin/../lib/gcc/arm-none-eabi/12.2.1/../../../../arm-none-eabi/lib/thumb/v7e-m+fp/hard/libc_nano.a(libc_a-malloc.o)
 .comment       0x0000000000000039       0x3a /home/geo/.arduino15/packages/STMicroelectronics/tools/xpack-arm-none-eabi-gcc/12.2.1-1.2/bin/../lib/gcc/arm-none-eabi/12.2.1/../../../../arm-none-eabi/lib/thumb/v7e-m+fp/hard/libc_nano.a(libc_a-mallocr.o)
 .comment       0x0000000000000039       0x3a /home/geo/.arduino15/packages/STMicroelectronics/tools/xpack-arm-none-eabi-gcc/12.2.1-1.2/bin/../lib/gcc/arm-none-eabi/12.2.1/../../../../arm-none-eabi/lib/thumb/v7e-m+fp/hard/libc_nano.a(libc_a-mlock.o)
 .comment       0x0000000000000039       0x3a /home/geo/.arduino15/packages/STMicroelectronics/tools/xpack-arm-none-eabi-gcc/12.2.1-1.2/bin/../lib/gcc/arm-none-eabi/12.2.1/../../../../arm-none-eabi/lib/thumb/v7e-m+fp/hard/libc_nano.a(libc_a-findfp.o)